I/PackageManager(  235): /system/app/DownloadProviderUi.apk changed; collecting certs
D/installd(  128): DexInv: --- BEGIN '/system/app/DownloadProviderUi.apk' ---
D/dalvikvm(  307): creating instr width table
D/dalvikvm(  307): DexOpt: load 11ms, verify+opt 52ms
D/installd(  128): DexInv: --- END '/system/app/DownloadProviderUi.apk' (success) ---
D/szipinf (  235): Initializing inflate state
I/PackageManager(  235): /system/app/DownloadProvider.apk changed; collecting certs
D/installd(  128): DexInv: --- BEGIN '/system/app/DownloadProvider.apk' ---
D/dalvikvm(  308): creating instr width table
D/dalvikvm(  308): DexOpt: load 49ms, verify+opt 255ms
D/installd(  128): DexInv: --- END '/system/app/DownloadProvider.apk' (success) ---
I/PackageManager(  235): /system/app/Development.apk changed; collecting certs
D/installd(  128): DexInv: --- BEGIN '/system/app/Development.apk' ---
D/dalvikvm(  309): creating instr width table
D/dalvikvm(  235): GC_CONCURRENT freed 541K, 53% free 3584K/7623K, external 0K/0K, paused 2ms+22ms
D/dalvikvm(  309): DexOpt: load 23ms, verify+opt 127ms
D/installd(  128): DexInv: --- END '/system/app/Development.apk' (success) ---
D/szipinf (  235): Initializing inflate state
I/PackageManager(  235): /system/app/DeskClock.apk changed; collecting certs
D/installd(  128): DexInv: --- BEGIN '/system/app/DeskClock.apk' ---
D/dalvikvm(  310): creating instr width table
D/dalvikvm(  310): DexOpt: load 17ms, verify+opt 94ms
D/installd(  128): DexInv: --- END '/system/app/DeskClock.apk' (success) ---
I/PackageManager(  235): /system/app/DefaultContainerService.apk changed; collecting certs
D/installd(  128): DexInv: --- BEGIN '/system/app/DefaultContainerService.apk' ---
D/dalvikvm(  311): creating instr width table
D/dalvikvm(  235): GC_CONCURRENT freed 388K, 53% free 3655K/7623K, external 0K/0K, paused 2ms+24ms
D/dalvikvm(  311): DexOpt: load 2ms, verify+opt 13ms
D/installd(  128): DexInv: --- END '/system/app/DefaultContainerService.apk' (success) ---
I/PackageManager(  235): /system/app/DSPManager.apk changed; collecting certs
D/installd(  128): DexInv: --- BEGIN '/system/app/DSPManager.apk' ---
D/dalvikvm(  312): creating instr width table
D/dalvikvm(  312): DexOpt: load 9ms, verify+opt 28ms
D/installd(  128): DexInv: --- END '/system/app/DSPManager.apk' (success) ---
D/szipinf (  235): Initializing inflate state
W/PackageParser(  235): Unknown element under <manifest>: meta-data at /system/app/Cyanbread.apk Binary XML file line #43
I/PackageManager(  235): /system/app/Cyanbread.apk changed; collecting certs
D/dalvikvm(  235): GC_CONCURRENT freed 410K, 51% free 3756K/7623K, external 0K/0K, paused 2ms+3ms
D/dalvikvm(  235): GC_CONCURRENT freed 254K, 48% free 4013K/7623K, external 0K/0K, paused 2ms+2ms
D/dalvikvm(  235): GC_FOR_MALLOC freed 94K, 49% free 3919K/7623K, external 0K/0K, paused 36ms
D/dalvikvm(  235): GC_FOR_MALLOC freed 232K, 49% free 3894K/7623K, external 0K/0K, paused 23ms
D/dalvikvm(  235): GC_FOR_MALLOC freed 46K, 49% free 3942K/7623K, external 0K/0K, paused 36ms
I/dalvikvm-heap(  235): Grow heap (frag case) to 6.457MB for 194578-byte allocation
D/dalvikvm(  235): GC_FOR_MALLOC freed 0K, 48% free 4132K/7815K, external 0K/0K, paused 36ms
D/dalvikvm(  235): GC_FOR_MALLOC freed 94K, 49% free 4038K/7815K, external 0K/0K, paused 22ms
D/dalvikvm(  235): GC_FOR_MALLOC freed 255K, 49% free 4057K/7815K, external 0K/0K, paused 36ms
D/dalvikvm(  235): GC_FOR_MALLOC freed 88K, 47% free 4153K/7815K, external 0K/0K, paused 37ms
I/dalvikvm-heap(  235): Grow heap (frag case) to 6.591MB for 120438-byte allocation
D/dalvikvm(  235): GC_FOR_MALLOC freed 0K, 47% free 4271K/7943K, external 0K/0K, paused 22ms
D/dalvikvm(  235): GC_CONCURRENT freed 231K, 43% free 4551K/7943K, external 0K/0K, paused 2ms+17ms
D/dalvikvm(  235): GC_CONCURRENT freed 319K, 41% free 4743K/7943K, external 0K/0K, paused 2ms+17ms
I/PackageManager(  235): /system/app/ContactsProvider.apk changed; collecting certs
D/dalvikvm(  235): GC_CONCURRENT freed 59K, 35% free 5208K/7943K, external 0K/0K, paused 2ms+3ms
D/installd(  128): DexInv: --- BEGIN '/system/app/ContactsProvider.apk' ---
D/dalvikvm(  315): creating instr width table
D/dalvikvm(  315): DexOpt: load 6ms, verify+opt 159ms
D/installd(  128): DexInv: --- END '/system/app/ContactsProvider.apk' (success) ---
D/szipinf (  235): Initializing inflate state
I/PackageManager(  235): /system/app/Contacts.apk changed; collecting certs
D/dalvikvm(  235): GC_CONCURRENT freed 642K, 38% free 5260K/8391K, external 0K/0K, paused 2ms+13ms
D/installd(  128): DexInv: --- BEGIN '/system/app/Contacts.apk' ---
D/dalvikvm(  316): creating instr width table
D/dalvikvm(  316): DexOpt: load 72ms, verify+opt 301ms
D/installd(  128): DexInv: --- END '/system/app/Contacts.apk' (success) ---
D/szipinf (  235): Initializing inflate state
I/PackageManager(  235): /system/app/CertInstaller.apk changed; collecting certs
D/installd(  128): DexInv: --- BEGIN '/system/app/CertInstaller.apk' ---
D/dalvikvm(  317): creating instr width table
D/dalvikvm(  235): GC_CONCURRENT freed 1897K, 53% free 4009K/8391K, external 0K/0K, paused 2ms+20ms
D/dalvikvm(  317): DexOpt: load 36ms, verify+opt 46ms
D/installd(  128): DexInv: --- END '/system/app/CertInstaller.apk' (success) ---
D/szipinf (  235): Initializing inflate state
I/PackageManager(  235): /system/app/Camera.apk changed; collecting certs
D/installd(  128): DexInv: --- BEGIN '/system/app/Camera.apk' ---
D/dalvikvm(  318): creating instr width table
D/dalvikvm(  318): DexOpt: load 37ms, verify+opt 137ms
D/installd(  128): DexInv: --- END '/system/app/Camera.apk' (success) ---
I/PackageManager(  235): /system/app/CalendarProvider.apk changed; collecting certs
D/dalvikvm(  235): GC_CONCURRENT freed 798K, 56% free 3723K/8391K, external 0K/0K, paused 2ms+5ms
I/PackageManager(  235): New shared user android.uid.calendar: id=10028
D/installd(  128): DexInv: --- BEGIN '/system/app/CalendarProvider.apk' ---
D/dalvikvm(  319): creating instr width table
D/dalvikvm(  319): DexOpt: load 49ms, verify+opt 303ms
D/installd(  128): DexInv: --- END '/system/app/CalendarProvider.apk' (success) ---
D/szipinf (  235): Initializing inflate state
I/PackageManager(  235): /system/app/Calendar.apk changed; collecting certs
D/installd(  128): DexInv: --- BEGIN '/system/app/Calendar.apk' ---
D/dalvikvm(  320): creating instr width table
D/dalvikvm(  320): DexOpt: load 56ms, verify+opt 204ms
D/installd(  128): DexInv: --- END '/system/app/Calendar.apk' (success) ---
I/PackageManager(  235): /system/app/Calculator.apk changed; collecting certs
D/installd(  128): DexInv: --- BEGIN '/system/app/Calculator.apk' ---
D/dalvikvm(  321): creating instr width table
D/dalvikvm(  235): GC_CONCURRENT freed 449K, 56% free 3727K/8391K, external 0K/0K, paused 2ms+18ms
D/dalvikvm(  321): DexOpt: load 23ms, verify+opt 53ms
D/installd(  128): DexInv: --- END '/system/app/Calculator.apk' (success) ---
I/PackageManager(  235): /system/app/CMWallpapers.apk changed; collecting certs
D/installd(  128): DexInv: --- BEGIN '/system/app/CMWallpapers.apk' ---
D/dalvikvm(  322): creating instr width table
D/dalvikvm(  322): DexOpt: load 18ms, verify+opt 24ms
D/installd(  128): DexInv: --- END '/system/app/CMWallpapers.apk' (success) ---
I/PackageManager(  235): /system/app/CMUpdateNotify.apk changed; collecting certs
D/installd(  128): DexInv: --- BEGIN '/system/app/CMUpdateNotify.apk' ---
D/dalvikvm(  323): creating instr width table
D/dalvikvm(  323): DexOpt: 'Landroid/os/SystemProperties;' has an earlier definition; blocking out
D/dalvikvm(  323): DexOpt: not verifying 'Landroid/os/SystemProperties;': multiple definitions
D/dalvikvm(  235): GC_CONCURRENT freed 434K, 56% free 3703K/8391K, external 0K/0K, paused 1ms+3ms
I/dalvikvm(  323): DexOpt: not resolving ambiguous class 'Landroid/os/SystemProperties;'
D/dalvikvm(  323): DexOpt: load 13ms, verify+opt 25ms
D/installd(  128): DexInv: --- END '/system/app/CMUpdateNotify.apk' (success) ---
I/PackageManager(  235): /system/app/CMStats.apk changed; collecting certs
D/installd(  128): DexInv: --- BEGIN '/system/app/CMStats.apk' ---
D/dalvikvm(  324): creating instr width table
D/dalvikvm(  324): DexOpt: 'Landroid/os/SystemProperties;' has an earlier definition; blocking out
D/dalvikvm(  324): DexOpt: not verifying 'Landroid/os/SystemProperties;': multiple definitions
I/dalvikvm(  324): DexOpt: not resolving ambiguous class 'Landroid/os/SystemProperties;'
D/dalvikvm(  324): DexOpt: load 5ms, verify+opt 32ms
D/installd(  128): DexInv: --- END '/system/app/CMStats.apk' (success) ---
I/PackageManager(  235): /system/app/CMScreenshot.apk changed; collecting certs
D/installd(  128): DexInv: --- BEGIN '/system/app/CMScreenshot.apk' ---
D/dalvikvm(  325): creating instr width table
D/dalvikvm(  325): DexOpt: load 4ms, verify+opt 6ms
D/installd(  128): DexInv: --- END '/system/app/CMScreenshot.apk' (success) ---
D/szipinf (  235): Initializing inflate state
I/PackageManager(  235): /system/app/CMParts.apk changed; collecting certs
D/dalvikvm(  235): GC_CONCURRENT freed 451K, 56% free 3764K/8391K, external 0K/0K, paused 2ms+4ms
D/installd(  128): DexInv: --- BEGIN '/system/app/CMParts.apk' ---
D/dalvikvm(  326): creating instr width table
D/dalvikvm(  326): DexOpt: load 52ms, verify+opt 163ms
D/installd(  128): DexInv: --- END '/system/app/CMParts.apk' (success) ---
D/szipinf (  235): Initializing inflate state
I/PackageManager(  235): /system/app/Browser.apk changed; collecting certs
D/dalvikvm(  235): GC_CONCURRENT freed 355K, 54% free 3919K/8391K, external 0K/0K, paused 2ms+4ms
D/installd(  128): DexInv: --- BEGIN '/system/app/Browser.apk' ---
D/dalvikvm(  329): creating instr width table
D/dalvikvm(  329): DexOpt: load 39ms, verify+opt 213ms
D/installd(  128): DexInv: --- END '/system/app/Browser.apk' (success) ---
D/szipinf (  235): Initializing inflate state
W/PackageParser(  235): No actions in intent filter at /system/app/Bluetooth.apk Binary XML file line #132
W/PackageParser(  235): No actions in intent filter at /system/app/Bluetooth.apk Binary XML file line #154
I/PackageManager(  235): /system/app/Bluetooth.apk changed; collecting certs
D/installd(  128): DexInv: --- BEGIN '/system/app/Bluetooth.apk' ---
D/dalvikvm(  330): creating instr width table
D/dalvikvm(  330): DexOpt: load 26ms, verify+opt 199ms
D/installd(  128): DexInv: --- END '/system/app/Bluetooth.apk' (success) ---
I/PackageManager(  235): /system/app/ApplicationsProvider.apk changed; collecting certs
D/installd(  128): DexInv: --- BEGIN '/system/app/ApplicationsProvider.apk' ---
D/dalvikvm(  331): creating instr width table
D/dalvikvm(  331): DexOpt: load 5ms, verify+opt 47ms
D/installd(  128): DexInv: --- END '/system/app/ApplicationsProvider.apk' (success) ---
D/szipinf (  235): Initializing inflate state
W/PackageParser(  235): Unknown element under <manifest>: meta-data at /system/app/Androidian.apk Binary XML file line #43
I/PackageManager(  235): /system/app/Androidian.apk changed; collecting certs
D/dalvikvm(  235): GC_CONCURRENT freed 433K, 53% free 3998K/8391K, external 0K/0K, paused 2ms+5ms
D/dalvikvm(  235): GC_CONCURRENT freed 463K, 53% free 4001K/8391K, external 0K/0K, paused 1ms+2ms
D/dalvikvm(  235): GC_FOR_MALLOC freed 52K, 52% free 4043K/8391K, external 0K/0K, paused 38ms
I/dalvikvm-heap(  235): Grow heap (frag case) to 6.554MB for 194578-byte allocation
D/dalvikvm(  235): GC_FOR_MALLOC freed 0K, 51% free 4233K/8583K, external 0K/0K, paused 24ms
D/dalvikvm(  235): GC_FOR_MALLOC freed 373K, 52% free 4173K/8583K, external 0K/0K, paused 31ms
D/dalvikvm(  235): GC_FOR_MALLOC freed 94K, 51% free 4269K/8583K, external 0K/0K, paused 39ms
I/dalvikvm-heap(  235): Grow heap (frag case) to 6.716MB for 132072-byte allocation
D/dalvikvm(  235): GC_FOR_MALLOC freed 0K, 50% free 4398K/8775K, external 0K/0K, paused 24ms
D/dalvikvm(  235): GC_FOR_MALLOC freed 255K, 51% free 4300K/8775K, external 0K/0K, paused 30ms
D/dalvikvm(  235): GC_FOR_MALLOC freed 88K, 50% free 4396K/8775K, external 0K/0K, paused 39ms
I/dalvikvm-heap(  235): Grow heap (frag case) to 6.839MB for 132072-byte allocation
D/dalvikvm(  235): GC_FOR_MALLOC freed 0K, 50% free 4525K/8967K, external 0K/0K, paused 24ms
D/dalvikvm(  235): GC_CONCURRENT freed 231K, 47% free 4805K/8967K, external 0K/0K, paused 2ms+3ms
D/dalvikvm(  235): GC_CONCURRENT freed 210K, 43% free 5135K/8967K, external 0K/0K, paused 1ms+3ms
D/dalvikvm(  235): GC_CONCURRENT freed 188K, 38% free 5562K/8967K, external 0K/0K, paused 2ms+3ms
D/szipinf (  235): Initializing inflate state
I/PackageManager(  235): /system/app/AndroidTerm.apk changed; collecting certs
D/installd(  128): DexInv: --- BEGIN '/system/app/AndroidTerm.apk' ---
D/dalvikvm(  332): creating instr width table
D/dalvikvm(  332): DexOpt: load 31ms, verify+opt 60ms
D/installd(  128): DexInv: --- END '/system/app/AndroidTerm.apk' (success) ---
D/szipinf (  235): Initializing inflate state
I/PackageManager(  235): /system/app/AccountAndSyncSettings.apk changed; collecting certs
D/installd(  128): DexInv: --- BEGIN '/system/app/AccountAndSyncSettings.apk' ---
D/dalvikvm(  333): creating instr width table
D/dalvikvm(  333): DexOpt: load 7ms, verify+opt 61ms
D/installd(  128): DexInv: --- END '/system/app/AccountAndSyncSettings.apk' (success) ---
D/szipinf (  235): Initializing inflate state
I/PackageManager(  235): /system/app/ADWLauncher.apk changed; collecting certs
D/dalvikvm(  235): GC_CONCURRENT freed 692K, 38% free 5592K/8967K, external 0K/0K, paused 2ms+13ms
D/installd(  128): DexInv: --- BEGIN '/system/app/ADWLauncher.apk' ---
D/dalvikvm(  334): creating instr width table
D/dalvikvm(  334): DexOpt: load 96ms, verify+opt 341ms
D/installd(  128): DexInv: --- END '/system/app/ADWLauncher.apk' (success) ---
D/PackageManager(  235): No files in app dir /vendor/app
I/PackageManager(  235): Time to scan packages: 28.01 seconds
I/PackageManager(  235): Platform changed from 0 to 10; regranting permissions for internal storage
W/PackageManager(  235): Unknown permission com.google.android.googleapps.permission.GOOGLE_AUTH.mail in package com.android.contacts
W/PackageManager(  235): Unknown permission com.google.android.googleapps.permission.GOOGLE_AUTH in package com.android.providers.calendar
W/PackageManager(  235): Unknown permission com.google.android.googleapps.permission.GOOGLE_AUTH.cl in package com.android.providers.calendar
W/PackageManager(  235): Unknown permission com.google.android.googleapps.permission.GOOGLE_AUTH.mail in package com.android.calendar
W/PackageManager(  235): Not granting permission android.permission.SEND_DOWNLOAD_COMPLETED_INTENTS to package com.android.browser (protectionLevel=2 flags=0x9be45)
W/PackageManager(  235): Unknown permission com.google.android.c2dm.permission.RECEIVE in package com.koushikdutta.rommanager
W/PackageManager(  235): Unknown permission com.android.vending.BILLING in package com.koushikdutta.rommanager
W/PackageManager(  235): Unknown permission com.google.android.googleapps.permission.GOOGLE_AUTH in package com.android.providers.contacts
W/PackageManager(  235): Unknown permission com.google.android.googleapps.permission.GOOGLE_AUTH.cp in package com.android.providers.contacts
W/PackageManager(  235): Unknown permission com.google.android.gm.permission.WRITE_GMAIL in package com.android.settings
W/PackageManager(  235): Unknown permission com.google.android.gm.permission.READ_GMAIL in package com.android.settings
W/PackageManager(  235): Unknown permission com.google.android.googleapps.permission.GOOGLE_AUTH in package com.android.settings
W/PackageManager(  235): Unknown permission com.google.android.c2dm.permission.RECEIVE in package com.cyanogenmod.updatenotify
W/PackageManager(  235): Unknown permission com.google.android.googleapps.permission.ACCESS_GOOGLE_PASSWORD in package com.android.development
W/PackageManager(  235): Unknown permission com.google.android.googleapps.permission.GOOGLE_AUTH in package com.android.development
W/PackageManager(  235): Unknown permission com.google.android.googleapps.permission.GOOGLE_AUTH.ALL_SERVICES in package com.android.development
W/PackageManager(  235): Unknown permission com.google.android.googleapps.permission.GOOGLE_AUTH.YouTubeUser in package com.android.development
W/PackageManager(  235): Unknown permission android.permission.READ_OWNER_DATA in package com.android.email
W/PackageManager(  235): Not granting permission android.permission.DEVICE_POWER to package com.android.deskclock (protectionLevel=2 flags=0x8be45)
D/dalvikvm(  235): GC_CONCURRENT freed 2237K, 55% free 4086K/8967K, external 0K/0K, paused 2ms+6ms
D/dalvikvm(  235): GC_EXPLICIT freed 518K, 60% free 3675K/8967K, external 0K/0K, paused 41ms
D/szipinf (  235): Initializing inflate state
I/SystemServer(  235): Account Manager
I/SyncManager(  235): No initial accounts
I/SyncManager(  235): No initial status
I/SyncManager(  235): No initial pending operations
I/SyncManager(  235): No initial statistics
I/SystemServer(  235): Content Manager
D/szipinf (  235): Initializing inflate state
I/ActivityThread(  235): Pub settings: com.android.providers.settings.SettingsProvider
I/SystemServer(  235): System Content Providers
D/szipinf (  235): Initializing inflate state
D/szipinf (  235): Initializing inflate state
W/SettingsProvider(  235): Unable to add bookmark: com.google.android.gm/com.google.android.gm.ConversationListActivityGmail
W/SettingsProvider(  235): android.content.pm.PackageManager$NameNotFoundException: ComponentInfo{com.google.android.gm/com.google.android.gm.ConversationListActivityGmail}
W/SettingsProvider(  235): 	at android.app.ContextImpl$ApplicationPackageManager.getActivityInfo(ContextImpl.java:1891)
W/SettingsProvider(  235): 	at com.android.providers.settings.DatabaseHelper.loadBookmarks(DatabaseHelper.java:887)
W/SettingsProvider(  235): 	at com.android.providers.settings.DatabaseHelper.loadBookmarks(DatabaseHelper.java:925)
W/SettingsProvider(  235): 	at com.android.providers.settings.DatabaseHelper.onCreate(DatabaseHelper.java:135)
W/SettingsProvider(  235): 	at android.database.sqlite.SQLiteOpenHelper.getWritableDatabase(SQLiteOpenHelper.java:126)
W/SettingsProvider(  235): 	at android.database.sqlite.SQLiteOpenHelper.getReadableDatabase(SQLiteOpenHelper.java:187)
W/SettingsProvider(  235): 	at com.android.providers.settings.SettingsProvider.query(SettingsProvider.java:405)
W/SettingsProvider(  235): 	at com.android.providers.settings.SettingsProvider.ensureAndroidIdIsSet(SettingsProvider.java:324)
W/SettingsProvider(  235): 	at com.android.providers.settings.SettingsProvider.onCreate(SettingsProvider.java:260)
W/SettingsProvider(  235): 	at android.content.ContentProvider.attachInfo(ContentProvider.java:798)
W/SettingsProvider(  235): 	at android.app.ActivityThread.installProvider(ActivityThread.java:3706)
W/SettingsProvider(  235): 	at android.app.ActivityThread.installContentProviders(ActivityThread.java:3461)
W/SettingsProvider(  235): 	at android.app.ActivityThread.installSystemProviders(ActivityThread.java:3812)
W/SettingsProvider(  235): 	at com.android.server.am.ActivityManagerService.installSystemProviders(ActivityManagerService.java:5645)
W/SettingsProvider(  235): 	at com.android.server.ServerThread.run(SystemServer.java:199)
W/SettingsProvider(  235): Unable to add bookmark: com.android.im/com.android.im.app.LandingPage
W/SettingsProvider(  235): android.content.pm.PackageManager$NameNotFoundException: ComponentInfo{com.android.im/com.android.im.app.LandingPage}
W/SettingsProvider(  235): 	at android.app.ContextImpl$ApplicationPackageManager.getActivityInfo(ContextImpl.java:1891)
W/SettingsProvider(  235): 	at com.android.providers.settings.DatabaseHelper.loadBookmarks(DatabaseHelper.java:887)
W/SettingsProvider(  235): 	at com.android.providers.settings.DatabaseHelper.loadBookmarks(DatabaseHelper.java:925)
W/SettingsProvider(  235): 	at com.android.providers.settings.DatabaseHelper.onCreate(DatabaseHelper.java:135)
W/SettingsProvider(  235): 	at android.database.sqlite.SQLiteOpenHelper.getWritableDatabase(SQLiteOpenHelper.java:126)
W/SettingsProvider(  235): 	at android.database.sqlite.SQLiteOpenHelper.getReadableDatabase(SQLiteOpenHelper.java:187)
W/SettingsProvider(  235): 	at com.android.providers.settings.SettingsProvider.query(SettingsProvider.java:405)
W/SettingsProvider(  235): 	at com.android.providers.settings.SettingsProvider.ensureAndroidIdIsSet(SettingsProvider.java:324)
W/SettingsProvider(  235): 	at com.android.providers.settings.SettingsProvider.onCreate(SettingsProvider.java:260)
W/SettingsProvider(  235): 	at android.content.ContentProvider.attachInfo(ContentProvider.java:798)
W/SettingsProvider(  235): 	at android.app.ActivityThread.installProvider(ActivityThread.java:3706)
W/SettingsProvider(  235): 	at android.app.ActivityThread.installContentProviders(ActivityThread.java:3461)
W/SettingsProvider(  235): 	at android.app.ActivityThread.installSystemProviders(ActivityThread.java:3812)
W/SettingsProvider(  235): 	at com.android.server.am.ActivityManagerService.installSystemProviders(ActivityManagerService.java:5645)
W/SettingsProvider(  235): 	at com.android.server.ServerThread.run(SystemServer.java:199)
D/szipinf (  235): Initializing inflate state
D/szipinf (  235): Initializing inflate state
D/szipinf (  235): Initializing inflate state
D/SettingsProvider(  235): Generated and saved new ANDROID_ID [dca88f8e4d57f54f]
D/SettingsProvider(  235): cache for settings table 'secure' rows=21; fullycached=true
I/SystemServer(  235): Battery Service
I/SystemServer(  235): Lights Service
D/SettingsProvider(  235): cache for settings table 'system' rows=44; fullycached=true
I/SystemServer(  235): Vibrator Service
I/SystemServer(  235): Alarm Manager
I/SystemServer(  235): Init Watchdog
I/SystemServer(  235): Window Manager
I/InputManager(  235): Initializing input manager
I/WindowManager(  235): names for haptic settings for haptic long array: haptic_long_array default: haptic_long_array_default
I/WindowManager(  235): pulled string: null default: 0,1,20,21
I/WindowManager(  235): Had to load default haptic settings for: haptic_long_array saving 0,1,20,21to settings
D/dalvikvm(  235): GC_CONCURRENT freed 271K, 57% free 3858K/8967K, external 0K/0K, paused 2ms+4ms
I/WindowManager(  235): names for haptic settings for haptic down array: haptic_down_array default: haptic_down_array_default
I/WindowManager(  235): pulled string: null default: 0,10,20,30
I/WindowManager(  235): Had to load default haptic settings for: haptic_down_array saving 0,10,20,30to settings
I/WindowManager(  235): names for haptic settings for haptic tap array: haptic_tap_array default: haptic_tap_array_default
I/WindowManager(  235): pulled string: null default: 40
I/WindowManager(  235): Had to load default haptic settings for: haptic_tap_array saving 40to settings
I/WindowManager(  235): names for haptic settings for haptic up array: haptic_up_array default: haptic_up_array_default
I/WindowManager(  235): pulled string: null default: 5,18
I/WindowManager(  235): Had to load default haptic settings for: haptic_up_array saving 5,18to settings
I/InputManager(  235): Starting input manager
I/SystemServer(  235): Bluetooth Service
I/BluetoothProfileState(  235): Message:Entering Stable State
I/BluetoothProfileState(  235): Message:Entering Stable State
I/EventHub(  235): New keyboard: device->id=0x20000 devname='7k_handset' propName='hw.keyboards.131072.devname' keylayout='/system/usr/keylayout/7k_handset.kl'
I/EventHub(  235): New device: path=/dev/input/event6 name=7k_handset id=0x20000 (of 0x1) index=1 fd=97 classes=0x81
I/EventHub(  235): New keyboard: device->id=0x10001 devname='gpio-side-keypad' propName='hw.keyboards.65537.devname' keylayout='/system/usr/keylayout/gpio-side-keypad.kl'
I/EventHub(  235): New device: path=/dev/input/event4 name=gpio-side-keypad id=0x10001 (of 0x2) index=2 fd=101 classes=0x1
I/EventHub(  235): New keyboard: device->id=0x10002 devname='touch_mcs8000' propName='hw.keyboards.65538.devname' keylayout='/system/usr/keylayout/touch_mcs8000.kl'
I/EventHub(  235): New device: path=/dev/input/event3 name=touch_mcs8000 id=0x10002 (of 0x3) index=3 fd=102 classes=0x15
V/SystemServer(  235): Bluetooth Network Service
I/EventHub(  235): New keyboard: device->id=0x10003 devname='ats_input' propName='hw.keyboards.65539.devname' keylayout='/system/usr/keylayout/ats_input.kl'
I/EventHub(  235): New device: path=/dev/input/event2 name=ats_input id=0x10003 (of 0x4) index=4 fd=103 classes=0x15
E/KeyLayoutMap(  235): /system/usr/keylayout/qwerty.kl:175: expected keycode, got 'SCRAPS'
I/EventHub(  235): New keyboard: device->id=0x10004 devname='h2w headset' propName='hw.keyboards.65540.devname' keylayout='/system/usr/keylayout/qwerty.kl'
I/EventHub(  235): New device: path=/dev/input/event0 name=h2w headset id=0x10004 (of 0x5) index=5 fd=104 classes=0x1
I/EventHub(  235): New keyboard: device->id=0x20005 devname='atcmd_virtual_kbd' propName='hw.keyboards.131077.devname' keylayout='/system/usr/keylayout/atcmd_virtual_kbd.kl'
I/EventHub(  235): New device: path=/dev/input/event1 name=atcmd_virtual_kbd id=0x20005 (of 0x6) index=6 fd=105 classes=0x1
I/SystemServer(  235): Device Policy
I/InputReader(  235): Device added: id=0x20005, name=atcmd_virtual_kbd, sources=00000101
I/InputReader(  235): Device added: id=0x10004, name=h2w headset, sources=00000101
I/InputReader(  235): Device added: id=0x10003, name=ats_input, sources=00001103
I/InputReader(  235): Device added: id=0x10002, name=touch_mcs8000, sources=00001103
I/InputManager-Callbacks(  235): No input device calibration properties found for device h2w headset.
I/InputManager-Callbacks(  235): No input device calibration properties found for device ats_input.
I/InputReader(  235): Device added: id=0x0, name=gpio-side-keypad, sources=00000101
I/InputReader(  235): Device added: id=0x20000, name=7k_handset, sources=80000101
D/szipinf (  235): Initializing inflate state
I/InputManager-Callbacks(  235): No input device calibration properties found for device 7k_handset.
I/SystemServer(  235): Status Bar
I/SystemServer(  235): Clipboard Service
I/SystemServer(  235): Input Method Service
I/InputManagerService(  235): Enabled input methods: com.android.inputmethod.latin/.LatinIME
I/InputManagerService(  235): Enabled input methods or default IME has not been set, enabling all
I/InputManagerService(  235): Adding: com.android.inputmethod.latin/.LatinIME
I/InputManagerService(  235): Selected default: com.android.inputmethod.latin/.LatinIME
I/SystemServer(  235): NetStat Service
I/SystemServer(  235): NetworkManagement Service
I/SystemServer(  235): Connectivity Service
I/ConnectivityService(  235): hostname has been set: android-dca88f8e4d57f54f
I/WifiService(  235): WifiService starting up with Wi-Fi disabled
D/NetworkManagmentService(  235): Registering observer
I/SystemServer(  235): Throttle Service
I/SystemServer(  235): Accessibility Manager
I/SystemServer(  235): Mount Service
I/SystemServer(  235): Profile Manager
W/Profile (  235): Null Pointer - UUID not found for Default.  New UUID generated: ac5c994c-4c47-4526-b9d0-8b0060a80791
W/Profile (  235): Null Pointer - UUID not found for Work.  New UUID generated: aa776b69-d599-486c-ab01-689fa950df38
D/VoldCmdListener(  143): volume list
I/PackageManager(  235): Updating external media status from unmounted to unmounted
W/Profile (  235): Null Pointer - UUID not found for Home.  New UUID generated: 11e63c46-5af5-431d-b614-2b39df33df00
W/Profile (  235): Null Pointer - UUID not found for Silent.  New UUID generated: c569fe4d-ba38-4f6f-a868-b9399fff3489
D/VoldCmdListener(  143): share status ums
W/Profile (  235): Null Pointer - UUID not found for Night.  New UUID generated: 044018a9-7846-4920-9c27-14d380ef46f5
D/ProfileService(  235): Set active profile to: ac5c994c-4c47-4526-b9d0-8b0060a80791 - Default
D/ProfileService(  235): Saving profile data...
D/dalvikvm(  235): GC_CONCURRENT freed 346K, 56% free 4024K/8967K, external 0K/0K, paused 2ms+17ms
D/ProfileService(  235): Save completed.
I/SystemServer(  235): Notification Manager
I/SystemServer(  235): Device Storage Monitor
I/SystemServer(  235): Location Manager
I/SystemServer(  235): Search Service
I/SystemServer(  235): DropBox Service
I/SystemServer(  235): Wallpaper Service
W/WallpaperService(  235): failed parsing /data/system/wallpaper_info.xml java.io.FileNotFoundException: /data/system/wallpaper_info.xml (No such file or directory)
I/SystemServer(  235): Audio Service
D/AudioHardwareMSM7X30(  141): setVoiceVolume(0.800000)
I/AudioHardwareMSM7X30(  141): Setting in-call volume to 80 (available range is 0 to 100)
E/AudioHardwareMSM7X30(  141): msm_set_voice_rx_vol(80) failed errno = 1
I/mediaserver(  126): msm_mixer_elem_write failed.
D/AudioHardwareInterface(  141): setMode(NORMAL)
W/AudioPolicyManager(  141): setPhoneState() setting same state 0
I/SystemServer(  235): Headset Observer
I/SystemServer(  235): HDMI Observer
W/HDMIObserver(  235): This kernel does not have hdmi support
I/SystemServer(  235): Dock Observer
W/DockObserver(  235): This kernel does not have dock station support
W/UsbDeviceSettingsManager(  235): settings file not found
I/SystemServer(  235): USB Service
I/SystemServer(  235): UI Mode Manager Service
I/mediaserver(  126): OMXCORE API - OMX_Init 
I/mediaserver(  126): OMXCORE API - OMX_ComponentNameEnum bebd488c 128 0
I/mediaserver(  126): OMXCORE API - OMX_ComponentNameEnum bebd488c 128 1
I/mediaserver(  126): OMXCORE API - OMX_ComponentNameEnum bebd488c 128 2
I/mediaserver(  126): OMXCORE API - OMX_ComponentNameEnum bebd488c 128 3
I/mediaserver(  126): OMXCORE API - OMX_ComponentNameEnum bebd488c 128 4
I/mediaserver(  126): OMXCORE API - OMX_ComponentNameEnum bebd488c 128 5
I/mediaserver(  126): OMXCORE API - OMX_ComponentNameEnum bebd488c 128 6
I/mediaserver(  126): OMXCORE API - OMX_ComponentNameEnum bebd488c 128 7
I/mediaserver(  126): OMXCORE API - OMX_ComponentNameEnum bebd488c 128 8
I/mediaserver(  126): OMXCORE API - OMX_ComponentNameEnum bebd488c 128 9
I/mediaserver(  126): OMXCORE API - OMX_ComponentNameEnum bebd488c 128 10
I/SystemServer(  235): Backup Service
V/BackupManagerService(  235): No ancestral data
D/dalvikvm(  235): GC_CONCURRENT freed 324K, 54% free 4210K/8967K, external 0K/0K, paused 2ms+23ms
I/BackupManagerService(  235): Backup enabled => false
I/SystemServer(  235): AppWidget Service
I/SystemServer(  235): Recognition Service
I/SystemServer(  235): DiskStats Service
I/SystemServer(  235): AssetRedirectionManager Service
I/WindowManager(  235): SAFE MODE not enabled
D/dalvikvm(  235): JIT started for system_server
I/power   (  235): *** set_screen_state 1
I/Zygote  (  235): Process: zygote socket opened
D/PowerManagerService(  235): system ready!
I/ActivityManager(  235): Sending system update to: ComponentInfo{com.android.providers.contacts/com.android.providers.contacts.ContactsUpgradeReceiver}
I/ActivityManager(  235): Sending system update to: ComponentInfo{com.android.providers.calendar/com.android.providers.calendar.CalendarUpgradeReceiver}
E/lights  (  235): write_int failed to open /sys/class/leds/red/brightness
I/ActivityManager(  235): Start proc android.process.acore for broadcast com.android.providers.contacts/.ContactsUpgradeReceiver: pid=373 uid=10001 gids={3003, 1015}
D/szipinf (  235): Initializing inflate state
I/ActivityManager(  235): Starting: Intent { act=android.intent.action.MAIN cat=[android.intent.category.HOME] flg=0x10000000 cmp=com.android.provision/.DefaultActivity } from pid 0
W/AssetRedirectionManager(  235): No such resource found for com.tmobile.theme.Cyanbread:@drawable/frameworks_res_btn_toggle_off
W/AssetRedirectionManager(  235): No such resource found for android:drawable/star_small_on
W/AssetRedirectionManager(  235): No such resource found for android:drawable/star_small_half
I/ActivityManager(  235): Launching preboot mode app: ProcessRecord{405999a8 373:android.process.acore/10001}
D/szipinf (  373): Initializing inflate state
I/ContactsUpgradeReceiver(  373): Creating or opening contacts database
D/dalvikvm(  235): GC_CONCURRENT freed 425K, 54% free 4177K/8967K, external 0K/0K, paused 2ms+5ms
I/ContactsDatabaseHelper(  373): Bootstrapping database
D/dalvikvm(  373): GC_CONCURRENT freed 363K, 52% free 2747K/5639K, external 0K/0K, paused 2ms+2ms
I/ContactsProviderV1(  373): Bootstrapping database legacy support
I/ActivityManager(  235): Start proc com.android.providers.calendar for broadcast com.android.providers.calendar/.CalendarUpgradeReceiver: pid=385 uid=10028 gids={3003}
I/ActivityManager(  235): Launching preboot mode app: ProcessRecord{405bc738 385:com.android.providers.calendar/10028}
D/szipinf (  385): Initializing inflate state
I/CalendarUpgradeReceiver(  385): Creating or opening calendar database
I/CalendarDatabaseHelper(  385): Bootstrapping database
I/ActivityManager(  235): Writing new set of last done pre-boot receivers...
I/Process (  235): Sending signal. PID: 373 SIG: 9
I/ActivityManager(  235): Removing system update proc: ProcessRecord{405999a8 373:android.process.acore/10001}
I/ActivityManager(  235): Removing system update proc: ProcessRecord{405bc738 385:com.android.providers.calendar/10028}
I/Process (  235): Sending signal. PID: 385 SIG: 9
D/szipinf (  235): Initializing inflate state
I/ActivityManager(  235): System now ready
I/SystemServer(  235): Making services ready
I/StatusBarManagerService(  235): Starting service: ComponentInfo{com.android.systemui/com.android.systemui.statusbar.StatusBarService}
I/ActivityManager(  235): Start proc com.android.systemui for service com.android.systemui/.statusbar.StatusBarService: pid=393 uid=1000 gids={1015, 3002, 3001, 3003}
I/ActivityManager(  235): Config changed: { scale=1.0 imsi=0/0 loc=en_US touch=0 keys=0/0/0 nav=0/0 orien=0 layout=0 uiMode=17 seq=2 themeResource=null}
W/RecognitionManagerService(  235): no available voice recognition services found
I/UsbService(  235): Device not provisioned, skipping USB broadcast
D/szipinf (  235): Initializing inflate state
D/szipinf (  235): Initializing inflate state
D/szipinf (  235): Initializing inflate state
W/AssetRedirectionManager(  235): No such resource found for com.android.music:drawable/progress_horizontal
W/AssetRedirectionManager(  235): No such resource found for com.android.music:drawable/btn_playback_top_selected
W/AssetRedirectionManager(  235): No such resource found for com.android.music:drawable/ic_mp_album_playback
W/AssetRedirectionManager(  235): No such resource found for com.android.music:drawable/ic_mp_artist_playback
W/AssetRedirectionManager(  235): No such resource found for com.android.music:drawable/ic_mp_song_playback
D/szipinf (  235): Initializing inflate state
D/szipinf (  235): Initializing inflate state
D/szipinf (  393): Initializing inflate state
D/szipinf (  235): Initializing inflate state
W/AssetRedirectionManager(  235): No such resource found for com.android.systemui:drawable/stat_sys_data_wimax_signal_3_fully
W/AssetRedirectionManager(  235): No such resource found for com.android.systemui:drawable/stat_sys_data_wimax_signal_2_fully
W/AssetRedirectionManager(  235): No such resource found for com.android.systemui:drawable/stat_sys_data_wimax_signal_1_fully
W/AssetRedirectionManager(  235): No such resource found for com.android.systemui:drawable/stat_sys_data_wimax_signal_0_fully
I/ActivityManager(  235): Start proc com.android.inputmethod.latin for service com.android.inputmethod.latin/.LatinIME: pid=402 uid=10016 gids={}
D/NetworkManagmentService(  235): Registering observer
E/ThrottleService(  235): Error reading data file
I/ActivityManager(  235): Start proc com.android.phone for added application com.android.phone: pid=406 uid=1001 gids={3002, 3001, 3003, 1015}
I/PowerWidget(  393): Clearing any old widget stuffs
I/PowerWidget(  393): Setting up widget
D/dalvikvm(  235): GC_CONCURRENT freed 428K, 53% free 4260K/8967K, external 0K/0K, paused 2ms+4ms
D/dalvikvm(  235): GC_EXTERNAL_ALLOC freed 15K, 53% free 4245K/8967K, external 0K/0K, paused 50ms
W/WindowManager(  235): HistoryRecord{40828350 com.android.provision/.DefaultActivity} failed creating starting window
W/WindowManager(  235): android.view.InflateException: Binary XML file line #25: Error inflating class android.widget.FrameLayout
W/WindowManager(  235): 	at android.view.LayoutInflater.createView(LayoutInflater.java:518)
W/WindowManager(  235): 	at com.android.internal.policy.impl.PhoneLayoutInflater.onCreateView(PhoneLayoutInflater.java:56)
W/WindowManager(  235): 	at android.view.LayoutInflater.createViewFromTag(LayoutInflater.java:568)
W/WindowManager(  235): 	at android.view.LayoutInflater.rInflate(LayoutInflater.java:623)
W/WindowManager(  235): 	at android.view.LayoutInflater.inflate(LayoutInflater.java:408)
W/WindowManager(  235): 	at android.view.LayoutInflater.inflate(LayoutInflater.java:320)
W/WindowManager(  235): 	at android.view.LayoutInflater.inflate(LayoutInflater.java:276)
W/WindowManager(  235): 	at com.android.internal.policy.impl.PhoneWindow.generateLayout(PhoneWindow.java:2301)
W/WindowManager(  235): 	at com.android.internal.policy.impl.PhoneWindow.installDecor(PhoneWindow.java:2356)
W/WindowManager(  235): 	at com.android.internal.policy.impl.PhoneWindow.getDecorView(PhoneWindow.java:1522)
W/WindowManager(  235): 	at com.android.internal.policy.impl.PhoneWindowManager.addStartingWindow(PhoneWindowManager.java:1140)
W/WindowManager(  235): 	at com.android.server.WindowManagerService$H.handleMessage(WindowManagerService.java:8004)
W/WindowManager(  235): 	at android.os.Handler.dispatchMessage(Handler.java:99)
W/WindowManager(  235): 	at android.os.Looper.loop(Looper.java:130)
W/WindowManager(  235): 	at com.android.server.WindowManagerService$WMThread.run(WindowManagerService.java:596)
W/WindowManager(  235): Caused by: java.lang.reflect.InvocationTargetException
W/WindowManager(  235): 	at java.lang.reflect.Constructor.constructNative(Native Method)
W/WindowManager(  235): 	at java.lang.reflect.Constructor.newInstance(Constructor.java:415)
W/WindowManager(  235): 	at android.view.LayoutInflater.createView(LayoutInflater.java:505)
W/WindowManager(  235): 	... 14 more
W/WindowManager(  235): Caused by: java.lang.ArrayIndexOutOfBoundsException
W/WindowManager(  235): 	at android.content.res.AssetManager.getPooledString(AssetManager.java:296)
W/WindowManager(  235): 	at android.content.res.TypedArray.loadStringValueAt(TypedArray.java:726)
W/WindowManager(  235): 	at android.content.res.TypedArray.getValueAt(TypedArray.java:711)
W/WindowManager(  235): 	at android.content.res.TypedArray.getDrawable(TypedArray.java:591)
W/WindowManager(  235): 	at android.view.View.<init>(View.java:1972)
W/WindowManager(  235): 	at android.view.ViewGroup.<init>(ViewGroup.java:292)
W/WindowManager(  235): 	at android.widget.FrameLayout.<init>(FrameLayout.java:88)
W/WindowManager(  235): 	at android.widget.FrameLayout.<init>(FrameLayout.java:84)
W/WindowManager(  235): 	... 17 more
I/PowerWidget(  393): Default buttons being loaded
I/PowerWidget(  393): Button list: toggleWifi|toggleBluetooth|toggleGPS|toggleSound
I/ActivityManager(  235): Start proc com.android.provision for activity com.android.provision/.DefaultActivity: pid=409 uid=10008 gids={}
D/szipinf (  409): Initializing inflate state
D/szipinf (  402): Initializing inflate state
D/szipinf (  402): Initializing inflate state
I/InputReader(  235): Device reconfigured: id=0x10002, name=touch_mcs8000, display size is now 320x480
I/InputReader(  235): Device reconfigured: id=0x10003, name=ats_input, display size is now 320x480
I/InputManager-Callbacks(  235): No virtual keys found for device touch_mcs8000.
I/InputManager-Callbacks(  235): No virtual keys found for device ats_input.
I/ActivityManager(  235): Config changed: { scale=1.0 imsi=0/0 loc=en_US touch=3 keys=1/1/2 nav=1/1 orien=1 layout=18 uiMode=17 seq=3 themeResource=null}
D/szipinf (  235): Initializing inflate state
D/szipinf (  406): Initializing inflate state
D/dalvikvm(  393): GC_EXTERNAL_ALLOC freed 92K, 49% free 2746K/5379K, external 0K/0K, paused 214ms
D/szipinf (  235): Initializing inflate state
D/SntpClient(  235): request time failed: java.net.UnknownHostException: north-america.pool.ntp.org
D/SntpClient(  235): request time failed: java.net.UnknownHostException: north-america.pool.ntp.org
D/szipinf (  235): Initializing inflate state
D/szipinf (  235): Initializing inflate state
W/BackupManagerService(  235): dataChanged but no participant pkg='com.android.providers.settings' uid=10008
I//system/bin/tc(  138): RTNETLINK answers: No such file or directory
I/logwrapper(  138): /system/bin/tc terminated by exit(2)
D/szipinf (  235): Initializing inflate state
I//system/bin/tc(  138): RTNETLINK answers: Invalid argument
I/logwrapper(  138): /system/bin/tc terminated by exit(2)
D/szipinf (  235): Initializing inflate state
I//system/bin/tc(  138): Cannot find device "ifb0"
I/logwrapper(  138): /system/bin/tc terminated by exit(1)
D/SntpClient(  235): request time failed: java.net.UnknownHostException: north-america.pool.ntp.org
D/SntpClient(  235): request time failed: java.net.UnknownHostException: north-america.pool.ntp.org
D/SntpClient(  235): request time failed: java.net.UnknownHostException: north-america.pool.ntp.org
D/SntpClient(  235): request time failed: java.net.UnknownHostException: north-america.pool.ntp.org
D/szipinf (  406): Initializing inflate state
D/szipinf (  235): Initializing inflate state
I/LocationManagerService(  235): Setting GPS Source to: 0
I//system/bin/tc(  138): RTNETLINK answers: No such file or directory
I/logwrapper(  138): /system/bin/tc terminated by exit(2)
I//system/bin/tc(  138): RTNETLINK answers: Invalid argument
I/logwrapper(  138): /system/bin/tc terminated by exit(2)
I//system/bin/tc(  138): Cannot find device "ifb0"
I/logwrapper(  138): /system/bin/tc terminated by exit(1)
D/dalvikvm(  402): GC_EXTERNAL_ALLOC freed 90K, 49% free 2777K/5379K, external 0K/0K, paused 131ms
D/dalvikvm(  402): GC_FOR_MALLOC freed <1K, 49% free 2777K/5379K, external 821K/1333K, paused 34ms
I/dalvikvm-heap(  402): Grow heap (frag case) to 6.736MB for 841021-byte allocation
D/dalvikvm(  402): GC_FOR_MALLOC freed <1K, 43% free 3598K/6215K, external 821K/1333K, paused 30ms
D/szipinf (  235): Initializing inflate state
D/szipinf (  235): Initializing inflate state
D/SntpClient(  235): request time failed: java.net.UnknownHostException: north-america.pool.ntp.org
D/SntpClient(  235): request time failed: java.net.UnknownHostException: north-america.pool.ntp.org
I/ActivityManager(  235): Force stopping package com.android.provision uid=10008
I/Process (  235): Sending signal. PID: 409 SIG: 9
I/ActivityManager(  235): Starting: Intent { act=android.intent.action.MAIN cat=[android.intent.category.HOME] flg=0x10000000 cmp=com.android.launcher/.Launcher } from pid 0
D/dalvikvm(  402): GC_CONCURRENT freed 10K, 42% free 3621K/6215K, external 821K/1333K, paused 1ms+27ms
W/SurfaceComposerClient(  235): Destroying surface while a transaction is open. Client 0x157c18: destroying surface 1, mTransactionOpen=1
D/szipinf (  235): Initializing inflate state
W/AssetRedirectionManager(  235): No such resource found for com.tmobile.theme.Cyanbread:@drawable/shortcut_selector
I/ActivityThread(  406): Pub mms: com.android.providers.telephony.MmsProvider
W/AssetRedirectionManager(  235): No such resource found for com.android.launcher:drawable/home_button_pressed
W/AssetRedirectionManager(  235): No such resource found for com.android.launcher:drawable/home_button_focused
W/AssetRedirectionManager(  235): No such resource found for com.android.launcher:drawable/all_apps_button_pressed
W/AssetRedirectionManager(  235): No such resource found for com.android.launcher:drawable/all_apps_button_focused
W/AssetRedirectionManager(  235): No such resource found for com.android.launcher:drawable/hotseat_phone_focused
W/AssetRedirectionManager(  235): No such resource found for com.android.launcher:drawable/hotseat_phone_pressed
W/AssetRedirectionManager(  235): No such resource found for com.android.launcher:drawable/hotseat_phone_normal
W/AssetRedirectionManager(  235): No such resource found for com.android.launcher:drawable/hotseat_browser_focused
W/AssetRedirectionManager(  235): No such resource found for com.android.launcher:drawable/hotseat_browser_pressed
W/AssetRedirectionManager(  235): No such resource found for com.android.launcher:drawable/hotseat_browser_normal
D/dalvikvm(  235): GC_CONCURRENT freed 474K, 53% free 4297K/8967K, external 600K/1112K, paused 2ms+4ms
W/AssetRedirectionManager(  235): No such resource found for com.android.launcher:color/apps3d_glow_pressed
W/AssetRedirectionManager(  235): No such resource found for com.android.launcher:color/apps3d_glow_focused
I/ActivityThread(  406): Pub sms: com.android.providers.telephony.SmsProvider
I/ActivityThread(  406): Pub telephony: com.android.providers.telephony.TelephonyProvider
I/ActivityThread(  406): Pub icc: com.android.phone.IccProvider
I/ActivityThread(  406): Pub mms-sms: com.android.providers.telephony.MmsSmsProvider
I/ActivityManager(  235): Start proc com.android.launcher for activity com.android.launcher/.Launcher: pid=451 uid=10039 gids={1015}
D/szipinf (  235): Initializing inflate state
I/ActivityManager(  235): Start proc android.process.acore for content provider com.android.providers.userdictionary/.UserDictionaryProvider: pid=452 uid=10001 gids={3003, 1015}
I/StatusBarManagerService(  235): registerStatusBar bar=com.android.internal.statusbar.IStatusBar$Stub$Proxy@405376b0
I/PowerWidget(  393): Clearing any old widget stuffs
I/ActivityManager(  235): Start proc com.android.voicedialer for broadcast com.android.voicedialer/.VoiceDialerReceiver: pid=454 uid=10000 gids={3002}
I/PowerWidget(  393): Setting up widget
I/PowerWidget(  393): Default buttons being loaded
I/PowerWidget(  393): Button list: toggleWifi|toggleBluetooth|toggleGPS|toggleSound
D/szipinf (  235): Initializing inflate state
D/VoldCmdListener(  143): share status ums
D/StorageNotification(  393): Startup with UMS connection false (media state unmounted)
I/StorageNotification(  393): UMS connection changed to true (media state unmounted)
D/dalvikvm(  140): GC_EXPLICIT freed 10K, 51% free 2664K/5379K, external 0K/0K, paused 228ms
V/AudioManager(  393): shouldVibrate, group: a126d48a-aaef-47c4-baed-7f0e44aeffe5 mode: DEFAULT
D/szipinf (  452): Initializing inflate state
W/ActivityManager(  235): Unable to start service Intent { act=@0 }: not found
I/ActivityThread(  452): Pub com.android.social: com.android.providers.contacts.SocialProvider
D/szipinf (  454): Initializing inflate state
D/szipinf (  451): Initializing inflate state
I/ActivityThread(  452): Pub applications: com.android.providers.applications.ApplicationsProvider
D/VoiceDialerReceiver(  454): onReceive Intent { act=android.intent.action.PACKAGE_CHANGED dat=package:com.android.provision flg=0x10000000 cmp=com.android.voicedialer/.VoiceDialerReceiver (has extras) }
D/dalvikvm(  140): GC_EXPLICIT freed <1K, 51% free 2664K/5379K, external 0K/0K, paused 170ms
V/RecognizerEngine(  454): deleteCachedGrammarFiles /data/data/com.android.voicedialer/files/openentries.txt
D/szipinf (  451): Initializing inflate state
I/ActivityThread(  451): Pub com.android.launcher.settings: com.android.launcher.LauncherProvider
D/dalvikvm(  140): GC_EXPLICIT freed <1K, 51% free 2664K/5379K, external 0K/0K, paused 52ms
I/ActivityManager(  235): Start proc com.cyanogenmod.cmparts for broadcast com.cyanogenmod.cmparts/.intents.LEDNotificationReceiver: pid=480 uid=1000 gids={1015, 3002, 3001, 3003}
I/ActivityThread(  452): Pub contacts;com.android.contacts: com.android.providers.contacts.ContactsProvider2
D/dalvikvm(  393): GC_CONCURRENT freed 126K, 48% free 2903K/5511K, external 423K/512K, paused 1ms+38ms
D/dalvikvm(  235): GC_EXTERNAL_ALLOC freed 242K, 52% free 4315K/8967K, external 600K/1112K, paused 65ms
W/ActivityManager(  235): Unable to start service Intent { act=@0 }: not found
D/szipinf (  480): Initializing inflate state
D/dalvikvm(  406): GC_CONCURRENT freed 183K, 48% free 2904K/5575K, external 0K/0K, paused 2ms+2ms
D/dalvikvm(  451): GC_EXTERNAL_ALLOC freed 133K, 49% free 2775K/5379K, external 0K/0K, paused 244ms
D/szipinf (  480): Initializing inflate state
E/TelephonyProvider(  406): Failed setting numeric '311490' to the current operator
D/MccTable(  406): updateMccMncConfiguration: mcc=311, mnc=490
D/dalvikvm(  235): GC_EXTERNAL_ALLOC freed 50K, 53% free 4273K/8967K, external 1800K/2312K, paused 99ms
I/ActivityThread(  480): Pub com.cyanogenmod.cmparts.provider.Settings: com.cyanogenmod.cmparts.provider.SettingsProvider
D/AlarmManagerService(  235): Kernel timezone updated to 300 minutes west of GMT
W/GpsLocationProvider(  235): Failed to enable location provider
D/dalvikvm(  235): GC_EXPLICIT freed 4K, 53% free 4277K/8967K, external 1200K/2400K, paused 131ms
D/dalvikvm(  235): GC_EXPLICIT freed 0K, 53% free 4277K/8967K, external 1200K/2400K, paused 68ms
D/dalvikvm(  451): GC_EXTERNAL_ALLOC freed 139K, 49% free 2845K/5511K, external 492K/512K, paused 144ms
V/AudioManager(  393): shouldVibrate, group: a126d48a-aaef-47c4-baed-7f0e44aeffe5 mode: DEFAULT
D/MccTable(  406): timezone set to America/New_York
D/MccTable(  406): locale set to en_us
D/ResourceType(  406): calling getConfigurations
D/ResourceType(  406): called getConfigurations size=229
I/ActivityManager(  235): Config changed: { scale=1.0 imsi=0/0 loc=en_US touch=3 keys=1/1/2 nav=1/1 orien=1 layout=18 uiMode=17 seq=4 themeResource=null}
D/ViewConsistency(  451): AbsListView com.android.launcher.AllAppsGridView@40546fd0 enabled= true
D/ProfileService(  235): Found active: ac5c994c-4c47-4526-b9d0-8b0060a80791
D/MccTable(  406): WIFI_NUM_ALLOWED_CHANNELS set to 11
