--------- beginning of /dev/log/main
I/DEBUG   (  123): debuggerd: Oct 26 2012 15:17:21
--------- beginning of /dev/log/system
I/Vold    (  143): Vold 2.1 (the revenge) firing up
D/Vold    (  143): Volume emmc state changing -1 (Initializing) -> 0 (No-Media)
D/Vold    (  143): Volume sdcard state changing -1 (Initializing) -> 0 (No-Media)
I/Netd    (  138): Netd 1.0 starting
I/dun_service(  154): The value returned from dun_getusbmodemstate_fromsys is 1 
I/dun_service(  154): modem is not present in configuration
I/dun_service(  154): Post event 1
I/dun_service(  154): received event: DUN_EVENT_USB_UNPLUG 
I/dun_service(  154): received event(DUN_EVENT_USB_UNPLUG) in state(DUN_STATE_USB_UNPLUG)
I/dun_service(  154): Ignoring the event DUN_EVENT_USB_UNPLUG in USB_UNPLUG_STATE
I/dun_service(  154): Moved to state(DUN_STATE_USB_UNPLUG)
I/dun_service(  154): Post event 3
I/dun_service(  154): received event: DUN_EVENT_RMNET_DOWN 
I/dun_service(  154): received event(DUN_EVENT_RMNET_DOWN) in state(DUN_STATE_USB_UNPLUG)
I/dun_service(  154): Ignoring the event DUN_EVENT_RMNET_DOWN in USB_UNPLUG_STATE
I/dun_service(  154): Moved to state(DUN_STATE_USB_UNPLUG)
I/dun_service(  154): The value returned from dun_getusbmodemstate_fromsys is 1 
I/dun_service(  154): Post event 1
I/dun_service(  154): received event: DUN_EVENT_USB_UNPLUG 
I/dun_service(  154): received event(DUN_EVENT_USB_UNPLUG) in state(DUN_STATE_USB_UNPLUG)
I/dun_service(  154): Ignoring the event DUN_EVENT_USB_UNPLUG in USB_UNPLUG_STATE
I/dun_service(  154): Moved to state(DUN_STATE_USB_UNPLUG)
D/Vold    (  143): Volume emmc state changing 0 (No-Media) -> 2 (Pending)
I/dun_service(  154): The value returned from dun_getusbmodemstate_fromsys is 1 
I/dun_service(  154): Post event 1
I/dun_service(  154): received event: DUN_EVENT_USB_UNPLUG 
I/dun_service(  154): received event(DUN_EVENT_USB_UNPLUG) in state(DUN_STATE_USB_UNPLUG)
I/dun_service(  154): Ignoring the event DUN_EVENT_USB_UNPLUG in USB_UNPLUG_STATE
I/dun_service(  154): Moved to state(DUN_STATE_USB_UNPLUG)
I/dun_service(  154): The value returned from dun_getusbmodemstate_fromsys is 1 
I/dun_service(  154): Post event 1
I/dun_service(  154): received event: DUN_EVENT_USB_UNPLUG 
I/dun_service(  154): received event(DUN_EVENT_USB_UNPLUG) in state(DUN_STATE_USB_UNPLUG)
I/dun_service(  154): Ignoring the event DUN_EVENT_USB_UNPLUG in USB_UNPLUG_STATE
I/dun_service(  154): Moved to state(DUN_STATE_USB_UNPLUG)
I/dun_service(  154): The value returned from dun_getusbmodemstate_fromsys is 1 
I/dun_service(  154): Post event 1
I/dun_service(  154): received event: DUN_EVENT_USB_UNPLUG 
I/dun_service(  154): received event(DUN_EVENT_USB_UNPLUG) in state(DUN_STATE_USB_UNPLUG)
I/dun_service(  154): Ignoring the event DUN_EVENT_USB_UNPLUG in USB_UNPLUG_STATE
I/dun_service(  154): Moved to state(DUN_STATE_USB_UNPLUG)
I/dun_service(  154): The value returned from dun_getusbmodemstate_fromsys is 1 
I/dun_service(  154): Post event 1
I/dun_service(  154): received event: DUN_EVENT_USB_UNPLUG 
I/dun_service(  154): received event(DUN_EVENT_USB_UNPLUG) in state(DUN_STATE_USB_UNPLUG)
I/dun_service(  154): Ignoring the event DUN_EVENT_USB_UNPLUG in USB_UNPLUG_STATE
I/dun_service(  154): Moved to state(DUN_STATE_USB_UNPLUG)
I/dun_service(  154): The value returned from dun_getusbmodemstate_fromsys is 1 
I/dun_service(  154): Post event 1
I/dun_service(  154): received event: DUN_EVENT_USB_UNPLUG 
I/dun_service(  154): received event(DUN_EVENT_USB_UNPLUG) in state(DUN_STATE_USB_UNPLUG)
I/dun_service(  154): Ignoring the event DUN_EVENT_USB_UNPLUG in USB_UNPLUG_STATE
I/dun_service(  154): Moved to state(DUN_STATE_USB_UNPLUG)
I/dun_service(  154): The value returned from dun_getusbmodemstate_fromsys is 1 
I/dun_service(  154): Post event 1
I/dun_service(  154): received event: DUN_EVENT_USB_UNPLUG 
I/dun_service(  154): received event(DUN_EVENT_USB_UNPLUG) in state(DUN_STATE_USB_UNPLUG)
I/dun_service(  154): Ignoring the event DUN_EVENT_USB_UNPLUG in USB_UNPLUG_STATE
I/dun_service(  154): Moved to state(DUN_STATE_USB_UNPLUG)
I/dun_service(  154): The value returned from dun_getusbmodemstate_fromsys is 1 
I/dun_service(  154): Post event 1
I/dun_service(  154): received event: DUN_EVENT_USB_UNPLUG 
I/dun_service(  154): received event(DUN_EVENT_USB_UNPLUG) in state(DUN_STATE_USB_UNPLUG)
I/dun_service(  154): Ignoring the event DUN_EVENT_USB_UNPLUG in USB_UNPLUG_STATE
I/dun_service(  154): Moved to state(DUN_STATE_USB_UNPLUG)
I/dun_service(  154): The value returned from dun_getusbmodemstate_fromsys is 1 
I/dun_service(  154): Post event 1
I/dun_service(  154): received event: DUN_EVENT_USB_UNPLUG 
I/dun_service(  154): received event(DUN_EVENT_USB_UNPLUG) in state(DUN_STATE_USB_UNPLUG)
I/dun_service(  154): Ignoring the event DUN_EVENT_USB_UNPLUG in USB_UNPLUG_STATE
I/dun_service(  154): Moved to state(DUN_STATE_USB_UNPLUG)
I/dun_service(  154): The value returned from dun_getusbmodemstate_fromsys is 1 
I/dun_service(  154): Post event 1
I/dun_service(  154): received event: DUN_EVENT_USB_UNPLUG 
I/dun_service(  154): received event(DUN_EVENT_USB_UNPLUG) in state(DUN_STATE_USB_UNPLUG)
I/dun_service(  154): Ignoring the event DUN_EVENT_USB_UNPLUG in USB_UNPLUG_STATE
I/dun_service(  154): Moved to state(DUN_STATE_USB_UNPLUG)
I/dun_service(  154): The value returned from dun_getusbmodemstate_fromsys is 1 
I/dun_service(  154): Post event 1
I/dun_service(  154): received event: DUN_EVENT_USB_UNPLUG 
I/dun_service(  154): received event(DUN_EVENT_USB_UNPLUG) in state(DUN_STATE_USB_UNPLUG)
I/dun_service(  154): Ignoring the event DUN_EVENT_USB_UNPLUG in USB_UNPLUG_STATE
I/dun_service(  154): Moved to state(DUN_STATE_USB_UNPLUG)
I/dun_service(  154): The value returned from dun_getusbmodemstate_fromsys is 1 
I/dun_service(  154): Post event 1
I/dun_service(  154): received event: DUN_EVENT_USB_UNPLUG 
I/dun_service(  154): received event(DUN_EVENT_USB_UNPLUG) in state(DUN_STATE_USB_UNPLUG)
I/dun_service(  154): Ignoring the event DUN_EVENT_USB_UNPLUG in USB_UNPLUG_STATE
I/dun_service(  154): Moved to state(DUN_STATE_USB_UNPLUG)
D/Vold    (  143): Volume emmc state changing 2 (Pending) -> 1 (Idle-Unmounted)
W/Vold    (  143): Duplicate state (1)
W/Vold    (  143): Duplicate state (1)
W/Vold    (  143): Duplicate state (1)
W/Vold    (  143): Duplicate state (1)
I/dun_service(  154): The value returned from dun_getusbmodemstate_fromsys is 1 
I/dun_service(  154): Post event 1
I/dun_service(  154): received event: DUN_EVENT_USB_UNPLUG 
I/dun_service(  154): received event(DUN_EVENT_USB_UNPLUG) in state(DUN_STATE_USB_UNPLUG)
I/dun_service(  154): Ignoring the event DUN_EVENT_USB_UNPLUG in USB_UNPLUG_STATE
I/dun_service(  154): Moved to state(DUN_STATE_USB_UNPLUG)
I/dun_service(  154): The value returned from dun_getusbmodemstate_fromsys is 1 
I/dun_service(  154): Post event 1
I/dun_service(  154): received event: DUN_EVENT_USB_UNPLUG 
I/dun_service(  154): received event(DUN_EVENT_USB_UNPLUG) in state(DUN_STATE_USB_UNPLUG)
I/dun_service(  154): Ignoring the event DUN_EVENT_USB_UNPLUG in USB_UNPLUG_STATE
I/dun_service(  154): Moved to state(DUN_STATE_USB_UNPLUG)
I/dun_service(  154): The value returned from dun_getusbmodemstate_fromsys is 1 
I/dun_service(  154): Post event 1
I/dun_service(  154): received event: DUN_EVENT_USB_UNPLUG 
I/dun_service(  154): received event(DUN_EVENT_USB_UNPLUG) in state(DUN_STATE_USB_UNPLUG)
I/dun_service(  154): Ignoring the event DUN_EVENT_USB_UNPLUG in USB_UNPLUG_STATE
I/dun_service(  154): Moved to state(DUN_STATE_USB_UNPLUG)
I/dun_service(  154): The value returned from dun_getusbmodemstate_fromsys is 1 
I/dun_service(  154): Post event 1
I/dun_service(  154): received event: DUN_EVENT_USB_UNPLUG 
I/dun_service(  154): received event(DUN_EVENT_USB_UNPLUG) in state(DUN_STATE_USB_UNPLUG)
I/dun_service(  154): Ignoring the event DUN_EVENT_USB_UNPLUG in USB_UNPLUG_STATE
I/dun_service(  154): Moved to state(DUN_STATE_USB_UNPLUG)
I/dun_service(  154): The value returned from dun_getusbmodemstate_fromsys is 1 
I/dun_service(  154): Post event 1
I/dun_service(  154): received event: DUN_EVENT_USB_UNPLUG 
I/dun_service(  154): received event(DUN_EVENT_USB_UNPLUG) in state(DUN_STATE_USB_UNPLUG)
I/dun_service(  154): Ignoring the event DUN_EVENT_USB_UNPLUG in USB_UNPLUG_STATE
I/dun_service(  154): Moved to state(DUN_STATE_USB_UNPLUG)
I/dun_service(  154): The value returned from dun_getusbmodemstate_fromsys is 1 
I/dun_service(  154): Post event 1
I/dun_service(  154): received event: DUN_EVENT_USB_UNPLUG 
I/dun_service(  154): received event(DUN_EVENT_USB_UNPLUG) in state(DUN_STATE_USB_UNPLUG)
I/dun_service(  154): Ignoring the event DUN_EVENT_USB_UNPLUG in USB_UNPLUG_STATE
I/dun_service(  154): Moved to state(DUN_STATE_USB_UNPLUG)
I/dun_service(  154): The value returned from dun_getusbmodemstate_fromsys is 1 
I/dun_service(  154): Post event 1
I/dun_service(  154): received event: DUN_EVENT_USB_UNPLUG 
I/dun_service(  154): received event(DUN_EVENT_USB_UNPLUG) in state(DUN_STATE_USB_UNPLUG)
I/dun_service(  154): Ignoring the event DUN_EVENT_USB_UNPLUG in USB_UNPLUG_STATE
I/dun_service(  154): Moved to state(DUN_STATE_USB_UNPLUG)
I/dun_service(  154): The value returned from dun_getusbmodemstate_fromsys is 1 
I/dun_service(  154): Post event 1
I/dun_service(  154): received event: DUN_EVENT_USB_UNPLUG 
I/dun_service(  154): received event(DUN_EVENT_USB_UNPLUG) in state(DUN_STATE_USB_UNPLUG)
I/dun_service(  154): Ignoring the event DUN_EVENT_USB_UNPLUG in USB_UNPLUG_STATE
I/dun_service(  154): Moved to state(DUN_STATE_USB_UNPLUG)
W/Vold    (  143): Duplicate state (1)
W/Vold    (  143): Duplicate state (1)
W/Vold    (  143): Duplicate state (1)
W/Vold    (  143): Duplicate state (1)
W/Vold    (  143): Duplicate state (1)
W/Vold    (  143): Duplicate state (1)
W/Vold    (  143): Duplicate state (1)
W/Vold    (  143): Duplicate state (1)
W/Vold    (  143): Duplicate state (1)
W/Vold    (  143): Duplicate state (1)
I/dun_service(  154): The value returned from dun_getusbmodemstate_fromsys is 1 
I/dun_service(  154): Post event 1
I/dun_service(  154): received event: DUN_EVENT_USB_UNPLUG 
I/dun_service(  154): received event(DUN_EVENT_USB_UNPLUG) in state(DUN_STATE_USB_UNPLUG)
I/dun_service(  154): Ignoring the event DUN_EVENT_USB_UNPLUG in USB_UNPLUG_STATE
I/dun_service(  154): Moved to state(DUN_STATE_USB_UNPLUG)
I/dun_service(  154): The value returned from dun_getusbmodemstate_fromsys is 1 
I/dun_service(  154): Post event 1
I/dun_service(  154): received event: DUN_EVENT_USB_UNPLUG 
I/dun_service(  154): received event(DUN_EVENT_USB_UNPLUG) in state(DUN_STATE_USB_UNPLUG)
I/dun_service(  154): Ignoring the event DUN_EVENT_USB_UNPLUG in USB_UNPLUG_STATE
I/dun_service(  154): Moved to state(DUN_STATE_USB_UNPLUG)
D/Vold    (  143): Volume sdcard state changing 0 (No-Media) -> 2 (Pending)
D/Vold    (  143): Volume sdcard state changing 2 (Pending) -> 1 (Idle-Unmounted)
I/DEBUG   (  123): debuggerd committing suicide to free the zombie!
I/dun_service(  154): The value returned from dun_getusbmodemstate_fromsys is 1 
I/dun_service(  154): Post event 1
I/dun_service(  154): received event: DUN_EVENT_USB_UNPLUG 
I/dun_service(  154): received event(DUN_EVENT_USB_UNPLUG) in state(DUN_STATE_USB_UNPLUG)
I/dun_service(  154): Ignoring the event DUN_EVENT_USB_UNPLUG in USB_UNPLUG_STATE
I/dun_service(  154): Moved to state(DUN_STATE_USB_UNPLUG)
I/dun_service(  154): The value returned from dun_getusbmodemstate_fromsys is 1 
I/dun_service(  154): Post event 1
I/dun_service(  154): The value returned from dun_getusbmodemstate_fromsys is 1 
I/dun_service(  154): Post event 1
I/dun_service(  154): received event: DUN_EVENT_USB_UNPLUG 
I/dun_service(  154): received event(DUN_EVENT_USB_UNPLUG) in state(DUN_STATE_USB_UNPLUG)
I/dun_service(  154): Ignoring the event DUN_EVENT_USB_UNPLUG in USB_UNPLUG_STATE
I/dun_service(  154): Moved to state(DUN_STATE_USB_UNPLUG)
I/dun_service(  154): received event: DUN_EVENT_USB_UNPLUG 
I/dun_service(  154): received event(DUN_EVENT_USB_UNPLUG) in state(DUN_STATE_USB_UNPLUG)
I/dun_service(  154): Ignoring the event DUN_EVENT_USB_UNPLUG in USB_UNPLUG_STATE
I/dun_service(  154): Moved to state(DUN_STATE_USB_UNPLUG)
W/Vold    (  143): Ignoring unknown switch 'usb_connected'
W/Vold    (  143): Ignoring unknown switch 'usb_configuration'
I/dun_service(  154): The value returned from dun_getusbmodemstate_fromsys is 1 
I/dun_service(  154): Post event 1
I/dun_service(  154): received event: DUN_EVENT_USB_UNPLUG 
I/dun_service(  154): received event(DUN_EVENT_USB_UNPLUG) in state(DUN_STATE_USB_UNPLUG)
I/dun_service(  154): Ignoring the event DUN_EVENT_USB_UNPLUG in USB_UNPLUG_STATE
I/dun_service(  154): Moved to state(DUN_STATE_USB_UNPLUG)
I/DMM     (  204): DMM Disabled. movable_start_bytes not set: 0 
W/Vold    (  143): Ignoring unknown switch 'usb_connected'
I/DMM     (  206): Self-Refresh-Only Disabled. low_power_memory_start_bytes not set:0 
I/dun_service(  154): The value returned from dun_getusbmodemstate_fromsys is 1 
I/dun_service(  154): Post event 1
I/dun_service(  154): The value returned from dun_getusbmodemstate_fromsys is 1 
I/dun_service(  154): Post event 1
I/dun_service(  154): The value returned from dun_getusbmodemstate_fromsys is 1 
I/dun_service(  154): Post event 1
I/dun_service(  154): received event: DUN_EVENT_USB_UNPLUG 
I/dun_service(  154): received event(DUN_EVENT_USB_UNPLUG) in state(DUN_STATE_USB_UNPLUG)
I/dun_service(  154): Ignoring the event DUN_EVENT_USB_UNPLUG in USB_UNPLUG_STATE
I/dun_service(  154): Moved to state(DUN_STATE_USB_UNPLUG)
I/dun_service(  154): received event: DUN_EVENT_USB_UNPLUG 
I/dun_service(  154): received event(DUN_EVENT_USB_UNPLUG) in state(DUN_STATE_USB_UNPLUG)
I/dun_service(  154): Ignoring the event DUN_EVENT_USB_UNPLUG in USB_UNPLUG_STATE
I/dun_service(  154): Moved to state(DUN_STATE_USB_UNPLUG)
I/dun_service(  154): received event: DUN_EVENT_USB_UNPLUG 
I/dun_service(  154): received event(DUN_EVENT_USB_UNPLUG) in state(DUN_STATE_USB_UNPLUG)
I/dun_service(  154): Ignoring the event DUN_EVENT_USB_UNPLUG in USB_UNPLUG_STATE
I/dun_service(  154): Moved to state(DUN_STATE_USB_UNPLUG)
I/dun_service(  154): The value returned from dun_getusbmodemstate_fromsys is 1 
I/dun_service(  154): Post event 1
I/dun_service(  154): received event: DUN_EVENT_USB_UNPLUG 
I/dun_service(  154): received event(DUN_EVENT_USB_UNPLUG) in state(DUN_STATE_USB_UNPLUG)
I/dun_service(  154): Ignoring the event DUN_EVENT_USB_UNPLUG in USB_UNPLUG_STATE
I/dun_service(  154): Moved to state(DUN_STATE_USB_UNPLUG)
W/Vold    (  143): Ignoring unknown switch 'MSM72K_UDC'
W/Vold    (  143): Ignoring unknown switch 'MSM72K_UDC'
W/Vold    (  143): Ignoring unknown switch 'usb_configuration'
D/AndroidRuntime(  140): 
D/AndroidRuntime(  140): >>>>>> AndroidRuntime START com.android.internal.os.ZygoteInit <<<<<<
I/AndroidRuntime(  140): Heap size: -Xmx64m
D/AndroidRuntime(  140): CheckJNI is OFF
D/dalvikvm(  140): creating instr width table
I/        (  141): ServiceManager: 0xad50
D/AudioHardwareMSM7X30(  141): Could not open libhtc_acoustic.so
D/AudioHardwareMSM7X30(  141): msm_mixer_open: Opening the device
D/AudioHardwareMSM7X30(  141): msm_mixer_count:mixer_cnt = 33
V/AudioHardwareMSM7X30(  141): got device_count 21
I/AudioHardwareMSM7X30(  141): ******* name[0] = [handset_voice_rx] *********
I/AudioHardwareMSM7X30(  141): index = 0
I/AudioHardwareMSM7X30(  141): Found device: handset_voice_rx:index = 0, dev_id: 0
I/AudioHardwareMSM7X30(  141): class ID = 0,capablity = 5 for device 0
I/AudioHardwareMSM7X30(  141): ******* name[1] = [headset_stereo_voice_rx] *********
I/AudioHardwareMSM7X30(  141): index = 2
I/AudioHardwareMSM7X30(  141): Found device: headset_stereo_voice_rx:index = 2, dev_id: 1
I/AudioHardwareMSM7X30(  141): class ID = 0,capablity = 5 for device 1
I/AudioHardwareMSM7X30(  141): ******* name[2] = [speaker_stereo_voice_rx] *********
I/AudioHardwareMSM7X30(  141): ******* name[3] = [tty_headset_mono_rx] *********
I/AudioHardwareMSM7X30(  141): index = 10
I/AudioHardwareMSM7X30(  141): Found device: tty_headset_mono_rx:index = 10, dev_id: 3
I/AudioHardwareMSM7X30(  141): class ID = 0,capablity = 37 for device 3
I/AudioHardwareMSM7X30(  141): ******* name[4] = [bt_sco_voice_rx] *********
I/AudioHardwareMSM7X30(  141): index = 17
I/AudioHardwareMSM7X30(  141): Found device: bt_sco_voice_rx:index = 17, dev_id: 4
I/AudioHardwareMSM7X30(  141): class ID = 1,capablity = 5 for device 4
I/AudioHardwareMSM7X30(  141): ******* name[5] = [handset_audio_rx] *********
I/AudioHardwareMSM7X30(  141): ******* name[6] = [headset_stereo_audio_rx] *********
I/AudioHardwareMSM7X30(  141): ******* name[7] = [speaker_stereo_audio_rx] *********
I/AudioHardwareMSM7X30(  141): index = 6
I/AudioHardwareMSM7X30(  141): Found device: speaker_stereo_audio_rx:index = 6, dev_id: 7
I/AudioHardwareMSM7X30(  141): class ID = 0,capablity = 5 for device 7
I/AudioHardwareMSM7X30(  141): ******* name[8] = [headset_speaker_stereo_rx] *********
I/AudioHardwareMSM7X30(  141): index = 12
I/AudioHardwareMSM7X30(  141): Found device: headset_speaker_stereo_rx:index = 12, dev_id: 8
I/AudioHardwareMSM7X30(  141): class ID = 0,capablity = 5 for device 8
I/AudioHardwareMSM7X30(  141): ******* name[9] = [bt_sco_audio_rx] *********
I/AudioHardwareMSM7X30(  141): ******* name[10] = [a2dp_rx] *********
I/AudioHardwareMSM7X30(  141): ******* name[11] = [handset_voice_tx] *********
I/AudioHardwareMSM7X30(  141): index = 1
I/AudioHardwareMSM7X30(  141): Found device: handset_voice_tx:index = 1, dev_id: 11
I/AudioHardwareMSM7X30(  141): class ID = 0,capablity = 6 for device 11
I/AudioHardwareMSM7X30(  141): ******* name[12] = [headset_voice_tx] *********
I/AudioHardwareMSM7X30(  141): index = 4
I/AudioHardwareMSM7X30(  141): Found device: headset_voice_tx:index = 4, dev_id: 12
I/AudioHardwareMSM7X30(  141): class ID = 0,capablity = 6 for device 12
I/AudioHardwareMSM7X30(  141): ******* name[13] = [speaker_voice_tx] *********
I/AudioHardwareMSM7X30(  141): index = 11
I/AudioHardwareMSM7X30(  141): Found device: speaker_voice_tx:index = 11, dev_id: 13
I/AudioHardwareMSM7X30(  141): class ID = 0,capablity = 6 for device 13
I/AudioHardwareMSM7X30(  141): ******* name[14] = [tty_tx] *********
I/AudioHardwareMSM7X30(  141): index = 9
I/AudioHardwareMSM7X30(  141): Found device: tty_tx:index = 9, dev_id: 14
I/AudioHardwareMSM7X30(  141): class ID = 0,capablity = 38 for device 14
I/mediaserver(  126): mixer_cnt =33
I/AudioHardwareMSM7X30(  141): ******* name[15] = [bt_sco_tx] *********
I/AudioHardwareMSM7X30(  141): index = 18
I/AudioHardwareMSM7X30(  141): Found device: bt_sco_tx:index = 18, dev_id: 15
I/AudioHardwareMSM7X30(  141): class ID = 1,capablity = 6 for device 15
I/AudioHardwareMSM7X30(  141): ******* name[16] = [mic1_rec_tx] *********
I/AudioHardwareMSM7X30(  141): ******* name[17] = [cam_rec_tx] *********
I/AudioHardwareMSM7X30(  141): ******* name[18] = [voice_rec_tx] *********
I/AudioHardwareMSM7X30(  141): ******* name[19] = [handset_loopback_tx] *********
I/AudioHardwareMSM7X30(  141): ******* name[20] = [headset_loopback_tx] *********
D/AudioHardwareInterface(  141): setMode(NORMAL)
I/AudioHardwareMSM7X30(  141): Set master volume to 7.
V/AudioHardwareMSM7X30(  141): set_volume_rpc(0, 0, 7)
V/AudioHardwareMSM7X30(  141): set_volume_rpc(1, 0, 7)
V/AudioHardwareMSM7X30(  141): set_volume_rpc(3, 0, 7)
V/AudioHardwareMSM7X30(  141): set_volume_rpc(2, 0, 7)
I/CameraService(  141): CameraService started (pid=141)
D/AudioHardwareMSM7X30(  141): AudioHardware::openOutputStream
D/AudioFlinger(  141): setParameters(): io 1, keyvalue routing=2, tid 210, calling tid 141
I/AudioFlinger(  141): AudioFlinger's thread 0xf010 ready to run
V/AudioHardwareMSM7X30(  141): AudioStreamOutMSM72xx::setParameters() routing=2
V/AudioHardwareMSM7X30(  141): set output routing 0x2
D/AudioHardwareMSM7X30(  141): doRouting()
I/AudioHardwareMSM7X30(  141): Routing audio to Speakerphone
V/AudioHardwareMSM7X30(  141): doAudioRouteOrMute() device 1, mMode 0, mMicMute 1
V/AudioHardwareMSM7X30(  141): do_route_audio_rpc(1, 1, 1)
V/AudioHardwareMSM7X30(  141): In SPEAKER
D/AudioHardwareMSM7X30(  141): new_rx = 7
D/AudioHardwareMSM7X30(  141): new_tx = 13
D/AudioHardwareMSM7X30(  141): updateDeviceInfo: E rx_device 6 and tx_device 11
D/AudioHardwareMSM7X30(  141): No active voicecall/playback, disabling cur_rx 65535
D/AudioHardwareMSM7X30(  141): No active voicecall/recording, disabling cur_tx 65535
D/AudioHardwareMSM7X30(  141): updateDeviceInfo: X cur_rx 6 cur_tx 11
D/AudioHardwareMSM7X30(  141): setVoiceVolume(1.000000)
I/AudioHardwareMSM7X30(  141): Setting in-call volume to 100 (available range is 0 to 100)
E/AudioHardwareMSM7X30(  141): msm_set_voice_rx_vol(100) failed errno = 1
D/AudioHardwareMSM7X30(  141): AudioStreamOutMSM72xx::standby()
I/mediaserver(  126): msm_mixer_elem_write failed.
D/dalvikvm(  140): DexOpt: --- BEGIN 'core.jar' (bootstrap=1) ---
D/dalvikvm(  213): creating instr width table
D/dalvikvm(  213): Ignoring duplicate verify attempt on Ljava/lang/Object;
D/dalvikvm(  213): Ignoring duplicate verify attempt on Ljava/lang/Class;
D/dalvikvm(  213): DexOpt: load 132ms, verify+opt 1211ms
D/dalvikvm(  140): DexOpt: --- END 'core.jar' (success) ---
D/dalvikvm(  140): DEX prep '/system/framework/core.jar': unzip in 171ms, rewrite 2897ms
D/dalvikvm(  140): DexOpt: --- BEGIN 'bouncycastle.jar' (bootstrap=1) ---
D/dalvikvm(  216): creating instr width table
D/dalvikvm(  216): DexOpt: load 15ms, verify+opt 229ms
D/dalvikvm(  140): DexOpt: --- END 'bouncycastle.jar' (success) ---
D/dalvikvm(  140): DEX prep '/system/framework/bouncycastle.jar': unzip in 24ms, rewrite 641ms
D/dalvikvm(  140): DexOpt: --- BEGIN 'ext.jar' (bootstrap=1) ---
D/dalvikvm(  217): creating instr width table
I/dun_service(  154): The value returned from dun_getusbmodemstate_fromsys is 1 
I/dun_service(  154): Post event 1
I/dun_service(  154): The value returned from dun_getusbmodemstate_fromsys is 1 
I/dun_service(  154): Post event 1
I/dun_service(  154): received event: DUN_EVENT_USB_UNPLUG 
I/dun_service(  154): received event(DUN_EVENT_USB_UNPLUG) in state(DUN_STATE_USB_UNPLUG)
I/dun_service(  154): Ignoring the event DUN_EVENT_USB_UNPLUG in USB_UNPLUG_STATE
I/dun_service(  154): Moved to state(DUN_STATE_USB_UNPLUG)
I/dun_service(  154): received event: DUN_EVENT_USB_UNPLUG 
I/dun_service(  154): received event(DUN_EVENT_USB_UNPLUG) in state(DUN_STATE_USB_UNPLUG)
I/dun_service(  154): Ignoring the event DUN_EVENT_USB_UNPLUG in USB_UNPLUG_STATE
I/dun_service(  154): Moved to state(DUN_STATE_USB_UNPLUG)
D/dalvikvm(  217): DexOpt: load 46ms, verify+opt 435ms
D/dalvikvm(  140): DexOpt: --- END 'ext.jar' (success) ---
D/dalvikvm(  140): DEX prep '/system/framework/ext.jar': unzip in 40ms, rewrite 976ms
I/DEBUG   (  223): debuggerd: Oct 26 2012 15:17:21
D/dalvikvm(  140): DexOpt: --- BEGIN 'framework.jar' (bootstrap=1) ---
D/dalvikvm(  229): creating instr width table
D/dalvikvm(  229): Note: class Landroid/opengl/GLWrapperBase; has 211 unimplemented (abstract) methods
D/dalvikvm(  229): DexOpt: load 316ms, verify+opt 2329ms
D/dalvikvm(  140): DexOpt: --- END 'framework.jar' (success) ---
D/dalvikvm(  140): DEX prep '/system/framework/framework.jar': unzip in 717ms, rewrite 4450ms
D/dalvikvm(  140): DexOpt: --- BEGIN 'android.policy.jar' (bootstrap=1) ---
D/dalvikvm(  232): creating instr width table
D/dalvikvm(  232): DexOpt: load 24ms, verify+opt 137ms
D/dalvikvm(  140): DexOpt: --- END 'android.policy.jar' (success) ---
D/dalvikvm(  140): DEX prep '/system/framework/android.policy.jar': unzip in 11ms, rewrite 234ms
D/dalvikvm(  140): DexOpt: --- BEGIN 'services.jar' (bootstrap=1) ---
D/dalvikvm(  233): creating instr width table
D/dalvikvm(  233): DexOpt: load 39ms, verify+opt 735ms
D/dalvikvm(  140): DexOpt: --- END 'services.jar' (success) ---
D/dalvikvm(  140): DEX prep '/system/framework/services.jar': unzip in 52ms, rewrite 1304ms
D/dalvikvm(  140): DexOpt: --- BEGIN 'core-junit.jar' (bootstrap=1) ---
D/dalvikvm(  234): creating instr width table
D/dalvikvm(  234): DexOpt: load 1ms, verify+opt 9ms
D/dalvikvm(  140): DexOpt: --- END 'core-junit.jar' (success) ---
D/dalvikvm(  140): DEX prep '/system/framework/core-junit.jar': unzip in 0ms, rewrite 336ms
I/SamplingProfilerIntegration(  140): Profiler is disabled.
I/Zygote  (  140): Preloading classes...
D/dalvikvm(  140): GC_EXPLICIT freed 47K, 77% free 237K/1024K, external 0K/0K, paused 2ms
I/bluetooth_ScoSocket.cpp(  140): Entry name = MY-CAR ScoTypes = 0x7f
I/bluetooth_ScoSocket.cpp(  140): Entry name = Motorola HF850 ScoTypes = 0x7
W/MediaProfiles(  140): could not find media config xml file
I/app_process(  125): In mgmain JNI_OnLoad
I/dun_service(  154): The value returned from dun_getusbmodemstate_fromsys is 1 
I/dun_service(  154): Post event 1
I/dun_service(  154): The value returned from dun_getusbmodemstate_fromsys is 1 
I/dun_service(  154): Post event 1
I/dun_service(  154): received event: DUN_EVENT_USB_UNPLUG 
I/dun_service(  154): received event(DUN_EVENT_USB_UNPLUG) in state(DUN_STATE_USB_UNPLUG)
I/dun_service(  154): Ignoring the event DUN_EVENT_USB_UNPLUG in USB_UNPLUG_STATE
I/dun_service(  154): Moved to state(DUN_STATE_USB_UNPLUG)
I/dun_service(  154): received event: DUN_EVENT_USB_UNPLUG 
I/dun_service(  154): received event(DUN_EVENT_USB_UNPLUG) in state(DUN_STATE_USB_UNPLUG)
I/dun_service(  154): Ignoring the event DUN_EVENT_USB_UNPLUG in USB_UNPLUG_STATE
I/dun_service(  154): Moved to state(DUN_STATE_USB_UNPLUG)
D/RenderScript_jni(  140): RenderScript JNI library not found!
D/szipinf (  140): Initializing inflate state
D/dalvikvm(  140): GC_FOR_MALLOC freed 2915K, 57% free 2208K/5123K, external 0K/0K, paused 37ms
D/dalvikvm(  140): GC_FOR_MALLOC freed 2632K, 52% free 2486K/5123K, external 0K/0K, paused 34ms
I/app_process(  125): Jan 21, 1980 8:10:10 PM libcore.icu.TimeZones createZoneStringsFor
I/app_process(  125): INFO: Loaded time zone names for en_US in 733ms.
I/Zygote  (  140): ...preloaded 1829 classes in 2545ms.
D/Zygote  (  140): setreuid() error ignored, same uid.
D/dalvikvm(  140): GC_EXPLICIT freed 851K, 48% free 2677K/5123K, external 0K/0K, paused 28ms
I/Zygote  (  140): Preload resources disabled, skipped.
D/dalvikvm(  140): GC_EXPLICIT freed 25K, 49% free 2652K/5123K, external 0K/0K, paused 22ms
D/dalvikvm(  140): GC_EXPLICIT freed <1K, 49% free 2652K/5123K, external 0K/0K, paused 22ms
D/dalvikvm(  140): GC_EXPLICIT freed <1K, 49% free 2652K/5123K, external 0K/0K, paused 21ms
I/dalvikvm(  140): System server process 235 has been created
I/Zygote  (  140): Accepting command socket connections
I/sysproc (  235): Entered system_init()
I/sysproc (  235): ServiceManager: 0x12e870
I/SurfaceFlinger(  235): SurfaceFlinger is starting
I/SurfaceFlinger(  235): dithering enabled
I/SurfaceFlinger(  235): SurfaceFlinger's main thread ready to run. Initializing graphics H/W...
W/msm7x30.gralloc(  235): FBIOPUT_VSCREENINFO failed, page flipping not supported
W/msm7x30.gralloc(  235): page flipping not supported (yres_virtual=480, requested=960)
I/msm7x30.gralloc(  235): using (fd=27)
I/msm7x30.gralloc(  235): id           = msmfb40_10100
I/msm7x30.gralloc(  235): xres         = 320 px
I/msm7x30.gralloc(  235): yres         = 480 px
I/msm7x30.gralloc(  235): xres_virtual = 320 px
I/msm7x30.gralloc(  235): yres_virtual = 1440 px
I/msm7x30.gralloc(  235): bpp          = 32
I/msm7x30.gralloc(  235): r            = 24:8
I/msm7x30.gralloc(  235): g            = 16:8
I/msm7x30.gralloc(  235): b            =  8:8
I/msm7x30.gralloc(  235): width        = 51 mm (159.372543 dpi)
I/msm7x30.gralloc(  235): height       = 76 mm (160.421051 dpi)
I/msm7x30.gralloc(  235): refresh rate = 0.03 Hz
D/libEGL  (  235): loaded /system/lib/egl/libGLES_android.so
W/SurfaceFlinger(  235): ro.sf.lcd_density not defined, using 160 dpi by default.
I/SurfaceFlinger(  235): EGL informations:
I/SurfaceFlinger(  235): # of configs : 8
I/SurfaceFlinger(  235): vendor    : Android
I/SurfaceFlinger(  235): version   : 1.4 Android META-EGL
I/SurfaceFlinger(  235): extensions: EGL_KHR_image EGL_KHR_image_base EGL_KHR_image_pixmap EGL_KHR_gl_texture_2D_image EGL_KHR_gl_texture_cubemap_image EGL_KHR_gl_renderbuffer_image EGL_ANDROID_image_native_buffer EGL_ANDROID_swap_rectangle EGL_ANDROID_get_render_buffer 
I/SurfaceFlinger(  235): Client API: OpenGL ES
I/SurfaceFlinger(  235): EGLSurface: 8-8-8-8, config=0x4
I/SurfaceFlinger(  235): OpenGL informations:
I/SurfaceFlinger(  235): vendor    : Android
I/SurfaceFlinger(  235): renderer  : Android PixelFlinger 1.4
I/SurfaceFlinger(  235): version   : OpenGL ES-CM 1.0
I/SurfaceFlinger(  235): extensions: GL_OES_byte_coordinates GL_OES_fixed_point GL_OES_single_precision GL_OES_read_format GL_OES_compressed_paletted_texture GL_OES_draw_texture GL_OES_matrix_get GL_OES_query_matrix GL_OES_EGL_image GL_OES_compressed_ETC1_RGB8_texture GL_ARB_texture_compression GL_ARB_texture_non_power_of_two GL_ANDROID_user_clip_plane GL_ANDROID_vertex_buffer_object GL_ANDROID_generate_mipmap 
I/SurfaceFlinger(  235): GL_MAX_TEXTURE_SIZE = 4096
I/SurfaceFlinger(  235): GL_MAX_VIEWPORT_DIMS = 4096
I/SurfaceFlinger(  235): flags = 000c0000
D/SensorService(  235): nuSensorService starting...
D/libEGL  (  248): loaded /system/lib/egl/libGLES_android.so
W/zipro   (  248): Unable to open zip '/data/local/bootanimation.zip': No such file or directory
I/ARMAssembler(  235): generated scanline__00000077:03010101_00000004_00000000 [ 37 ipp] (57 ins) at [0x484bc1e8:0x484bc2cc] in 122071 ns
E/        (  235): open parameter file.
I/ARMAssembler(  248): generated scanline__00000077:03010104_00008004_00000000 [ 84 ipp] (103 ins) at [0x405501e8:0x40550384] in 122070 ns
E/        (  235): data_fd = 39
I/SensorService(  235): 3-axis Accelerometer
I/SensorService(  235): ALPS 3-axis Magnetic field sensor
I/SensorService(  235): ALPS Orientation sensor
I/SensorService(  235): GP2A Proximity sensor
I/sysproc (  235): System server: starting Android runtime.
I/sysproc (  235): System server: starting Android services.
I/sysproc (  235): System server: entering thread pool.
D/SensorService(  235): nuSensorService thread starting...
I/SystemServer(  235): Entered the Android system server!
I/SystemServer(  235): Entropy Service
W/EntropyService(  235): unable to load initial entropy (first boot?)
W/EntropyService(  235): java.io.FileNotFoundException: /data/system/entropy.dat (No such file or directory)
W/EntropyService(  235): 	at org.apache.harmony.luni.platform.OSFileSystem.open(Native Method)
W/EntropyService(  235): 	at dalvik.system.BlockGuard$WrappedFileSystem.open(BlockGuard.java:232)
W/EntropyService(  235): 	at java.io.FileInputStream.<init>(FileInputStream.java:80)
W/EntropyService(  235): 	at java.io.FileInputStream.<init>(FileInputStream.java:132)
W/EntropyService(  235): 	at com.android.server.RandomBlock.fromFile(RandomBlock.java:45)
W/EntropyService(  235): 	at com.android.server.EntropyService.loadInitialEntropy(EntropyService.java:99)
W/EntropyService(  235): 	at com.android.server.EntropyService.<init>(EntropyService.java:86)
W/EntropyService(  235): 	at com.android.server.EntropyService.<init>(EntropyService.java:76)
W/EntropyService(  235): 	at com.android.server.ServerThread.run(SystemServer.java:163)
I/SystemServer(  235): Power Manager
I/SystemServer(  235): Activity Manager
I/ActivityManager(  235): Memory class: 64
I/SystemServer(  235): Telephony Registry
I/SystemServer(  235): Package Manager
I/installd(  128): new connection
I/Installer(  235): connecting...
D/dalvikvm(  235): GC_CONCURRENT freed 150K, 47% free 3015K/5639K, external 0K/0K, paused 2ms+10ms
D/installd(  128): DexInv: --- BEGIN '/system/framework/android.test.runner.jar' ---
I/PackageManager(  235): No settings file; creating initial state
D/dalvikvm(  258): creating instr width table
D/dalvikvm(  258): DexOpt: load 11ms, verify+opt 115ms
D/installd(  128): DexInv: --- END '/system/framework/android.test.runner.jar' (success) ---
D/installd(  128): DexInv: --- BEGIN '/system/framework/com.android.location.provider.jar' ---
D/dalvikvm(  259): creating instr width table
D/dalvikvm(  259): DexOpt: load 1ms, verify+opt 9ms
D/installd(  128): DexInv: --- END '/system/framework/com.android.location.provider.jar' (success) ---
D/installd(  128): DexInv: --- BEGIN '/system/framework/javax.obex.jar' ---
D/dalvikvm(  260): creating instr width table
D/dalvikvm(  260): DexOpt: load 1ms, verify+opt 19ms
D/installd(  128): DexInv: --- END '/system/framework/javax.obex.jar' (success) ---
D/installd(  128): DexInv: --- BEGIN '/system/framework/com.android.future.usb.accessory.jar' ---
D/dalvikvm(  261): creating instr width table
D/dalvikvm(  261): DexOpt: load 0ms, verify+opt 4ms
D/installd(  128): DexInv: --- END '/system/framework/com.android.future.usb.accessory.jar' (success) ---
D/installd(  128): DexInv: --- BEGIN '/system/framework/svc.jar' ---
D/dalvikvm(  262): creating instr width table
D/dalvikvm(  262): DexOpt: load 13ms, verify+opt 4ms
D/installd(  128): DexInv: --- END '/system/framework/svc.jar' (success) ---
D/installd(  128): DexInv: --- BEGIN '/system/framework/sqlite-jdbc.jar' ---
D/dalvikvm(  263): creating instr width table
D/dalvikvm(  263): DexOpt: load 9ms, verify+opt 61ms
D/installd(  128): DexInv: --- END '/system/framework/sqlite-jdbc.jar' (success) ---
D/installd(  128): DexInv: --- BEGIN '/system/framework/pm.jar' ---
D/dalvikvm(  264): creating instr width table
D/dalvikvm(  264): DexOpt: load 1ms, verify+opt 29ms
D/installd(  128): DexInv: --- END '/system/framework/pm.jar' (success) ---
D/installd(  128): DexInv: --- BEGIN '/system/framework/monkey.jar' ---
D/dalvikvm(  265): creating instr width table
D/dalvikvm(  265): DexOpt: load 3ms, verify+opt 48ms
D/installd(  128): DexInv: --- END '/system/framework/monkey.jar' (success) ---
D/installd(  128): DexInv: --- BEGIN '/system/framework/input.jar' ---
D/dalvikvm(  266): creating instr width table
D/dalvikvm(  266): DexOpt: load 0ms, verify+opt 5ms
D/installd(  128): DexInv: --- END '/system/framework/input.jar' (success) ---
D/installd(  128): DexInv: --- BEGIN '/system/framework/ime.jar' ---
D/dalvikvm(  267): creating instr width table
D/dalvikvm(  267): DexOpt: load 0ms, verify+opt 4ms
D/installd(  128): DexInv: --- END '/system/framework/ime.jar' (success) ---
D/installd(  128): DexInv: --- BEGIN '/system/framework/bmgr.jar' ---
D/dalvikvm(  268): creating instr width table
D/dalvikvm(  268): DexOpt: load 1ms, verify+opt 5ms
D/installd(  128): DexInv: --- END '/system/framework/bmgr.jar' (success) ---
D/installd(  128): DexInv: --- BEGIN '/system/framework/am.jar' ---
D/dalvikvm(  269): creating instr width table
D/dalvikvm(  269): DexOpt: load 1ms, verify+opt 14ms
D/installd(  128): DexInv: --- END '/system/framework/am.jar' (success) ---
I/PackageManager(  235): /system/framework/framework-res.apk changed; collecting certs
D/dalvikvm(  235): GC_CONCURRENT freed 326K, 47% free 3215K/6023K, external 0K/0K, paused 2ms+3ms
D/dalvikvm(  235): GC_FOR_MALLOC freed 298K, 47% free 3261K/6151K, external 0K/0K, paused 18ms
D/dalvikvm(  235): GC_FOR_MALLOC freed 46K, 48% free 3309K/6279K, external 0K/0K, paused 29ms
I/dalvikvm-heap(  235): Grow heap (frag case) to 5.837MB for 194578-byte allocation
D/dalvikvm(  235): GC_FOR_MALLOC freed 0K, 46% free 3499K/6471K, external 0K/0K, paused 17ms
D/dalvikvm(  235): GC_FOR_MALLOC freed 94K, 48% free 3405K/6471K, external 0K/0K, paused 26ms
D/dalvikvm(  235): GC_FOR_MALLOC freed 279K, 48% free 3424K/6471K, external 0K/0K, paused 18ms
D/dalvikvm(  235): GC_FOR_MALLOC freed 94K, 46% free 3520K/6471K, external 0K/0K, paused 29ms
D/dalvikvm(  235): GC_FOR_MALLOC freed 215K, 47% free 3487K/6471K, external 0K/0K, paused 27ms
D/dalvikvm(  235): GC_FOR_MALLOC freed 40K, 46% free 3535K/6471K, external 0K/0K, paused 18ms
I/dalvikvm-heap(  235): Grow heap (frag case) to 6.053MB for 188434-byte allocation
D/dalvikvm(  235): GC_FOR_MALLOC freed 0K, 45% free 3719K/6663K, external 0K/0K, paused 34ms
D/dalvikvm(  235): GC_FOR_MALLOC freed 88K, 46% free 3631K/6663K, external 0K/0K, paused 18ms
D/dalvikvm(  235): GC_CONCURRENT freed 225K, 42% free 3918K/6663K, external 0K/0K, paused 2ms+3ms
D/dalvikvm(  235): GC_CONCURRENT freed 82K, 38% free 4323K/6919K, external 0K/0K, paused 2ms+2ms
D/dalvikvm(  235): GC_CONCURRENT freed 276K, 38% free 4610K/7367K, external 0K/0K, paused 2ms+3ms
I/PackageManager(  235): /system/app/VpnServices.apk changed; collecting certs
D/installd(  128): DexInv: --- BEGIN '/system/app/VpnServices.apk' ---
D/dalvikvm(  271): creating instr width table
D/dalvikvm(  235): GC_CONCURRENT freed 443K, 39% free 4618K/7559K, external 0K/0K, paused 2ms+29ms
D/dalvikvm(  271): DexOpt: load 3ms, verify+opt 31ms
D/installd(  128): DexInv: --- END '/system/app/VpnServices.apk' (success) ---
I/PackageManager(  235): /system/app/VoiceDialer.apk changed; collecting certs
D/installd(  128): DexInv: --- BEGIN '/system/app/VoiceDialer.apk' ---
D/dalvikvm(  272): creating instr width table
D/dalvikvm(  272): DexOpt: load 6ms, verify+opt 73ms
D/installd(  128): DexInv: --- END '/system/app/VoiceDialer.apk' (success) ---
I/PackageManager(  235): /system/app/UserDictionaryProvider.apk changed; collecting certs
I/PackageManager(  235): New shared user android.uid.shared: id=10001
D/installd(  128): DexInv: --- BEGIN '/system/app/UserDictionaryProvider.apk' ---
D/dalvikvm(  273): creating instr width table
D/dalvikvm(  273): DexOpt: load 2ms, verify+opt 9ms
D/installd(  128): DexInv: --- END '/system/app/UserDictionaryProvider.apk' (success) ---
I/PackageManager(  235): /system/app/TtsService.apk changed; collecting certs
D/installd(  128): DexInv: --- BEGIN '/system/app/TtsService.apk' ---
D/dalvikvm(  274): creating instr width table
D/dalvikvm(  274): DexOpt: load 2ms, verify+opt 30ms
D/installd(  128): DexInv: --- END '/system/app/TtsService.apk' (success) ---
I/PackageManager(  235): /system/app/ThemeManager.apk changed; collecting certs
D/installd(  128): DexInv: --- BEGIN '/system/app/ThemeManager.apk' ---
D/dalvikvm(  275): creating instr width table
D/dalvikvm(  235): GC_CONCURRENT freed 2000K, 59% free 3130K/7623K, external 0K/0K, paused 2ms+10ms
D/dalvikvm(  275): DexOpt: load 2ms, verify+opt 29ms
D/installd(  128): DexInv: --- END '/system/app/ThemeManager.apk' (success) ---
I/PackageManager(  235): /system/app/ThemeChooser.apk changed; collecting certs
D/installd(  128): DexInv: --- BEGIN '/system/app/ThemeChooser.apk' ---
D/dalvikvm(  276): creating instr width table
D/dalvikvm(  276): DexOpt: load 11ms, verify+opt 35ms
D/installd(  128): DexInv: --- END '/system/app/ThemeChooser.apk' (success) ---
I/PackageManager(  235): /system/app/TelephonyProvider.apk changed; collecting certs
D/installd(  128): DexInv: --- BEGIN '/system/app/TelephonyProvider.apk' ---
D/dalvikvm(  279): creating instr width table
D/dalvikvm(  279): DexOpt: load 2ms, verify+opt 63ms
D/installd(  128): DexInv: --- END '/system/app/TelephonyProvider.apk' (success) ---
I/PackageManager(  235): /system/app/SystemUI.apk changed; collecting certs
D/dalvikvm(  235): GC_CONCURRENT freed 410K, 58% free 3226K/7623K, external 0K/0K, paused 2ms+3ms
D/installd(  128): DexInv: --- BEGIN '/system/app/SystemUI.apk' ---
D/dalvikvm(  280): creating instr width table
D/dalvikvm(  235): GC_CONCURRENT freed 318K, 57% free 3316K/7623K, external 0K/0K, paused 2ms+9ms
D/dalvikvm(  280): DexOpt: load 53ms, verify+opt 140ms
D/installd(  128): DexInv: --- END '/system/app/SystemUI.apk' (success) ---
I/PackageManager(  235): /system/app/Superuser.apk changed; collecting certs
D/dalvikvm(  235): GC_CONCURRENT freed 297K, 54% free 3531K/7623K, external 0K/0K, paused 2ms+4ms
D/installd(  128): DexInv: --- BEGIN '/system/app/Superuser.apk' ---
D/dalvikvm(  281): creating instr width table
D/dalvikvm(  281): DexOpt: load 60ms, verify+opt 217ms
D/installd(  128): DexInv: --- END '/system/app/Superuser.apk' (success) ---
I/PackageManager(  235): /system/app/SpareParts.apk changed; collecting certs
D/installd(  128): DexInv: --- BEGIN '/system/app/SpareParts.apk' ---
D/dalvikvm(  282): creating instr width table
D/dalvikvm(  282): DexOpt: load 5ms, verify+opt 8ms
D/installd(  128): DexInv: --- END '/system/app/SpareParts.apk' (success) ---
I/PackageManager(  235): /system/app/SoundRecorder.apk changed; collecting certs
D/installd(  128): DexInv: --- BEGIN '/system/app/SoundRecorder.apk' ---
D/dalvikvm(  283): creating instr width table
D/dalvikvm(  283): DexOpt: load 5ms, verify+opt 42ms
D/installd(  128): DexInv: --- END '/system/app/SoundRecorder.apk' (success) ---
I/PackageManager(  235): /system/app/SettingsProvider.apk changed; collecting certs
D/installd(  128): DexInv: --- BEGIN '/system/app/SettingsProvider.apk' ---
D/dalvikvm(  284): creating instr width table
D/dalvikvm(  235): GC_CONCURRENT freed 652K, 56% free 3375K/7623K, external 0K/0K, paused 2ms+11ms
D/dalvikvm(  284): DexOpt: load 3ms, verify+opt 36ms
D/installd(  128): DexInv: --- END '/system/app/SettingsProvider.apk' (success) ---
D/szipinf (  235): Initializing inflate state
I/PackageManager(  235): /system/app/Settings.apk changed; collecting certs
D/dalvikvm(  235): GC_CONCURRENT freed 495K, 56% free 3378K/7623K, external 0K/0K, paused 2ms+3ms
D/dalvikvm(  235): GC_CONCURRENT freed 282K, 53% free 3608K/7623K, external 0K/0K, paused 2ms+3ms
D/installd(  128): DexInv: --- BEGIN '/system/app/Settings.apk' ---
D/dalvikvm(  285): creating instr width table
D/dalvikvm(  285): DexOpt: load 77ms, verify+opt 478ms
D/installd(  128): DexInv: --- END '/system/app/Settings.apk' (success) ---
W/ResourceType(  235): getEntry failing because entryIndex 296 is beyond type entryCount 171
W/ResourceType(  235): Failure getting entry for 0x01030128 (t=2 e=296) in package 0 (error -2147483647)
I/PackageManager(  235): /system/app/RomManager.apk changed; collecting certs
D/dalvikvm(  235): GC_CONCURRENT freed 324K, 51% free 3795K/7623K, external 0K/0K, paused 12ms+7ms
D/installd(  128): DexInv: --- BEGIN '/system/app/RomManager.apk' ---
D/dalvikvm(  286): creating instr width table
D/dalvikvm(  286): DexOpt: 'Landroid/os/SystemProperties;' has an earlier definition; blocking out
D/dalvikvm(  286): DexOpt: not verifying 'Landroid/os/SystemProperties;': multiple definitions
D/dalvikvm(  286): DexOpt: couldn't find static field
I/dalvikvm(  286): DexOpt: not resolving ambiguous class 'Landroid/os/SystemProperties;'
I/dalvikvm(  286): DexOpt: not resolving ambiguous class 'Landroid/os/SystemProperties;'
I/dalvikvm(  286): DexOpt: not resolving ambiguous class 'Landroid/os/SystemProperties;'
I/dalvikvm(  286): DexOpt: not resolving ambiguous class 'Landroid/os/SystemProperties;'
D/dalvikvm(  286): DexOpt: load 71ms, verify+opt 393ms
D/installd(  128): DexInv: --- END '/system/app/RomManager.apk' (success) ---
D/szipinf (  235): Initializing inflate state
I/PackageManager(  235): /system/app/QuickSearchBox.apk changed; collecting certs
D/installd(  128): DexInv: --- BEGIN '/system/app/QuickSearchBox.apk' ---
D/dalvikvm(  235): GC_CONCURRENT freed 814K, 55% free 3433K/7623K, external 0K/0K, paused 1ms+8ms
D/dalvikvm(  287): creating instr width table
D/dalvikvm(  287): DexOpt: load 85ms, verify+opt 340ms
D/installd(  128): DexInv: --- END '/system/app/QuickSearchBox.apk' (success) ---
I/PackageManager(  235): /system/app/Provision.apk changed; collecting certs
D/installd(  128): DexInv: --- BEGIN '/system/app/Provision.apk' ---
D/dalvikvm(  290): creating instr width table
D/dalvikvm(  290): DexOpt: load 3ms, verify+opt 2ms
D/installd(  128): DexInv: --- END '/system/app/Provision.apk' (success) ---
D/szipinf (  235): Initializing inflate state
I/PackageManager(  235): /system/app/Protips.apk changed; collecting certs
D/installd(  128): DexInv: --- BEGIN '/system/app/Protips.apk' ---
D/dalvikvm(  291): creating instr width table
D/dalvikvm(  291): DexOpt: load 1ms, verify+opt 4ms
D/installd(  128): DexInv: --- END '/system/app/Protips.apk' (success) ---
I/PackageManager(  235): /system/app/PicoTts.apk changed; collecting certs
D/installd(  128): DexInv: --- BEGIN '/system/app/PicoTts.apk' ---
D/dalvikvm(  292): creating instr width table
D/dalvikvm(  235): GC_CONCURRENT freed 438K, 56% free 3421K/7623K, external 0K/0K, paused 2ms+8ms
D/dalvikvm(  292): DexOpt: load 9ms, verify+opt 7ms
D/installd(  128): DexInv: --- END '/system/app/PicoTts.apk' (success) ---
D/szipinf (  235): Initializing inflate state
I/PackageManager(  235): /system/app/Phone.apk changed; collecting certs
D/dalvikvm(  235): GC_CONCURRENT freed 480K, 55% free 3452K/7623K, external 0K/0K, paused 2ms+3ms
D/installd(  128): DexInv: --- BEGIN '/system/app/Phone.apk' ---
D/dalvikvm(  235): GC_CONCURRENT freed 248K, 53% free 3630K/7623K, external 0K/0K, paused 2ms+25ms
D/dalvikvm(  293): creating instr width table
D/dalvikvm(  293): DexOpt: load 58ms, verify+opt 375ms
D/installd(  128): DexInv: --- END '/system/app/Phone.apk' (success) ---
I/PackageManager(  235): /system/app/Pacman.apk changed; collecting certs
D/installd(  128): DexInv: --- BEGIN '/system/app/Pacman.apk' ---
D/dalvikvm(  294): creating instr width table
D/dalvikvm(  294): DexOpt: load 4ms, verify+opt 45ms
D/installd(  128): DexInv: --- END '/system/app/Pacman.apk' (success) ---
D/szipinf (  235): Initializing inflate state
I/PackageManager(  235): /system/app/PackageInstaller.apk changed; collecting certs
D/installd(  128): DexInv: --- BEGIN '/system/app/PackageInstaller.apk' ---
D/dalvikvm(  295): creating instr width table
D/dalvikvm(  295): DexOpt: load 5ms, verify+opt 44ms
D/installd(  128): DexInv: --- END '/system/app/PackageInstaller.apk' (success) ---
D/szipinf (  235): Initializing inflate state
I/PackageManager(  235): /system/app/Music.apk changed; collecting certs
D/dalvikvm(  235): GC_CONCURRENT freed 333K, 51% free 3805K/7623K, external 0K/0K, paused 1ms+6ms
D/installd(  128): DexInv: --- BEGIN '/system/app/Music.apk' ---
D/dalvikvm(  296): creating instr width table
D/dalvikvm(  296): DexOpt: load 50ms, verify+opt 173ms
D/installd(  128): DexInv: --- END '/system/app/Music.apk' (success) ---
D/szipinf (  235): Initializing inflate state
I/PackageManager(  235): /system/app/Mms.apk changed; collecting certs
D/dalvikvm(  235): GC_CONCURRENT freed 739K, 54% free 3577K/7623K, external 0K/0K, paused 1ms+4ms
D/installd(  128): DexInv: --- BEGIN '/system/app/Mms.apk' ---
D/dalvikvm(  235): GC_CONCURRENT freed 439K, 54% free 3537K/7623K, external 0K/0K, paused 2ms+10ms
D/dalvikvm(  297): creating instr width table
D/dalvikvm(  297): DexOpt: load 107ms, verify+opt 325ms
D/installd(  128): DexInv: --- END '/system/app/Mms.apk' (success) ---
I/PackageManager(  235): /system/app/MediaProvider.apk changed; collecting certs
I/PackageManager(  235): New shared user android.media: id=10015
D/installd(  128): DexInv: --- BEGIN '/system/app/MediaProvider.apk' ---
D/dalvikvm(  298): creating instr width table
D/dalvikvm(  298): DexOpt: load 3ms, verify+opt 51ms
D/installd(  128): DexInv: --- END '/system/app/MediaProvider.apk' (success) ---
D/szipinf (  235): Initializing inflate state
I/PackageManager(  235): /system/app/LatinIME.apk changed; collecting certs
D/dalvikvm(  235): GC_CONCURRENT freed 302K, 51% free 3736K/7623K, external 0K/0K, paused 2ms+4ms
D/dalvikvm(  235): GC_CONCURRENT freed 528K, 52% free 3720K/7623K, external 0K/0K, paused 9ms+4ms
D/installd(  128): DexInv: --- BEGIN '/system/app/LatinIME.apk' ---
D/dalvikvm(  299): creating instr width table
D/dalvikvm(  299): DexOpt: load 17ms, verify+opt 170ms
D/installd(  128): DexInv: --- END '/system/app/LatinIME.apk' (success) ---
I/PackageManager(  235): /system/app/HTMLViewer.apk changed; collecting certs
D/installd(  128): DexInv: --- BEGIN '/system/app/HTMLViewer.apk' ---
D/dalvikvm(  300): creating instr width table
D/dalvikvm(  300): DexOpt: load 5ms, verify+opt 33ms
D/installd(  128): DexInv: --- END '/system/app/HTMLViewer.apk' (success) ---
D/szipinf (  235): Initializing inflate state
I/PackageManager(  235): /system/app/Gallery3D.apk changed; collecting certs
D/installd(  128): DexInv: --- BEGIN '/system/app/Gallery3D.apk' ---
D/dalvikvm(  235): GC_CONCURRENT freed 323K, 49% free 3905K/7623K, external 0K/0K, paused 2ms+44ms
D/dalvikvm(  301): creating instr width table
D/dalvikvm(  301): DexOpt: load 22ms, verify+opt 266ms
D/installd(  128): DexInv: --- END '/system/app/Gallery3D.apk' (success) ---
D/szipinf (  235): Initializing inflate state
I/PackageManager(  235): /system/app/FileManager.apk changed; collecting certs
D/installd(  128): DexInv: --- BEGIN '/system/app/FileManager.apk' ---
D/dalvikvm(  304): creating instr width table
D/dalvikvm(  304): DexOpt: load 38ms, verify+opt 173ms
D/installd(  128): DexInv: --- END '/system/app/FileManager.apk' (success) ---
D/szipinf (  235): Initializing inflate state
I/PackageManager(  235): /system/app/Email.apk changed; collecting certs
D/dalvikvm(  235): GC_CONCURRENT freed 690K, 52% free 3711K/7623K, external 0K/0K, paused 2ms+4ms
D/installd(  128): DexInv: --- BEGIN '/system/app/Email.apk' ---
D/dalvikvm(  305): creating instr width table
D/dalvikvm(  305): DexOpt: load 69ms, verify+opt 645ms
D/installd(  128): DexInv: --- END '/system/app/Email.apk' (success) ---
I/PackageManager(  235): /system/app/DrmProvider.apk changed; collecting certs
D/installd(  128): DexInv: --- BEGIN '/system/app/DrmProvider.apk' ---
D/dalvikvm(  306): creating instr width table
D/dalvikvm(  235): GC_CONCURRENT freed 522K, 53% free 3637K/7623K, external 0K/0K, paused 2ms+9ms
D/dalvikvm(  306): DexOpt: load 1ms, verify+opt 25ms
D/installd(  128): DexInv: --- END '/system/app/DrmProvider.apk' (success) ---
D/szipinf (  235): Initializing inflate state
