V/MediaProvider(  600): deleting obsolete album art /mnt/sdcard/Android/data/com.android.providers.media/albumthumbs/1351289907102
V/MediaProvider(  600): deleting obsolete album art /mnt/sdcard/Android/data/com.android.providers.media/albumthumbs/1351289912166
V/MediaProvider(  600): deleting obsolete album art /mnt/sdcard/Android/data/com.android.providers.media/albumthumbs/1351289841039
V/MediaProvider(  600): deleting obsolete album art /mnt/sdcard/Android/data/com.android.providers.media/albumthumbs/1351289780003
V/MediaProvider(  600): deleting obsolete album art /mnt/sdcard/Android/data/com.android.providers.media/albumthumbs/1351289792916
V/MediaProvider(  600): deleting obsolete album art /mnt/sdcard/Android/data/com.android.providers.media/albumthumbs/1351289790666
V/MediaProvider(  600): deleting obsolete album art /mnt/sdcard/Android/data/com.android.providers.media/albumthumbs/1351289842626
V/MediaProvider(  600): deleting obsolete album art /mnt/sdcard/Android/data/com.android.providers.media/albumthumbs/1351289763981
V/MediaProvider(  600): deleting obsolete album art /mnt/sdcard/Android/data/com.android.providers.media/albumthumbs/1351289914615
V/MediaProvider(  600): deleting obsolete album art /mnt/sdcard/Android/data/com.android.providers.media/albumthumbs/1351289918392
V/MediaProvider(  600): deleting obsolete album art /mnt/sdcard/Android/data/com.android.providers.media/albumthumbs/1351289792361
V/MediaProvider(  600): deleting obsolete album art /mnt/sdcard/Android/data/com.android.providers.media/albumthumbs/1351289864887
V/MediaProvider(  600): deleting obsolete album art /mnt/sdcard/Android/data/com.android.providers.media/albumthumbs/1351289808505
V/MediaProvider(  600): deleting obsolete album art /mnt/sdcard/Android/data/com.android.providers.media/albumthumbs/1351289783103
V/MediaProvider(  600): deleting obsolete album art /mnt/sdcard/Android/data/com.android.providers.media/albumthumbs/1351289780436
V/MediaProvider(  600): deleting obsolete album art /mnt/sdcard/Android/data/com.android.providers.media/albumthumbs/1351289830986
V/MediaProvider(  600): deleting obsolete album art /mnt/sdcard/Android/data/com.android.providers.media/albumthumbs/1351289913965
V/MediaProvider(  600): deleting obsolete album art /mnt/sdcard/Android/data/com.android.providers.media/albumthumbs/1351289856191
V/MediaProvider(  600): deleting obsolete album art /mnt/sdcard/Android/data/com.android.providers.media/albumthumbs/1351289884547
V/MediaProvider(  600): deleting obsolete album art /mnt/sdcard/Android/data/com.android.providers.media/albumthumbs/1351289889641
V/MediaProvider(  600): deleting obsolete album art /mnt/sdcard/Android/data/com.android.providers.media/albumthumbs/1351289903910
V/MediaProvider(  600): deleting obsolete album art /mnt/sdcard/Android/data/com.android.providers.media/albumthumbs/1351289917286
V/MediaProvider(  600): deleting obsolete album art /mnt/sdcard/Android/data/com.android.providers.media/albumthumbs/1351289875519
V/MediaProvider(  600): deleting obsolete album art /mnt/sdcard/Android/data/com.android.providers.media/albumthumbs/1351289880179
V/MediaProvider(  600): deleting obsolete album art /mnt/sdcard/Android/data/com.android.providers.media/albumthumbs/1351289789908
V/MediaProvider(  600): deleting obsolete album art /mnt/sdcard/Android/data/com.android.providers.media/albumthumbs/1351289759447
V/MediaProvider(  600): deleting obsolete album art /mnt/sdcard/Android/data/com.android.providers.media/albumthumbs/1351289906350
V/MediaProvider(  600): deleting obsolete album art /mnt/sdcard/Android/data/com.android.providers.media/albumthumbs/1351289832079
V/MediaProvider(  600): deleting obsolete album art /mnt/sdcard/Android/data/com.android.providers.media/albumthumbs/1351289872357
V/MediaProvider(  600): deleting obsolete album art /mnt/sdcard/Android/data/com.android.providers.media/albumthumbs/1351289913497
V/MediaProvider(  600): deleting obsolete album art /mnt/sdcard/Android/data/com.android.providers.media/albumthumbs/1351289922761
V/MediaProvider(  600): deleting obsolete album art /mnt/sdcard/Android/data/com.android.providers.media/albumthumbs/1351289923916
V/MediaProvider(  600): deleting obsolete album art /mnt/sdcard/Android/data/com.android.providers.media/albumthumbs/1351289836123
V/MediaProvider(  600): deleting obsolete album art /mnt/sdcard/Android/data/com.android.providers.media/albumthumbs/1351289891763
V/MediaProvider(  600): deleting obsolete album art /mnt/sdcard/Android/data/com.android.providers.media/albumthumbs/1351289903010
V/MediaProvider(  600): deleting obsolete album art /mnt/sdcard/Android/data/com.android.providers.media/albumthumbs/1351289909549
V/MediaProvider(  600): deleting obsolete album art /mnt/sdcard/Android/data/com.android.providers.media/albumthumbs/1351289847757
V/MediaProvider(  600): deleting obsolete album art /mnt/sdcard/Android/data/com.android.providers.media/albumthumbs/1351289883368
V/MediaProvider(  600): deleting obsolete album art /mnt/sdcard/Android/data/com.android.providers.media/albumthumbs/1351289774235
V/MediaProvider(  600): deleting obsolete album art /mnt/sdcard/Android/data/com.android.providers.media/albumthumbs/1351289905119
V/MediaProvider(  600): deleting obsolete album art /mnt/sdcard/Android/data/com.android.providers.media/albumthumbs/1351289792669
V/MediaProvider(  600): deleting obsolete album art /mnt/sdcard/Android/data/com.android.providers.media/albumthumbs/1351289923694
V/MediaProvider(  600): deleting obsolete album art /mnt/sdcard/Android/data/com.android.providers.media/albumthumbs/1351289897254
V/MediaProvider(  600): deleting obsolete album art /mnt/sdcard/Android/data/com.android.providers.media/albumthumbs/1351289907503
V/MediaProvider(  600): deleting obsolete album art /mnt/sdcard/Android/data/com.android.providers.media/albumthumbs/1351289915076
V/MediaProvider(  600): deleting obsolete album art /mnt/sdcard/Android/data/com.android.providers.media/albumthumbs/1351289922994
V/MediaProvider(  600): deleting obsolete album art /mnt/sdcard/Android/data/com.android.providers.media/albumthumbs/1351289924156
V/MediaProvider(  600): deleting obsolete album art /mnt/sdcard/Android/data/com.android.providers.media/albumthumbs/1351289904169
V/MediaProvider(  600): deleting obsolete album art /mnt/sdcard/Android/data/com.android.providers.media/albumthumbs/1351289811681
V/MediaProvider(  600): deleting obsolete album art /mnt/sdcard/Android/data/com.android.providers.media/albumthumbs/1351289801527
V/MediaProvider(  600): deleting obsolete album art /mnt/sdcard/Android/data/com.android.providers.media/albumthumbs/1351289844874
V/MediaProvider(  600): deleting obsolete album art /mnt/sdcard/Android/data/com.android.providers.media/albumthumbs/1351289886701
V/MediaProvider(  600): deleting obsolete album art /mnt/sdcard/Android/data/com.android.providers.media/albumthumbs/1351289782764
V/MediaProvider(  600): deleting obsolete album art /mnt/sdcard/Android/data/com.android.providers.media/albumthumbs/1351289837628
V/MediaProvider(  600): deleting obsolete album art /mnt/sdcard/Android/data/com.android.providers.media/albumthumbs/1351289791607
V/MediaProvider(  600): deleting obsolete album art /mnt/sdcard/Android/data/com.android.providers.media/albumthumbs/1351289783744
V/MediaProvider(  600): deleting obsolete album art /mnt/sdcard/Android/data/com.android.providers.media/albumthumbs/1351289907982
V/MediaProvider(  600): deleting obsolete album art /mnt/sdcard/Android/data/com.android.providers.media/albumthumbs/1351289888808
V/MediaProvider(  600): deleting obsolete album art /mnt/sdcard/Android/data/com.android.providers.media/albumthumbs/1351289908704
V/MediaProvider(  600): deleting obsolete album art /mnt/sdcard/Android/data/com.android.providers.media/albumthumbs/1351289883723
V/MediaProvider(  600): deleting obsolete album art /mnt/sdcard/Android/data/com.android.providers.media/albumthumbs/1351289923335
V/MediaProvider(  600): deleting obsolete album art /mnt/sdcard/Android/data/com.android.providers.media/albumthumbs/1351289917729
V/MediaProvider(  600): deleting obsolete album art /mnt/sdcard/Android/data/com.android.providers.media/albumthumbs/1351289909284
V/MediaProvider(  600): deleting obsolete album art /mnt/sdcard/Android/data/com.android.providers.media/albumthumbs/1351289906653
V/MediaProvider(  600): deleting obsolete album art /mnt/sdcard/Android/data/com.android.providers.media/albumthumbs/1351289851407
V/MediaProvider(  600): deleting obsolete album art /mnt/sdcard/Android/data/com.android.providers.media/albumthumbs/1351289864491
V/MediaProvider(  600): deleting obsolete album art /mnt/sdcard/Android/data/com.android.providers.media/albumthumbs/1351289876364
V/MediaProvider(  600): deleting obsolete album art /mnt/sdcard/Android/data/com.android.providers.media/albumthumbs/1351289782409
V/MediaProvider(  600): deleting obsolete album art /mnt/sdcard/Android/data/com.android.providers.media/albumthumbs/1351289912758
V/MediaProvider(  600): deleting obsolete album art /mnt/sdcard/Android/data/com.android.providers.media/albumthumbs/1351289763000
V/MediaProvider(  600): deleting obsolete album art /mnt/sdcard/Android/data/com.android.providers.media/albumthumbs/1351289888273
V/MediaProvider(  600): deleting obsolete album art /mnt/sdcard/Android/data/com.android.providers.media/albumthumbs/1351289759672
V/MediaProvider(  600): deleting obsolete album art /mnt/sdcard/Android/data/com.android.providers.media/albumthumbs/1351289815246
V/MediaProvider(  600): deleting obsolete album art /mnt/sdcard/Android/data/com.android.providers.media/albumthumbs/1351289884921
V/MediaProvider(  600): deleting obsolete album art /mnt/sdcard/Android/data/com.android.providers.media/albumthumbs/1351289901993
V/MediaProvider(  600): deleting obsolete album art /mnt/sdcard/Android/data/com.android.providers.media/albumthumbs/1351289902731
V/MediaProvider(  600): deleting obsolete album art /mnt/sdcard/Android/data/com.android.providers.media/albumthumbs/1351289899608
V/MediaProvider(  600): deleting obsolete album art /mnt/sdcard/Android/data/com.android.providers.media/albumthumbs/1351289878873
V/MediaProvider(  600): deleting obsolete album art /mnt/sdcard/Android/data/com.android.providers.media/albumthumbs/1351289918150
I/wpa_supplicant(  691): CTRL-EVENT-STATE-CHANGE id=-1 state=1 BSSID=00:00:00:00:00:00
I/dun_service(  154): process rmnet event
I/dun_service(  154): Post event 3
I/dun_service(  154): received event: DUN_EVENT_RMNET_DOWN 
I/dun_service(  154): received event(DUN_EVENT_RMNET_DOWN) in state(DUN_STATE_USB_UNPLUG)
I/dun_service(  154): Ignoring the event DUN_EVENT_RMNET_DOWN in USB_UNPLUG_STATE
I/dun_service(  154): Moved to state(DUN_STATE_USB_UNPLUG)
V/MediaProvider(  600): deleting obsolete album art /mnt/sdcard/Android/data/com.android.providers.media/albumthumbs/1351289861910
V/MediaProvider(  600): deleting obsolete album art /mnt/sdcard/Android/data/com.android.providers.media/albumthumbs/1351289884101
V/MediaProvider(  600): deleting obsolete album art /mnt/sdcard/Android/data/com.android.providers.media/albumthumbs/1351289879641
V/MediaProvider(  600): deleting obsolete album art /mnt/sdcard/Android/data/com.android.providers.media/albumthumbs/1351289910828
V/MediaProvider(  600): deleting obsolete album art /mnt/sdcard/Android/data/com.android.providers.media/albumthumbs/1351289902266
V/MediaProvider(  600): deleting obsolete album art /mnt/sdcard/Android/data/com.android.providers.media/albumthumbs/1351289878524
V/MediaProvider(  600): deleting obsolete album art /mnt/sdcard/Android/data/com.android.providers.media/albumthumbs/1351289914249
V/MediaProvider(  600): deleting obsolete album art /mnt/sdcard/Android/data/com.android.providers.media/albumthumbs/1351289894940
V/MediaProvider(  600): deleting obsolete album art /mnt/sdcard/Android/data/com.android.providers.media/albumthumbs/1351289893997
V/MediaProvider(  600): deleting obsolete album art /mnt/sdcard/Android/data/com.android.providers.media/albumthumbs/1351289911499
V/MediaProvider(  600): deleting obsolete album art /mnt/sdcard/Android/data/com.android.providers.media/albumthumbs/1351289794804
V/MediaProvider(  600): deleting obsolete album art /mnt/sdcard/Android/data/com.android.providers.media/albumthumbs/1351289865205
V/MediaProvider(  600): deleting obsolete album art /mnt/sdcard/Android/data/com.android.providers.media/albumthumbs/1351289877259
V/MediaProvider(  600): deleting obsolete album art /mnt/sdcard/Android/data/com.android.providers.media/albumthumbs/1351289813260
V/MediaProvider(  600): deleting obsolete album art /mnt/sdcard/Android/data/com.android.providers.media/albumthumbs/1351289900886
V/MediaProvider(  600): deleting obsolete album art /mnt/sdcard/Android/data/com.android.providers.media/albumthumbs/1351289770553
V/MediaProvider(  600): deleting obsolete album art /mnt/sdcard/Android/data/com.android.providers.media/albumthumbs/1351289901340
V/MediaProvider(  600): deleting obsolete album art /mnt/sdcard/Android/data/com.android.providers.media/albumthumbs/1351289762205
V/MediaProvider(  600): deleting obsolete album art /mnt/sdcard/Android/data/com.android.providers.media/albumthumbs/1351289896240
V/MediaProvider(  600): deleting obsolete album art /mnt/sdcard/Android/data/com.android.providers.media/albumthumbs/1351289834545
V/MediaProvider(  600): deleting obsolete album art /mnt/sdcard/Android/data/com.android.providers.media/albumthumbs/1351289785733
V/MediaProvider(  600): deleting obsolete album art /mnt/sdcard/Android/data/com.android.providers.media/albumthumbs/1351289786163
V/MediaProvider(  600): deleting obsolete album art /mnt/sdcard/Android/data/com.android.providers.media/albumthumbs/1351289802474
V/MediaProvider(  600): deleting obsolete album art /mnt/sdcard/Android/data/com.android.providers.media/albumthumbs/1351289907748
V/MediaProvider(  600): deleting obsolete album art /mnt/sdcard/Android/data/com.android.providers.media/albumthumbs/1351289900141
V/MediaProvider(  600): deleting obsolete album art /mnt/sdcard/Android/data/com.android.providers.media/albumthumbs/1351289806166
V/MediaProvider(  600): deleting obsolete album art /mnt/sdcard/Android/data/com.android.providers.media/albumthumbs/1351289896532
V/MediaProvider(  600): deleting obsolete album art /mnt/sdcard/Android/data/com.android.providers.media/albumthumbs/1351289913254
V/MediaProvider(  600): deleting obsolete album art /mnt/sdcard/Android/data/com.android.providers.media/albumthumbs/1351289898685
V/MediaProvider(  600): deleting obsolete album art /mnt/sdcard/Android/data/com.android.providers.media/albumthumbs/1351289889994
V/MediaProvider(  600): deleting obsolete album art /mnt/sdcard/Android/data/com.android.providers.media/albumthumbs/1351289901737
V/MediaProvider(  600): deleting obsolete album art /mnt/sdcard/Android/data/com.android.providers.media/albumthumbs/1351289910509
V/MediaProvider(  600): deleting obsolete album art /mnt/sdcard/Android/data/com.android.providers.media/albumthumbs/1351289920185
V/MediaProvider(  600): deleting obsolete album art /mnt/sdcard/Android/data/com.android.providers.media/albumthumbs/1351289776232
V/MediaProvider(  600): deleting obsolete album art /mnt/sdcard/Android/data/com.android.providers.media/albumthumbs/1351289886300
V/MediaProvider(  600): deleting obsolete album art /mnt/sdcard/Android/data/com.android.providers.media/albumthumbs/1351289857972
V/MediaProvider(  600): deleting obsolete album art /mnt/sdcard/Android/data/com.android.providers.media/albumthumbs/1351289893447
V/MediaProvider(  600): deleting obsolete album art /mnt/sdcard/Android/data/com.android.providers.media/albumthumbs/1351289885773
V/MediaProvider(  600): deleting obsolete album art /mnt/sdcard/Android/data/com.android.providers.media/albumthumbs/1351289843386
V/MediaProvider(  600): deleting obsolete album art /mnt/sdcard/Android/data/com.android.providers.media/albumthumbs/1351289772288
V/MediaProvider(  600): deleting obsolete album art /mnt/sdcard/Android/data/com.android.providers.media/albumthumbs/1351289910173
V/MediaProvider(  600): deleting obsolete album art /mnt/sdcard/Android/data/com.android.providers.media/albumthumbs/1351289902522
V/MediaProvider(  600): deleting obsolete album art /mnt/sdcard/Android/data/com.android.providers.media/albumthumbs/1351289882592
V/MediaProvider(  600): deleting obsolete album art /mnt/sdcard/Android/data/com.android.providers.media/albumthumbs/1351289852913
V/MediaProvider(  600): deleting obsolete album art /mnt/sdcard/Android/data/com.android.providers.media/albumthumbs/1351289887108
V/MediaProvider(  600): deleting obsolete album art /mnt/sdcard/Android/data/com.android.providers.media/albumthumbs/1351289898242
V/MediaProvider(  600): deleting obsolete album art /mnt/sdcard/Android/data/com.android.providers.media/albumthumbs/1351289899027
V/MediaProvider(  600): deleting obsolete album art /mnt/sdcard/Android/data/com.android.providers.media/albumthumbs/1351289790980
V/MediaProvider(  600): deleting obsolete album art /mnt/sdcard/Android/data/com.android.providers.media/albumthumbs/1351289797875
V/MediaProvider(  600): deleting obsolete album art /mnt/sdcard/Android/data/com.android.providers.media/albumthumbs/1351289799665
V/MediaProvider(  600): deleting obsolete album art /mnt/sdcard/Android/data/com.android.providers.media/albumthumbs/1351289903563
V/MediaProvider(  600): deleting obsolete album art /mnt/sdcard/Android/data/com.android.providers.media/albumthumbs/1351289829998
V/MediaProvider(  600): deleting obsolete album art /mnt/sdcard/Android/data/com.android.providers.media/albumthumbs/1351289849593
V/MediaProvider(  600): deleting obsolete album art /mnt/sdcard/Android/data/com.android.providers.media/albumthumbs/1351289885288
V/MediaProvider(  600): deleting obsolete album art /mnt/sdcard/Android/data/com.android.providers.media/albumthumbs/1351289787892
V/MediaProvider(  600): deleting obsolete album art /mnt/sdcard/Android/data/com.android.providers.media/albumthumbs/1351289761798
V/MediaProvider(  600): deleting obsolete album art /mnt/sdcard/Android/data/com.android.providers.media/albumthumbs/1351289921265
V/MediaProvider(  600): deleting obsolete album art /mnt/sdcard/Android/data/com.android.providers.media/albumthumbs/1351289887642
V/MediaProvider(  600): deleting obsolete album art /mnt/sdcard/Android/data/com.android.providers.media/albumthumbs/1351289765842
V/MediaProvider(  600): deleting obsolete album art /mnt/sdcard/Android/data/com.android.providers.media/albumthumbs/1351289920646
V/MediaProvider(  600): deleting obsolete album art /mnt/sdcard/Android/data/com.android.providers.media/albumthumbs/1351289778057
V/MediaProvider(  600): deleting obsolete album art /mnt/sdcard/Android/data/com.android.providers.media/albumthumbs/1351289880552
V/MediaProvider(  600): deleting obsolete album art /mnt/sdcard/Android/data/com.android.providers.media/albumthumbs/1351289860868
V/MediaProvider(  600): deleting obsolete album art /mnt/sdcard/Android/data/com.android.providers.media/albumthumbs/1351289887975
V/MediaProvider(  600): deleting obsolete album art /mnt/sdcard/Android/data/com.android.providers.media/albumthumbs/1351289866219
V/MediaProvider(  600): deleting obsolete album art /mnt/sdcard/Android/data/com.android.providers.media/albumthumbs/1351289895938
V/MediaProvider(  600): deleting obsolete album art /mnt/sdcard/Android/data/com.android.providers.media/albumthumbs/1351289846456
V/MediaProvider(  600): deleting obsolete album art /mnt/sdcard/Android/data/com.android.providers.media/albumthumbs/1351289905962
V/MediaProvider(  600): deleting obsolete album art /mnt/sdcard/Android/data/com.android.providers.media/albumthumbs/1351289897579
V/MediaProvider(  600): deleting obsolete album art /mnt/sdcard/Android/data/com.android.providers.media/albumthumbs/1351289911853
V/MediaProvider(  600): deleting obsolete album art /mnt/sdcard/Android/data/com.android.providers.media/albumthumbs/1351289920976
V/MediaProvider(  600): deleting obsolete album art /mnt/sdcard/Android/data/com.android.providers.media/albumthumbs/1351289794571
V/MediaProvider(  600): deleting obsolete album art /mnt/sdcard/Android/data/com.android.providers.media/albumthumbs/1351289804069
V/MediaProvider(  600): deleting obsolete album art /mnt/sdcard/Android/data/com.android.providers.media/albumthumbs/1351289870000
V/MediaProvider(  600): deleting obsolete album art /mnt/sdcard/Android/data/com.android.providers.media/albumthumbs/1351289833042
V/MediaProvider(  600): deleting obsolete album art /mnt/sdcard/Android/data/com.android.providers.media/albumthumbs/1351289894366
V/MediaProvider(  600): deleting obsolete album art /mnt/sdcard/Android/data/com.android.providers.media/albumthumbs/1351289922063
V/MediaProvider(  600): deleting obsolete album art /mnt/sdcard/Android/data/com.android.providers.media/albumthumbs/1351289788625
V/MediaProvider(  600): deleting obsolete album art /mnt/sdcard/Android/data/com.android.providers.media/albumthumbs/1351289921680
V/MediaProvider(  600): deleting obsolete album art /mnt/sdcard/Android/data/com.android.providers.media/albumthumbs/1351289922501
V/MediaProvider(  600): deleting obsolete album art /mnt/sdcard/Android/data/com.android.providers.media/albumthumbs/1351289764993
V/MediaProvider(  600): deleting obsolete album art /mnt/sdcard/Android/data/com.android.providers.media/albumthumbs/1351289908350
V/MediaProvider(  600): Attached volume: external
I/ActivityManager(  235): Starting: Intent { act=android.intent.action.MAIN cmp=com.android.settings/.wifi.WifiSettings } from pid 491
D/ViewConsistency(  491): AbsListView android.widget.ListView@40556248 enabled= true
D/ViewConsistency(  491): AbsListView android.widget.ListView@40556248 enabled= true
D/wifi    (  235): wifi doCommand: ret=-1
D/wifi    (  235): wifi doCommand: ret=-1
D/wifi    (  235): wifi doCommand: ret=-1
D/wifi    (  235): wifi doCommand: ret=-1
D/wifi    (  235): wifi doCommand: ret=-1
D/wifi    (  235): wifi doCommand: ret=-1
D/MediaScanner(  600): found .nomedia, skipping directory
I/ActivityManager(  235): Displayed com.android.settings/.wifi.WifiSettings: +276ms
D/dalvikvm(  600): GC_EXTERNAL_ALLOC freed 300K, 52% free 2851K/5831K, external 0K/0K, paused 24ms
D/dalvikvm(  600): GC_EXTERNAL_ALLOC freed 12K, 52% free 2843K/5831K, external 9K/521K, paused 33ms
D/skia    (  600): --- decoder->decode returned false
W/MediaThumbRequest(  600): Can't create mini thumbnail for /mnt/sdcard/DCIM/Screenshots/screenshot-20121018-041103am.png
D/dalvikvm(  600): GC_EXTERNAL_ALLOC freed 32K, 51% free 2861K/5831K, external 609K/609K, paused 27ms
D/dalvikvm(  600): GC_EXTERNAL_ALLOC freed 31K, 51% free 2859K/5831K, external 99K/663K, paused 33ms
D/skia    (  600): --- decoder->decode returned false
W/MediaThumbRequest(  600): Can't create mini thumbnail for /mnt/sdcard/DCIM/Screenshots/screenshot-20121018-110515pm.png
D/dalvikvm(  600): GC_EXTERNAL_ALLOC freed 38K, 51% free 2873K/5831K, external 609K/609K, paused 44ms
D/skia    (  600): --- SkImageDecoder::Factory returned null
D/dalvikvm(  600): GC_FOR_MALLOC freed 135K, 51% free 2882K/5831K, external 99K/611K, paused 18ms
I/dalvikvm-heap(  600): Grow heap (frag case) to 5.434MB for 106610-byte allocation
D/dalvikvm(  600): GC_FOR_MALLOC freed 13K, 51% free 2973K/5959K, external 63K/575K, paused 16ms
V/WifiStateTracker(  235): Connection to supplicant established, state=INACTIVE
D/dalvikvm(  600): GC_CONCURRENT freed 505K, 52% free 2915K/6023K, external 9K/521K, paused 4ms+2ms
I/wpa_supplicant(  691): CTRL-EVENT-STATE-CHANGE id=-1 state=2 BSSID=00:00:00:00:00:00
V/WifiMonitor(  235): Event [CTRL-EVENT-STATE-CHANGE id=-1 state=2 BSSID=00:00:00:00:00:00]
V/WifiStateTracker(  235): Changing supplicant state: INACTIVE ==> SCANNING
I/TelephonyRegistry(  235): notifyDataConnection: state=0 isDataConnectivityPossible=false reason=apnSwitched interfaceName=null networkType=7
D/Tethering(  235): MasterInitialState.processMessage what=3
D/CMStats (  637): CONNECTIVITY_ACTION: noConnectivity = true
I/wpa_supplicant(  691): CTRL-EVENT-STATE-CHANGE id=-1 state=1 BSSID=00:00:00:00:00:00
I/dun_service(  154): process rmnet event
I/dun_service(  154): Post event 3
I/dun_service(  154): received event: DUN_EVENT_RMNET_DOWN 
I/dun_service(  154): received event(DUN_EVENT_RMNET_DOWN) in state(DUN_STATE_USB_UNPLUG)
I/dun_service(  154): Ignoring the event DUN_EVENT_RMNET_DOWN in USB_UNPLUG_STATE
I/dun_service(  154): Moved to state(DUN_STATE_USB_UNPLUG)
V/WifiMonitor(  235): Event [CTRL-EVENT-STATE-CHANGE id=-1 state=1 BSSID=00:00:00:00:00:00]
V/WifiStateTracker(  235): Changing supplicant state: SCANNING ==> INACTIVE
D/dalvikvm(  491): GC_EXTERNAL_ALLOC freed 189K, 47% free 3179K/5895K, external 542K/543K, paused 31ms
I/ARMAssembler(  235): generated scanline__00000077:03515101_00000000_00000000 [ 41 ipp] (55 ins) at [0x484bc7f0:0x484bc8cc] in 61035 ns
D/dalvikvm(  402): GC_EXTERNAL_ALLOC freed 897K, 55% free 2878K/6279K, external 1332K/1333K, paused 200ms
D/LatinIME(  402): mLongPressDelay = 400
D/LatinKeyboardBaseView(  402): mLongPressDelay = 400
I/wpa_supplicant(  691): CTRL-EVENT-STATE-CHANGE id=-1 state=2 BSSID=00:00:00:00:00:00
V/WifiMonitor(  235): Event [CTRL-EVENT-STATE-CHANGE id=-1 state=2 BSSID=00:00:00:00:00:00]
V/WifiStateTracker(  235): Changing supplicant state: INACTIVE ==> SCANNING
I/TelephonyRegistry(  235): notifyMessageWaitingChanged: false
I/wpa_supplicant(  691): CTRL-EVENT-STATE-CHANGE id=-1 state=1 BSSID=00:00:00:00:00:00
I/dun_service(  154): process rmnet event
I/dun_service(  154): Post event 3
I/dun_service(  154): received event: DUN_EVENT_RMNET_DOWN 
I/dun_service(  154): received event(DUN_EVENT_RMNET_DOWN) in state(DUN_STATE_USB_UNPLUG)
I/dun_service(  154): Ignoring the event DUN_EVENT_RMNET_DOWN in USB_UNPLUG_STATE
I/dun_service(  154): Moved to state(DUN_STATE_USB_UNPLUG)
V/WifiMonitor(  235): Event [CTRL-EVENT-STATE-CHANGE id=-1 state=1 BSSID=00:00:00:00:00:00]
V/WifiStateTracker(  235): Changing supplicant state: SCANNING ==> INACTIVE
D/dalvikvm(  600): GC_CONCURRENT freed 375K, 52% free 2925K/6023K, external 9K/521K, paused 1ms+23ms
D/PointerTracker(  402): mLongPressKeyTimeout = 400
D/szipinf (  235): Initializing inflate state
I/wpa_supplicant(  691): CTRL-EVENT-STATE-CHANGE id=-1 state=2 BSSID=00:00:00:00:00:00
V/WifiMonitor(  235): Event [CTRL-EVENT-STATE-CHANGE id=-1 state=2 BSSID=00:00:00:00:00:00]
V/WifiStateTracker(  235): Changing supplicant state: INACTIVE ==> SCANNING
I/wpa_supplicant(  691): CTRL-EVENT-STATE-CHANGE id=-1 state=1 BSSID=00:00:00:00:00:00
I/dun_service(  154): process rmnet event
I/dun_service(  154): Post event 3
I/dun_service(  154): received event: DUN_EVENT_RMNET_DOWN 
I/dun_service(  154): received event(DUN_EVENT_RMNET_DOWN) in state(DUN_STATE_USB_UNPLUG)
I/dun_service(  154): Ignoring the event DUN_EVENT_RMNET_DOWN in USB_UNPLUG_STATE
I/dun_service(  154): Moved to state(DUN_STATE_USB_UNPLUG)
V/WifiMonitor(  235): Event [CTRL-EVENT-STATE-CHANGE id=-1 state=1 BSSID=00:00:00:00:00:00]
V/WifiStateTracker(  235): Changing supplicant state: SCANNING ==> INACTIVE
D/dalvikvm(  600): GC_CONCURRENT freed 321K, 50% free 3021K/6023K, external 130K/521K, paused 2ms+2ms
D/dalvikvm(  235): GC_CONCURRENT freed 486K, 49% free 4611K/8967K, external 600K/1112K, paused 3ms+29ms
D/dalvikvm(  491): GC_CONCURRENT freed 214K, 46% free 3230K/5959K, external 588K/1058K, paused 2ms+54ms
D/wifi    (  235): wifi doCommand: ret=-1
D/wifi    (  235): wifi doCommand: ret=-1
D/wifi    (  235): wifi doCommand: ret=-1
D/wifi    (  235): wifi doCommand: ret=-1
D/wifi    (  235): wifi doCommand: ret=-1
D/wifi    (  235): wifi doCommand: ret=-1
D/wifi    (  235): wifi doCommand: ret=-1
D/wifi    (  235): wifi doCommand: ret=-1
D/wifi    (  235): wifi doCommand: ret=-1
D/wifi    (  235): wifi doCommand: ret=-1
D/wifi    (  235): wifi doCommand: ret=-1
D/wifi    (  235): wifi doCommand: ret=-1
I/wpa_supplicant(  691): CTRL-EVENT-STATE-CHANGE id=-1 state=2 BSSID=00:00:00:00:00:00
V/WifiMonitor(  235): Event [CTRL-EVENT-STATE-CHANGE id=-1 state=2 BSSID=00:00:00:00:00:00]
V/WifiStateTracker(  235): Changing supplicant state: INACTIVE ==> SCANNING
D/wifi    (  235): wifi doCommand: ret=-1
D/wifi    (  235): wifi doCommand: ret=-1
D/wifi    (  235): wifi doCommand: ret=-1
D/wifi    (  235): wifi doCommand: ret=-1
D/wifi    (  235): wifi doCommand: ret=-1
D/wifi    (  235): wifi doCommand: ret=-1
D/wifi    (  235): wifi doCommand: ret=-1
D/wifi    (  235): wifi doCommand: ret=-1
D/wifi    (  235): wifi doCommand: ret=-1
D/wifi    (  235): wifi doCommand: ret=-1
D/wifi    (  235): wifi doCommand: ret=-1
D/wifi    (  235): wifi doCommand: ret=-1
I/wpa_supplicant(  691): Trying to associate with 4c:60:de:2a:b1:d6 (SSID='SecretTalibanHideout' freq=2462 MHz)
I/wpa_supplicant(  691): CTRL-EVENT-STATE-CHANGE id=-1 state=3 BSSID=4c:60:de:2a:b1:d6
I/dun_service(  154): process rmnet event
I/dun_service(  154): Post event 3
I/dun_service(  154): received event: DUN_EVENT_RMNET_DOWN 
I/dun_service(  154): received event(DUN_EVENT_RMNET_DOWN) in state(DUN_STATE_USB_UNPLUG)
I/dun_service(  154): Ignoring the event DUN_EVENT_RMNET_DOWN in USB_UNPLUG_STATE
I/dun_service(  154): Moved to state(DUN_STATE_USB_UNPLUG)
I/dun_service(  154): process rmnet event
I/dun_service(  154): Post event 3
I/dun_service(  154): process rmnet event
I/dun_service(  154): Post event 3
I/dun_service(  154): process rmnet event
I/dun_service(  154): Post event 3
I/dun_service(  154): received event: DUN_EVENT_RMNET_DOWN 
I/dun_service(  154): received event(DUN_EVENT_RMNET_DOWN) in state(DUN_STATE_USB_UNPLUG)
I/dun_service(  154): Ignoring the event DUN_EVENT_RMNET_DOWN in USB_UNPLUG_STATE
I/dun_service(  154): Moved to state(DUN_STATE_USB_UNPLUG)
I/dun_service(  154): received event: DUN_EVENT_RMNET_DOWN 
I/dun_service(  154): received event(DUN_EVENT_RMNET_DOWN) in state(DUN_STATE_USB_UNPLUG)
I/dun_service(  154): Ignoring the event DUN_EVENT_RMNET_DOWN in USB_UNPLUG_STATE
I/dun_service(  154): Moved to state(DUN_STATE_USB_UNPLUG)
I/dun_service(  154): received event: DUN_EVENT_RMNET_DOWN 
I/dun_service(  154): received event(DUN_EVENT_RMNET_DOWN) in state(DUN_STATE_USB_UNPLUG)
I/dun_service(  154): Ignoring the event DUN_EVENT_RMNET_DOWN in USB_UNPLUG_STATE
I/dun_service(  154): Moved to state(DUN_STATE_USB_UNPLUG)
V/WifiMonitor(  235): Event [Trying to associate with 4c:60:de:2a:b1:d6 (SSID='SecretTalibanHideout' freq=2462 MHz)]
V/WifiMonitor(  235): Event [CTRL-EVENT-STATE-CHANGE id=-1 state=3 BSSID=4c:60:de:2a:b1:d6]
V/WifiStateTracker(  235): Changing supplicant state: SCANNING ==> ASSOCIATING
D/wifi    (  235): wifi doCommand: ret=-1
D/wifi    (  235): wifi doCommand: ret=-1
D/wifi    (  235): wifi doCommand: ret=-1
D/wifi    (  235): wifi doCommand: ret=-1
D/wifi    (  235): wifi doCommand: ret=-1
D/wifi    (  235): wifi doCommand: ret=-1
D/wifi    (  235): wifi doCommand: ret=-1
D/wifi    (  235): wifi doCommand: ret=-1
D/wifi    (  235): wifi doCommand: ret=-1
D/wifi    (  235): wifi doCommand: ret=-1
D/wifi    (  235): wifi doCommand: ret=-1
D/wifi    (  235): wifi doCommand: ret=-1
W/wpa_supplicant(  691): Ignoring scan action, already scanning.
I/wpa_supplicant(  691): CTRL-EVENT-STATE-CHANGE id=0 state=4 BSSID=4c:60:de:2a:b1:d6
I/wpa_supplicant(  691): Associated with 4c:60:de:2a:b1:d6
I/dun_service(  154): process rmnet event
I/dun_service(  154): Post event 3
I/dun_service(  154): process rmnet event
I/dun_service(  154): Post event 3
I/dun_service(  154): process rmnet event
I/dun_service(  154): Post event 3
I/dun_service(  154): process rmnet event
I/dun_service(  154): Post event 3
V/WifiMonitor(  235): Event [CTRL-EVENT-STATE-CHANGE id=0 state=4 BSSID=4c:60:de:2a:b1:d6]
V/WifiMonitor(  235): Event [Associated with 4c:60:de:2a:b1:d6]
I/dun_service(  154): received event: DUN_EVENT_RMNET_DOWN 
I/dun_service(  154): received event(DUN_EVENT_RMNET_DOWN) in state(DUN_STATE_USB_UNPLUG)
I/dun_service(  154): Ignoring the event DUN_EVENT_RMNET_DOWN in USB_UNPLUG_STATE
I/dun_service(  154): Moved to state(DUN_STATE_USB_UNPLUG)
I/dun_service(  154): received event: DUN_EVENT_RMNET_DOWN 
I/dun_service(  154): received event(DUN_EVENT_RMNET_DOWN) in state(DUN_STATE_USB_UNPLUG)
I/dun_service(  154): Ignoring the event DUN_EVENT_RMNET_DOWN in USB_UNPLUG_STATE
I/dun_service(  154): Moved to state(DUN_STATE_USB_UNPLUG)
I/dun_service(  154): received event: DUN_EVENT_RMNET_DOWN 
I/dun_service(  154): received event(DUN_EVENT_RMNET_DOWN) in state(DUN_STATE_USB_UNPLUG)
I/dun_service(  154): Ignoring the event DUN_EVENT_RMNET_DOWN in USB_UNPLUG_STATE
I/dun_service(  154): Moved to state(DUN_STATE_USB_UNPLUG)
I/dun_service(  154): received event: DUN_EVENT_RMNET_DOWN 
I/dun_service(  154): received event(DUN_EVENT_RMNET_DOWN) in state(DUN_STATE_USB_UNPLUG)
I/dun_service(  154): Ignoring the event DUN_EVENT_RMNET_DOWN in USB_UNPLUG_STATE
I/dun_service(  154): Moved to state(DUN_STATE_USB_UNPLUG)
V/WifiStateTracker(  235): Changing supplicant state: ASSOCIATING ==> ASSOCIATED
I/wpa_supplicant(  691): CTRL-EVENT-STATE-CHANGE id=0 state=5 BSSID=00:00:00:00:00:00
V/WifiMonitor(  235): Event [CTRL-EVENT-STATE-CHANGE id=0 state=5 BSSID=00:00:00:00:00:00]
V/WifiStateTracker(  235): Changing supplicant state: ASSOCIATED ==> FOUR_WAY_HANDSHAKE
I/wpa_supplicant(  691): CTRL-EVENT-STATE-CHANGE id=0 state=5 BSSID=00:00:00:00:00:00
V/WifiMonitor(  235): Event [CTRL-EVENT-STATE-CHANGE id=0 state=5 BSSID=00:00:00:00:00:00]
I/wpa_supplicant(  691): CTRL-EVENT-STATE-CHANGE id=0 state=6 BSSID=00:00:00:00:00:00
V/WifiMonitor(  235): Event [CTRL-EVENT-STATE-CHANGE id=0 state=6 BSSID=00:00:00:00:00:00]
V/WifiStateTracker(  235): Changing supplicant state: FOUR_WAY_HANDSHAKE ==> FOUR_WAY_HANDSHAKE
V/WifiStateTracker(  235): Changing supplicant state: FOUR_WAY_HANDSHAKE ==> GROUP_HANDSHAKE
I/wpa_supplicant(  691): WPA: Key negotiation completed with 4c:60:de:2a:b1:d6 [PTK=CCMP GTK=CCMP]
I/wpa_supplicant(  691): CTRL-EVENT-STATE-CHANGE id=0 state=7 BSSID=00:00:00:00:00:00
I/wpa_supplicant(  691): CTRL-EVENT-CONNECTED - Connection to 4c:60:de:2a:b1:d6 completed (auth) [id=0 id_str=]
I/dun_service(  154): process rmnet event
I/dun_service(  154): Post event 3
I/dun_service(  154): received event: DUN_EVENT_RMNET_DOWN 
I/dun_service(  154): received event(DUN_EVENT_RMNET_DOWN) in state(DUN_STATE_USB_UNPLUG)
I/dun_service(  154): Ignoring the event DUN_EVENT_RMNET_DOWN in USB_UNPLUG_STATE
I/dun_service(  154): Moved to state(DUN_STATE_USB_UNPLUG)
V/WifiMonitor(  235): Event [WPA: Key negotiation completed with 4c:60:de:2a:b1:d6 [PTK=CCMP GTK=CCMP]]
V/WifiMonitor(  235): Event [CTRL-EVENT-STATE-CHANGE id=0 state=7 BSSID=00:00:00:00:00:00]
V/WifiMonitor(  235): Event [CTRL-EVENT-CONNECTED - Connection to 4c:60:de:2a:b1:d6 completed (auth) [id=0 id_str=]]
V/WifiStateTracker(  235): Changing supplicant state: GROUP_HANDSHAKE ==> COMPLETED
V/WifiStateTracker(  235): New network state is CONNECTED
D/WifiStateTracker(  235): DHCP request started
I/dun_service(  154): process rmnet event
I/dun_service(  154): Post event 3
I/dun_service(  154): received event: DUN_EVENT_RMNET_DOWN 
I/dun_service(  154): received event(DUN_EVENT_RMNET_DOWN) in state(DUN_STATE_USB_UNPLUG)
I/dun_service(  154): Ignoring the event DUN_EVENT_RMNET_DOWN in USB_UNPLUG_STATE
I/dun_service(  154): Moved to state(DUN_STATE_USB_UNPLUG)
D/wifi    (  235): wifi doCommand: ret=-1
D/wifi    (  235): wifi doCommand: ret=-1
D/wifi    (  235): wifi doCommand: ret=-1
D/wifi    (  235): wifi doCommand: ret=-1
D/wifi    (  235): wifi doCommand: ret=-1
D/wifi    (  235): wifi doCommand: ret=-1
D/wifi    (  235): wifi doCommand: ret=-1
D/wifi    (  235): wifi doCommand: ret=-1
D/wifi    (  235): wifi doCommand: ret=-1
D/wifi    (  235): wifi doCommand: ret=-1
D/wifi    (  235): wifi doCommand: ret=-1
D/wifi    (  235): wifi doCommand: ret=-1
I/dun_service(  154): The value returned from dun_getusbmodemstate_fromsys is 1 
I/dun_service(  154): Post event 1
I/dun_service(  154): The value returned from dun_getusbmodemstate_fromsys is 1 
I/dun_service(  154): Post event 1
I/dun_service(  154): received event: DUN_EVENT_USB_UNPLUG 
I/dun_service(  154): received event(DUN_EVENT_USB_UNPLUG) in state(DUN_STATE_USB_UNPLUG)
I/dun_service(  154): Ignoring the event DUN_EVENT_USB_UNPLUG in USB_UNPLUG_STATE
I/dun_service(  154): Moved to state(DUN_STATE_USB_UNPLUG)
I/dun_service(  154): received event: DUN_EVENT_USB_UNPLUG 
I/dun_service(  154): received event(DUN_EVENT_USB_UNPLUG) in state(DUN_STATE_USB_UNPLUG)
I/dun_service(  154): Ignoring the event DUN_EVENT_USB_UNPLUG in USB_UNPLUG_STATE
I/dun_service(  154): Moved to state(DUN_STATE_USB_UNPLUG)
D/dalvikvm(  600): GC_CONCURRENT freed 446K, 51% free 2964K/6023K, external 9K/521K, paused 2ms+2ms
D/dalvikvm(  600): GC_CONCURRENT freed 367K, 51% free 2982K/6023K, external 9K/521K, paused 4ms+2ms
D/dalvikvm(  491): GC_CONCURRENT freed 458K, 48% free 3257K/6215K, external 588K/1058K, paused 2ms+3ms
I/dun_service(  154): process rmnet event
I/dun_service(  154): Post event 3
I/dun_service(  154): received event: DUN_EVENT_RMNET_DOWN 
I/dun_service(  154): received event(DUN_EVENT_RMNET_DOWN) in state(DUN_STATE_USB_UNPLUG)
I/dun_service(  154): Ignoring the event DUN_EVENT_RMNET_DOWN in USB_UNPLUG_STATE
I/dun_service(  154): Moved to state(DUN_STATE_USB_UNPLUG)
D/wifi    (  235): wifi doCommand: ret=-1
D/wifi    (  235): wifi doCommand: ret=-1
D/wifi    (  235): wifi doCommand: ret=-1
D/wifi    (  235): wifi doCommand: ret=-1
D/wifi    (  235): wifi doCommand: ret=-1
D/wifi    (  235): wifi doCommand: ret=-1
D/wifi    (  235): wifi doCommand: ret=-1
D/wifi    (  235): wifi doCommand: ret=-1
D/wifi    (  235): wifi doCommand: ret=-1
D/wifi    (  235): wifi doCommand: ret=-1
D/wifi    (  235): wifi doCommand: ret=-1
D/wifi    (  235): wifi doCommand: ret=-1
D/dalvikvm(  600): GC_CONCURRENT freed 325K, 50% free 3044K/6023K, external 9K/521K, paused 2ms+3ms
I/dun_service(  154): process rmnet event
I/dun_service(  154): Post event 3
I/dun_service(  154): received event: DUN_EVENT_RMNET_DOWN 
I/dun_service(  154): received event(DUN_EVENT_RMNET_DOWN) in state(DUN_STATE_USB_UNPLUG)
I/dun_service(  154): Ignoring the event DUN_EVENT_RMNET_DOWN in USB_UNPLUG_STATE
I/dun_service(  154): Moved to state(DUN_STATE_USB_UNPLUG)
D/dalvikvm(  600): GC_CONCURRENT freed 421K, 49% free 3075K/6023K, external 9K/521K, paused 3ms+52ms
D/WifiStateTracker(  235): DHCP succeeded with lease: 86400
D/WifiWatchdogService(  235): (android.server.ServerThread) SecretTalibanHideout (4c:60:de:2a:b1:d6) does not require the watchdog
V/WifiStateTracker(  235): IP configuration: ipaddr 192.168.1.8 gateway 192.168.1.1 netmask 255.255.255.0 dns1 192.168.1.1 dns2 0.0.0.0 DHCP server 192.168.1.1 lease 86400 seconds
D/Tethering(  235): MasterInitialState.processMessage what=3
D/wifi    (  235): wifi doCommand: ret=-1
D/CMStats (  637): CONNECTIVITY_ACTION: noConnectivity = false
D/CMStats (  637): CONNECTIVITY_ACTION: starting service
D/wifi    (  235): wifi doCommand: ret=-1
D/wifi    (  235): wifi doCommand: ret=-1
D/wifi    (  235): wifi doCommand: ret=-1
D/wifi    (  235): wifi doCommand: ret=-1
D/wifi    (  235): wifi doCommand: ret=-1
D/wifi    (  235): wifi doCommand: ret=-1
D/wifi    (  235): wifi doCommand: ret=-1
D/wifi    (  235): wifi doCommand: ret=-1
D/wifi    (  235): wifi doCommand: ret=-1
D/wifi    (  235): wifi doCommand: ret=-1
D/wifi    (  235): wifi doCommand: ret=-1
D/CMStats (  637): Prompting user for opt-in.
D/dalvikvm(  235): GC_CONCURRENT freed 518K, 49% free 4647K/8967K, external 600K/1112K, paused 3ms+5ms
D/SntpClient(  235): request time failed: java.net.UnknownHostException: north-america.pool.ntp.org
D/dalvikvm(  600): GC_CONCURRENT freed 422K, 50% free 3059K/6023K, external 9K/521K, paused 2ms+4ms
