I/WifiService(  235): WifiService trying to setNumAllowed to 11 with persist set to true
I/ActivityManager(  235): Config changed: { scale=1.0 imsi=311/490 loc=en_US touch=3 keys=1/1/2 nav=1/1 orien=1 layout=18 uiMode=17 seq=5 themeResource=null}
I/ActivityManager(  235): Start proc com.android.settings for broadcast com.android.settings/.widget.SettingsAppWidgetProvider: pid=491 uid=1000 gids={1015, 3002, 3001, 3003}
D/CallManager(  406): registerPhone(CDMA Handler{4054bee0})
I/TelephonyRegistry(  235): notifyMessageWaitingChanged: false
D/dalvikvm(  393): GC_EXTERNAL_ALLOC freed 95K, 47% free 3020K/5639K, external 511K/512K, paused 214ms
D/CallFeaturesSetting(  406): exception is java.io.FileNotFoundException: /data/data/com.android.phone/files/blacklist.dat (No such file or directory)
V/ContactsProvider(  452): Importing legacy contacts
I/ActivityThread(  452): Pub call_log: com.android.providers.contacts.CallLogProvider
I/ActivityThread(  452): Pub user_dictionary: com.android.providers.userdictionary.UserDictionaryProvider
D/dalvikvm(  451): GC_EXTERNAL_ALLOC freed 31K, 48% free 2882K/5511K, external 1022K/1025K, paused 273ms
D/ViewConsistency(  451): AbsListView com.android.launcher.AllAppsGridView@40546fd0 enabled= true
D/BT HS/HF(  406): CDMA call state: IDLE prev state:IDLE
D/ProfileService(  235): Set active profile to: ac5c994c-4c47-4526-b9d0-8b0060a80791 - Default
D/ProfileService(  235): Saving profile data...
W/ActivityManager(  235): Unable to start service Intent { act=com.android.ussd.IExtendedNetworkService }: not found
D/ProfileService(  235): Save completed.
D/szipinf (  491): Initializing inflate state
D/HomeLoaders(  451): load applications
D/HomeLoaders(  451): loading user items in Thread[main,5,main]
D/HomeLoaders(  451):   --> starting workspace loader
I/TelephonyRegistry(  235): notifyServiceState: 3 home null null null  Unknown CSS not supported -1 -1RoamInd: -1DefRoamInd: -1EmergOnly: false
D/dalvikvm(  451): GC_EXTERNAL_ALLOC freed 113K, 48% free 2895K/5511K, external 1204K/1553K, paused 102ms
D/HomeLoaders(  451):   ----> running workspace loader (1)
I/TelephonyRegistry(  235): notifyDataConnection: state=0 isDataConnectivityPossible=false reason=radioTurnedOff interfaceName=null networkType=0
D/dalvikvm(  451): GC_EXTERNAL_ALLOC freed 4K, 48% free 2895K/5511K, external 2252K/2812K, paused 76ms
D/BT HSHFP(  406): Starting BluetoothHeadsetService
D/szipinf (  491): Initializing inflate state
D/LauncherProvider(  451): creating new launcher database
I/ActivityManager(  235): Start proc com.android.deskclock for broadcast com.android.deskclock/.AlarmInitReceiver: pid=508 uid=10022 gids={}
D/LauncherProvider(  451): converting database from an older format, but not onUpgrade
I/TelephonyRegistry(  235): notifyServiceState: 1 home null null null  Unknown CSS not supported 0 0RoamInd: 2DefRoamInd: 0EmergOnly: false
D/HomeLoaders(  451): aborting loaders
D/HomeLoaders(  451):   --> aborting workspace loader
D/HomeLoaders(  451):   ----> workspace loader 1 stopped from Thread[main,5,main]
D/szipinf (  508): Initializing inflate state
D/szipinf (  508): Initializing inflate state
D/dalvikvm(  451): GC_EXPLICIT freed 13K, 48% free 2912K/5511K, external 1652K/2852K, paused 72ms
D/szipinf (  451): Initializing inflate state
I/ActivityThread(  508): Pub com.android.deskclock: com.android.deskclock.AlarmProvider
D/szipinf (  235): Initializing inflate state
D/ViewConsistency(  451): AbsListView com.android.launcher.AllAppsGridView@40578dd8 enabled= true
I/ContactsDatabaseHelper(  452): Switching to locale en_US
D/ViewConsistency(  451): AbsListView com.android.launcher.AllAppsGridView@40578dd8 enabled= true
D/HomeLoaders(  451): load applications
D/HomeLoaders(  451): loading user items in Thread[main,5,main]
D/HomeLoaders(  451):   --> stopping workspace loader
D/HomeLoaders(  451):   ----> workspace loader 1 stopped from Thread[main,5,main]
D/dalvikvm(  452): GC_CONCURRENT freed 188K, 48% free 2914K/5575K, external 0K/0K, paused 2ms+4ms
W/BackupManagerService(  235): dataChanged but no participant pkg='com.android.providers.settings' uid=10022
V/SipBroadcastReceiver(  406): start auto registration
D/szipinf (  451): Initializing inflate state
D/szipinf (  235): Initializing inflate state
D/dalvikvm(  406): GC_CONCURRENT freed 245K, 48% free 3047K/5831K, external 0K/0K, paused 2ms+33ms
D/dalvikvm(  235): GC_CONCURRENT freed 500K, 52% free 4371K/8967K, external 600K/1200K, paused 3ms+39ms
D/AlarmManagerService(  235): Kernel timezone updated to 240 minutes west of GMT
D/szipinf (  451): Initializing inflate state
I/ActivityManager(  235): Start proc com.koushikdutta.rommanager for broadcast com.koushikdutta.rommanager/.CheckinReceiver: pid=519 uid=10006 gids={1015, 3003}
D/SystemClock(  406): Setting time of day to sec=1351296164
D/szipinf (  235): Initializing inflate state
W/AssetRedirectionManager(  235): No such resource found for com.android.camera:drawable/camera_background
D/AlarmManagerService(  235): Kernel timezone updated to 240 minutes west of GMT
I/TelephonyRegistry(  235): notifyServiceState: 0 home SPG           111000  IS95A CSS not supported 8 4274RoamInd: 2DefRoamInd: 0EmergOnly: false
I/TelephonyRegistry(  235): notifyDataConnection: state=0 isDataConnectivityPossible=false reason=null interfaceName=null networkType=4
D/szipinf (  451): Initializing inflate state
I/TelephonyRegistry(  235): notifyServiceState: 0 home SPG           310127  1xRTT CSS not supported 8 4274RoamInd: 2DefRoamInd: 0EmergOnly: false
I/TelephonyRegistry(  235): notifyDataConnection: state=0 isDataConnectivityPossible=false reason=null interfaceName=null networkType=7
I/SearchManagerService(  235): Building list of searchable activities
D/szipinf (  235): Initializing inflate state
D/szipinf (  519): Initializing inflate state
D/szipinf (  235): Initializing inflate state
D/PurchasingManager(  519): In App Purchasing SDK - Sandbox Mode: PurchasingObserver registered: com.clockworkmod.billing.b@4051fa78
I/PurchasingManager(  519): Purchasing Framework initialization complete. Build ID 1.0.3
D/SandboxRequestHandler(  519): In App Purchasing SDK - Sandbox Mode: sendGetUserIdRequest
W/ActivityManager(  235): Unable to start service Intent { act=com.amazon.testclient.iap.appUserId flg=0x10000000 (has extras) }: not found
I/ContactsDatabaseHelper(  452): Locale change completed in 997ms
I/LegacyContactImporter(  452): Legacy contacts database does not exist at /data/data/com.android.providers.contacts/databases/contacts.db
D/szipinf (  235): Initializing inflate state
V/ContactsProvider(  452): Completed import of legacy contacts
D/szipinf (  235): Initializing inflate state
D/szipinf (  235): Initializing inflate state
D/szipinf (  452): Initializing inflate state
W/Resources(  451): Converting to int: TypedValue{t=0x3/d=0x26 "4" a=-1}
W/Resources(  451): Converting to int: TypedValue{t=0x3/d=0x1c "1" a=-1}
D/szipinf (  451): Initializing inflate state
W/LauncherProvider(  451): Unable to add favorite: com.android.vending/com.android.vending.AssetBrowserActivity
W/LauncherProvider(  451): android.content.pm.PackageManager$NameNotFoundException: ComponentInfo{com.android.vending/com.android.vending.AssetBrowserActivity}
W/LauncherProvider(  451): 	at android.app.ContextImpl$ApplicationPackageManager.getActivityInfo(ContextImpl.java:1891)
W/LauncherProvider(  451): 	at com.android.launcher.LauncherProvider$DatabaseHelper.addAppShortcut(LauncherProvider.java:633)
W/LauncherProvider(  451): 	at com.android.launcher.LauncherProvider$DatabaseHelper.loadFavorites(LauncherProvider.java:594)
W/LauncherProvider(  451): 	at com.android.launcher.LauncherProvider$DatabaseHelper.onCreate(LauncherProvider.java:251)
W/LauncherProvider(  451): 	at android.database.sqlite.SQLiteOpenHelper.getWritableDatabase(SQLiteOpenHelper.java:126)
W/LauncherProvider(  451): 	at com.android.launcher.LauncherProvider.query(LauncherProvider.java:109)
W/LauncherProvider(  451): 	at android.content.ContentProvider$Transport.query(ContentProvider.java:187)
W/LauncherProvider(  451): 	at android.content.ContentResolver.query(ContentResolver.java:271)
W/LauncherProvider(  451): 	at com.android.launcher.LauncherModel$DesktopItemsLoader.updateShortcutLabels(LauncherModel.java:1076)
W/LauncherProvider(  451): 	at com.android.launcher.LauncherModel$DesktopItemsLoader.load_workspace(LauncherModel.java:820)
W/LauncherProvider(  451): 	at com.android.launcher.LauncherModel$DesktopItemsLoader.run(LauncherModel.java:806)
W/LauncherProvider(  451): 	at java.lang.Thread.run(Thread.java:1019)
D/szipinf (  451): Initializing inflate state
W/Resources(  451): Converting to int: TypedValue{t=0x3/d=0x26 "4" a=-1}
W/Resources(  451): Converting to int: TypedValue{t=0x3/d=0x20 "2" a=-1}
D/szipinf (  452): Initializing inflate state
W/System.err(  519): java.lang.Exception: no proof string
W/System.err(  519): 	at com.clockworkmod.billing.aa.a(Unknown Source)
W/System.err(  519): 	at com.clockworkmod.billing.aa.a(Unknown Source)
W/System.err(  519): 	at com.koushikdutta.rommanager.as.c(Unknown Source)
W/System.err(  519): 	at com.koushikdutta.rommanager.as.a(Unknown Source)
W/System.err(  519): 	at com.koushikdutta.rommanager.CheckinReceiver.onReceive(Unknown Source)
W/System.err(  519): 	at android.app.ActivityThread.handleReceiver(ActivityThread.java:1915)
W/System.err(  519): 	at android.app.ActivityThread.access$2400(ActivityThread.java:123)
W/System.err(  519): 	at android.app.ActivityThread$H.handleMessage(ActivityThread.java:989)
W/System.err(  519): 	at android.os.Handler.dispatchMessage(Handler.java:99)
W/System.err(  519): 	at android.os.Looper.loop(Looper.java:130)
W/System.err(  519): 	at android.app.ActivityThread.main(ActivityThread.java:3835)
W/System.err(  519): 	at java.lang.reflect.Method.invokeNative(Native Method)
W/System.err(  519): 	at java.lang.reflect.Method.invoke(Method.java:507)
W/System.err(  519): 	at com.android.internal.os.ZygoteInit$MethodAndArgsCaller.run(ZygoteInit.java:864)
W/System.err(  519): 	at com.android.internal.os.ZygoteInit.main(ZygoteInit.java:622)
W/System.err(  519): 	at dalvik.system.NativeStart.main(Native Method)
D/szipinf (  451): Initializing inflate state
W/LauncherProvider(  451): Unable to add favorite: com.google.android.talk/com.google.android.talk.SigningInActivity
W/LauncherProvider(  451): android.content.pm.PackageManager$NameNotFoundException: ComponentInfo{com.google.android.talk/com.google.android.talk.SigningInActivity}
W/LauncherProvider(  451): 	at android.app.ContextImpl$ApplicationPackageManager.getActivityInfo(ContextImpl.java:1891)
W/LauncherProvider(  451): 	at com.android.launcher.LauncherProvider$DatabaseHelper.addAppShortcut(LauncherProvider.java:633)
W/LauncherProvider(  451): 	at com.android.launcher.LauncherProvider$DatabaseHelper.loadFavorites(LauncherProvider.java:594)
W/LauncherProvider(  451): 	at com.android.launcher.LauncherProvider$DatabaseHelper.onCreate(LauncherProvider.java:251)
W/LauncherProvider(  451): 	at android.database.sqlite.SQLiteOpenHelper.getWritableDatabase(SQLiteOpenHelper.java:126)
W/LauncherProvider(  451): 	at com.android.launcher.LauncherProvider.query(LauncherProvider.java:109)
W/LauncherProvider(  451): 	at android.content.ContentProvider$Transport.query(ContentProvider.java:187)
W/LauncherProvider(  451): 	at android.content.ContentResolver.query(ContentResolver.java:271)
W/LauncherProvider(  451): 	at com.android.launcher.LauncherModel$DesktopItemsLoader.updateShortcutLabels(LauncherModel.java:1076)
W/LauncherProvider(  451): 	at com.android.launcher.LauncherModel$DesktopItemsLoader.load_workspace(LauncherModel.java:820)
W/LauncherProvider(  451): 	at com.android.launcher.LauncherModel$DesktopItemsLoader.run(LauncherModel.java:806)
W/LauncherProvider(  451): 	at java.lang.Thread.run(Thread.java:1019)
D/HomeLoaders(  451):   ----> workspace loader 1 finished loading data
D/HomeLoaders(  451):   ----> worskpace items=0
D/HomeLoaders(  451):   ----> worskpace widgets=0
D/HomeLoaders(  451):   ----> worskpace loader was stopped
D/HomeLoaders(  451):   --> starting workspace loader
I/ActivityManager(  235): Start proc com.android.quicksearchbox for broadcast com.android.quicksearchbox/.SearchWidgetProvider: pid=529 uid=10007 gids={3003}
D/HomeLoaders(  451):   ----> running workspace loader (2)
I/ActivityManager(  235): Displayed com.android.launcher/.Launcher: +4s568ms (total +7s539ms)
D/szipinf (  529): Initializing inflate state
D/szipinf (  529): Initializing inflate state
I/ActivityThread(  529): Pub com.android.quicksearchbox.google: com.android.quicksearchbox.google.GoogleSuggestionProvider
D/HomeLoaders(  451):   ----> workspace loader 2 finished loading data
D/HomeLoaders(  451):   ----> worskpace items=9
D/HomeLoaders(  451):   ----> worskpace widgets=3
D/HomeLoaders(  451):   --> done loading workspace; not stopped
D/HomeLoaders(  451):   ----> items cloned, ready to refresh UI
D/HomeLoaders(  451):   ----> loading applications from workspace loader
D/HomeLoaders(  451):   --> starting applications loader unlocked
D/HomeLoaders(  451):   --> starting applications loader
D/HomeLoaders(  451):   ----> onDesktopItemsLoaded()
I/ActivityThread(  529): Pub com.android.quicksearchbox.shortcuts: com.android.quicksearchbox.ShortcutsProvider
D/Launcher(  451): ------> binding 9 items
D/Launcher(  451): ------> binding 3 widgets
D/Launcher(  451): ------> start binding items
D/HomeLoaders(  451):   ----> running applications loader (1)
W/SurfaceComposerClient(  235): Destroying surface while a transaction is open. Client 0x157c18: destroying surface 2, mTransactionOpen=1
I/ActivityManager(  235): Start proc com.android.protips for broadcast com.android.protips/.ProtipWidget: pid=539 uid=10009 gids={}
D/dalvikvm(  451): GC_CONCURRENT freed 504K, 50% free 3045K/6087K, external 2042K/2852K, paused 2ms+2ms
D/szipinf (  539): Initializing inflate state
D/szipinf (  539): Initializing inflate state
D/PowerManagerService(  235): bootCompleted
I/SurfaceFlinger(  235): Boot is finished (39318 ms)
I/ARMAssembler(  235): generated scanline__00000077:03010101_00000002_00000000 [ 30 ipp] (50 ins) at [0x484bc2d0:0x484bc398] in 91553 ns
D/szipinf (  451): Initializing inflate state
D/VoldCmdListener(  143): volume mount /mnt/sdcard
I/Vold    (  143): /dev/block/vold/179:15 being considered for volume emmc
D/Vold    (  143): Volume emmc state changing 1 (Idle-Unmounted) -> 3 (Checking)
I/StorageNotification(  393): Media {/mnt/sdcard} state changed from {unmounted} -> {checking}
D/szipinf (  451): Initializing inflate state
I//system/bin/fsck_msdos(  143): ** /dev/block/vold/179:15
I//system/bin/fsck_msdos(  143): ** Phase 1 - Read and Compare FATs
I//system/bin/fsck_msdos(  143): Attempting to allocate 123 KB for FAT
D/dalvikvm(  235): GC_CONCURRENT freed 414K, 51% free 4420K/8967K, external 600K/1200K, paused 2ms+5ms
I//system/bin/fsck_msdos(  143): Attempting to allocate 123 KB for FAT
I//system/bin/fsck_msdos(  143): ** Phase 2 - Check Cluster Chains
D/szipinf (  451): Initializing inflate state
I//system/bin/fsck_msdos(  143): ** Phase 3 - Checking Directories
D/szipinf (  452): Initializing inflate state
D/szipinf (  451): Initializing inflate state
D/szipinf (  452): Initializing inflate state
D/szipinf (  452): Initializing inflate state
D/szipinf (  452): Initializing inflate state
D/szipinf (  452): Initializing inflate state
D/szipinf (  452): Initializing inflate state
D/HomeLoaders(  451):   ----> cleared application list
D/szipinf (  451): Initializing inflate state
D/szipinf (  235): Initializing inflate state
D/szipinf (  452): Initializing inflate state
D/szipinf (  451): Initializing inflate state
D/szipinf (  452): Initializing inflate state
D/szipinf (  451): Initializing inflate state
D/szipinf (  452): Initializing inflate state
D/szipinf (  451): Initializing inflate state
D/szipinf (  452): Initializing inflate state
D/szipinf (  235): Initializing inflate state
D/szipinf (  452): Initializing inflate state
D/szipinf (  235): Initializing inflate state
D/szipinf (  451): Initializing inflate state
D/szipinf (  452): Initializing inflate state
D/szipinf (  235): Initializing inflate state
D/szipinf (  451): Initializing inflate state
D/szipinf (  451): Initializing inflate state
D/dalvikvm(  452): GC_CONCURRENT freed 384K, 50% free 2996K/5895K, external 0K/0K, paused 2ms+3ms
D/szipinf (  452): Initializing inflate state
D/dalvikvm(  451): GC_CONCURRENT freed 544K, 50% free 3194K/6279K, external 2131K/2313K, paused 2ms+2ms
D/szipinf (  451): Initializing inflate state
D/szipinf (  451): Initializing inflate state
D/szipinf (  451): Initializing inflate state
I/ActivityManager(  235): Start proc com.android.music for broadcast com.android.music/.MediaAppWidgetProvider4x2: pid=562 uid=10013 gids={3003, 1015}
D/szipinf (  562): Initializing inflate state
D/szipinf (  562): Initializing inflate state
V/OtaStartupReceiver(  406): resolvInfo = null, provisioned = true, runningSetupWizard = true
D/dalvikvm(  235): GC_EXPLICIT freed 115K, 51% free 4413K/8967K, external 600K/1200K, paused 51ms
I/ActivityManager(  235): Start proc com.bel.android.dspmanager for broadcast com.bel.android.dspmanager/.ServiceLaunchReceiver: pid=570 uid=10024 gids={3002}
D/szipinf (  451): Initializing inflate state
D/szipinf (  570): Initializing inflate state
I/HeadsetService(  570): Starting service.
D/VoiceDialerReceiver(  454): onReceive Intent { act=android.intent.action.BOOT_COMPLETED cmp=com.android.voicedialer/.VoiceDialerReceiver }
V/RecognizerEngine(  454): deleteCachedGrammarFiles /data/data/com.android.voicedialer/files/openentries.txt
I/ActivityManager(  235): Start proc com.android.mms for broadcast com.android.mms/.transaction.MmsSystemEventReceiver: pid=579 uid=10014 gids={3003, 1015}
I/Effect-Equalizer(  141): EQ_PARAM_NUM_BANDS OK
W/System.err(  519): java.io.FileNotFoundException: /sdcard/clockworkmod/.settings (Permission denied)
W/System.err(  519): 	at org.apache.harmony.luni.platform.OSFileSystem.open(Native Method)
W/System.err(  519): 	at dalvik.system.BlockGuard$WrappedFileSystem.open(BlockGuard.java:232)
W/System.err(  519): 	at java.io.FileOutputStream.<init>(FileOutputStream.java:94)
W/System.err(  519): 	at java.io.FileOutputStream.<init>(FileOutputStream.java:165)
W/System.err(  519): 	at java.io.FileOutputStream.<init>(FileOutputStream.java:144)
W/System.err(  519): 	at com.koushikdutta.rommanager.as.a(Unknown Source)
W/System.err(  519): 	at com.koushikdutta.rommanager.DownloadService.onCreate(Unknown Source)
W/System.err(  519): 	at android.app.ActivityThread.handleCreateService(ActivityThread.java:2066)
W/System.err(  519): 	at android.app.ActivityThread.access$2500(ActivityThread.java:123)
W/System.err(  519): 	at android.app.ActivityThread$H.handleMessage(ActivityThread.java:993)
W/System.err(  519): 	at android.os.Handler.dispatchMessage(Handler.java:99)
W/System.err(  519): 	at android.os.Looper.loop(Looper.java:130)
W/System.err(  519): 	at android.app.ActivityThread.main(ActivityThread.java:3835)
W/System.err(  519): 	at java.lang.reflect.Method.invokeNative(Native Method)
W/System.err(  519): 	at java.lang.reflect.Method.invoke(Method.java:507)
W/System.err(  519): 	at com.android.internal.os.ZygoteInit$MethodAndArgsCaller.run(ZygoteInit.java:864)
W/System.err(  519): 	at com.android.internal.os.ZygoteInit.main(ZygoteInit.java:622)
W/System.err(  519): 	at dalvik.system.NativeStart.main(Native Method)
I/HeadsetService(  570): Phone status idle: enable DSP.
I/Effect-BassBoost(  141): New strength: 0
I/Effect-Equalizer(  141): Setting band 2 to 0
I/Effect-Equalizer(  141): Setting band 2 to 1
I/Effect-Equalizer(  141): Setting band 2 to 2
I/Effect-Equalizer(  141): Setting band 2 to 3
I/Effect-Equalizer(  141): Setting band 2 to 4
I/Effect-Equalizer(  141): Setting loudness correction reference to 100.000000 dB
W/System.err(  519): java.lang.Exception: no proof string
W/System.err(  519): 	at com.clockworkmod.billing.aa.a(Unknown Source)
W/System.err(  519): 	at com.clockworkmod.billing.aa.a(Unknown Source)
W/System.err(  519): 	at com.koushikdutta.rommanager.as.c(Unknown Source)
W/System.err(  519): 	at com.koushikdutta.rommanager.as.a(Unknown Source)
W/System.err(  519): 	at com.koushikdutta.rommanager.DownloadService.b(Unknown Source)
W/System.err(  519): 	at com.koushikdutta.rommanager.DownloadService.onStartCommand(Unknown Source)
W/System.err(  519): 	at android.app.ActivityThread.handleServiceArgs(ActivityThread.java:2160)
W/System.err(  519): 	at android.app.ActivityThread.access$2800(ActivityThread.java:123)
W/System.err(  519): 	at android.app.ActivityThread$H.handleMessage(ActivityThread.java:1002)
W/System.err(  519): 	at android.os.Handler.dispatchMessage(Handler.java:99)
W/System.err(  519): 	at android.os.Looper.loop(Looper.java:130)
W/System.err(  519): 	at android.app.ActivityThread.main(ActivityThread.java:3835)
W/System.err(  519): 	at java.lang.reflect.Method.invokeNative(Native Method)
W/System.err(  519): 	at java.lang.reflect.Method.invoke(Method.java:507)
W/System.err(  519): 	at com.android.internal.os.ZygoteInit$MethodAndArgsCaller.run(ZygoteInit.java:864)
W/System.err(  519): 	at com.android.internal.os.ZygoteInit.main(ZygoteInit.java:622)
W/System.err(  519): 	at dalvik.system.NativeStart.main(Native Method)
I/ClockworkModBilling(  519): Refreshing Market purchases...
I/ClockworkBilling(  519): com.clockworkmod.billing.BillingReceiver.REFRESH_MARKET
W/ActivityManager(  235): Unable to start service Intent { act=com.android.vending.billing.MarketBillingService.BIND }: not found
D/szipinf (  579): Initializing inflate state
D/dalvikvm(  235): GC_CONCURRENT freed 183K, 48% free 4751K/8967K, external 600K/1200K, paused 3ms+3ms
D/szipinf (  579): Initializing inflate state
D/dalvikvm(  235): GC_FOR_MALLOC freed 171K, 48% free 4665K/8967K, external 600K/1200K, paused 43ms
I/ActivityThread(  579): Pub com.android.mms.SuggestionsProvider: com.android.mms.SuggestionsProvider
E/ActivityThread(  519): Service com.koushikdutta.rommanager.DownloadService has leaked IntentReceiver com.clockworkmod.billing.bh@4054e810 that was originally registered here. Are you missing a call to unregisterReceiver()?
E/ActivityThread(  519): android.app.IntentReceiverLeaked: Service com.koushikdutta.rommanager.DownloadService has leaked IntentReceiver com.clockworkmod.billing.bh@4054e810 that was originally registered here. Are you missing a call to unregisterReceiver()?
E/ActivityThread(  519): 	at android.app.LoadedApk$ReceiverDispatcher.<init>(LoadedApk.java:756)
E/ActivityThread(  519): 	at android.app.LoadedApk.getReceiverDispatcher(LoadedApk.java:551)
E/ActivityThread(  519): 	at android.app.ContextImpl.registerReceiverInternal(ContextImpl.java:823)
E/ActivityThread(  519): 	at android.app.ContextImpl.registerReceiver(ContextImpl.java:810)
E/ActivityThread(  519): 	at android.app.ContextImpl.registerReceiver(ContextImpl.java:804)
E/ActivityThread(  519): 	at android.content.ContextWrapper.registerReceiver(ContextWrapper.java:318)
E/ActivityThread(  519): 	at com.clockworkmod.billing.aa.a(Unknown Source)
E/ActivityThread(  519): 	at com.koushikdutta.rommanager.as.c(Unknown Source)
E/ActivityThread(  519): 	at com.koushikdutta.rommanager.as.a(Unknown Source)
E/ActivityThread(  519): 	at com.koushikdutta.rommanager.DownloadService.b(Unknown Source)
E/ActivityThread(  519): 	at com.koushikdutta.rommanager.DownloadService.onStartCommand(Unknown Source)
E/ActivityThread(  519): 	at android.app.ActivityThread.handleServiceArgs(ActivityThread.java:2160)
E/ActivityThread(  519): 	at android.app.ActivityThread.access$2800(ActivityThread.java:123)
E/ActivityThread(  519): 	at android.app.ActivityThread$H.handleMessage(ActivityThread.java:1002)
E/ActivityThread(  519): 	at android.os.Handler.dispatchMessage(Handler.java:99)
E/ActivityThread(  519): 	at android.os.Looper.loop(Looper.java:130)
E/ActivityThread(  519): 	at android.app.ActivityThread.main(ActivityThread.java:3835)
E/ActivityThread(  519): 	at java.lang.reflect.Method.invokeNative(Native Method)
E/ActivityThread(  519): 	at java.lang.reflect.Method.invoke(Method.java:507)
E/ActivityThread(  519): 	at com.android.internal.os.ZygoteInit$MethodAndArgsCaller.run(ZygoteInit.java:864)
E/ActivityThread(  519): 	at com.android.internal.os.ZygoteInit.main(ZygoteInit.java:622)
E/ActivityThread(  519): 	at dalvik.system.NativeStart.main(Native Method)
I/RecoverySystem(  235): Deleted: /cache/recovery/last_install
I/RecoverySystem(  235): Deleted: /cache/recovery/log
D/dalvikvm(  235): GC_FOR_MALLOC freed 241K, 50% free 4557K/8967K, external 600K/1200K, paused 39ms
W/Resources(  579): Converting to string: TypedValue{t=0x10/d=0x7d0 a=-1}
D/dalvikvm(  579): GC_EXTERNAL_ALLOC freed 69K, 50% free 2726K/5379K, external 0K/0K, paused 39ms
W/Resources(  579): Converting to string: TypedValue{t=0x10/d=0x12 a=-1}
W/Resources(  579): Converting to string: TypedValue{t=0x10/d=0x12 a=-1}
D/szipinf (  452): Initializing inflate state
D/szipinf (  452): Initializing inflate state
I/BootReceiver(  235): Copying /proc/last_kmsg to DropBox (SYSTEM_LAST_KMSG)
D/dalvikvm(  235): GC_FOR_MALLOC freed 299K, 48% free 4697K/8967K, external 600K/1200K, paused 36ms
D/szipinf (  452): Initializing inflate state
D/szipinf (  452): Initializing inflate state
D/szipinf (  452): Initializing inflate state
D/szipinf (  452): Initializing inflate state
D/szipinf (  452): Initializing inflate state
D/szipinf (  452): Initializing inflate state
D/szipinf (  452): Initializing inflate state
D/szipinf (  452): Initializing inflate state
D/szipinf (  452): Initializing inflate state
D/szipinf (  452): Initializing inflate state
D/szipinf (  452): Initializing inflate state
I/ActivityManager(  235): Start proc android.process.media for content provider com.android.providers.downloads/.DownloadProvider: pid=600 uid=10015 gids={1015, 2001, 3003}
D/AlarmManagerService(  235): Kernel timezone updated to 240 minutes west of GMT
D/SystemClock(  406): Setting time of day to sec=1351296168
D/szipinf (  600): Initializing inflate state
D/szipinf (  600): Initializing inflate state
D/szipinf (  235): Initializing inflate state
I/ActivityThread(  600): Pub media: com.android.providers.media.MediaProvider
V/MediaProvider(  600): Attached volume: internal
I/ActivityThread(  600): Pub downloads: com.android.providers.downloads.DownloadProvider
I/ActivityThread(  600): Pub drm: com.android.providers.drm.DrmProvider
I/ActivityManager(  235): Start proc com.android.email for broadcast com.android.email/.service.EmailBroadcastReceiver: pid=611 uid=10020 gids={3003, 1015}
I/DownloadManager(  600): Upgrading downloads database from version 0 to version 106, which will destroy all old data
D/dalvikvm(  140): GC_EXPLICIT freed 11K, 51% free 2664K/5379K, external 0K/0K, paused 134ms
D/szipinf (  611): Initializing inflate state
D/dalvikvm(  140): GC_EXPLICIT freed <1K, 51% free 2664K/5379K, external 0K/0K, paused 67ms
D/szipinf (  611): Initializing inflate state
I/ActivityThread(  611): Pub com.android.email.provider: com.android.email.provider.EmailProvider
I/ActivityThread(  611): Pub com.android.email.attachmentprovider: com.android.email.provider.AttachmentProvider
I/ActivityThread(  611): Pub com.android.exchange.provider: com.android.exchange.provider.ExchangeProvider
D/dalvikvm(  140): GC_EXPLICIT freed <1K, 51% free 2664K/5379K, external 0K/0K, paused 61ms
D/EAS SyncManager(  611): !!! EAS SyncManager, onCreate
I/ActivityManager(  235): Start proc com.android.providers.calendar for broadcast com.android.providers.calendar/.CalendarReceiver: pid=626 uid=10028 gids={3003}
D/EAS SyncManager(  611): !!! EAS SyncManager, onStartCommand
D/szipinf (  626): Initializing inflate state
D/Email   (  611): BOOT_COMPLETED
I/Email   (  611): Onetime initialization: 1
I/ActivityThread(  626): Pub com.android.calendar: com.android.providers.calendar.CalendarProvider2
D/MediaScannerService(  600): start scanning volume internal
D/EmailProvider(  611): Creating EmailProvider database
I/Email   (  611): Onetime initialization: completed.
I/ActivityManager(  235): Start proc com.cyanogenmod.stats for broadcast com.cyanogenmod.stats/.ReportingServiceManager: pid=637 uid=10033 gids={3003}
D/szipinf (  637): Initializing inflate state
D/dalvikvm(  611): GC_CONCURRENT freed 298K, 51% free 2811K/5639K, external 0K/0K, paused 2ms+2ms
D/Calendar(  626): missed alarms found: 0
D/CMStats (  637): BOOT_COMPLETED: Setting checkedin=false
I/ActivityManager(  235): Start proc com.android.bluetooth for broadcast com.android.bluetooth/.opp.BluetoothOppReceiver: pid=645 uid=10036 gids={3003, 3002, 3001, 1015}
D/EmailProvider(  611): Creating EmailProviderBody database
D/szipinf (  645): Initializing inflate state
D/szipinf (  645): Initializing inflate state
D/szipinf (  235): Initializing inflate state
I/ActivityThread(  645): Pub com.android.bluetooth.opp: com.android.bluetooth.opp.BluetoothOppProvider
D/dalvikvm(  235): GC_CONCURRENT freed 749K, 50% free 4499K/8967K, external 600K/1200K, paused 4ms+3ms
D/Calendar(  626): missed alarms found: 0
I/MediaProvider(  600): Upgrading media database from version 63 to 101, which will destroy all old data
D/EAS SyncManager(  611): !!! EAS SyncManager, stopping self
D/Eas Debug(  611): Logging: 
D/EAS SyncManager(  611): !!! EAS SyncManager, onDestroy
D/EAS SyncManager(  611): !!! EAS SyncManager, onCreate
D/EAS SyncManager(  611): !!! EAS SyncManager, onStartCommand
D/EAS SyncManager(  611): !!! EAS SyncManager, stopping self
D/EAS SyncManager(  611): !!! EAS SyncManager, onStartCommand
D/EAS SyncManager(  611): !!! EAS SyncManager, stopping self
D/EAS SyncManager(  611): !!! EAS SyncManager, onDestroy
D/SystemClock(  406): Setting time of day to sec=1351296171
I//system/bin/fsck_msdos(  143): ** Phase 4 - Checking for Lost Files
I//system/bin/fsck_msdos(  143): 6298 files, 379808 free (11869 clusters)
I/Vold    (  143): Filesystem check completed OK
E/MetadataRetrieverClient(  141): failed to extract an album art
I/Vold    (  143): Filesystem type is: VFAT
I/Vold    (  143): Device /dev/block/vold/179:15, target /mnt/sdcard mounted @ /mnt/secure/staging
I/PackageManager(  235): Updating external media status from unmounted to mounted
D/Vold    (  143): Volume emmc state changing 3 (Checking) -> 4 (Mounted)
I/StorageNotification(  393): Media {/mnt/sdcard} state changed from {checking} -> {mounted}
D/VoldCmdListener(  143): volume mount /mnt/sdcard/_ExternalSD
I/Vold    (  143): /dev/block/vold/179:33 being considered for volume sdcard
D/Vold    (  143): Volume sdcard state changing 1 (Idle-Unmounted) -> 3 (Checking)
I/StorageNotification(  393): Media {/mnt/sdcard/_ExternalSD} state changed from {unmounted} -> {checking}
I//system/bin/fsck_msdos(  143): ** /dev/block/vold/179:33
I//system/bin/fsck_msdos(  143): ** Phase 1 - Read and Compare FATs
I//system/bin/fsck_msdos(  143): Attempting to allocate 3803 KB for FAT
I/ActivityManager(  235): Start proc com.cooliris.media for broadcast com.cooliris.media/com.cooliris.cache.BootReceiver: pid=663 uid=10018 gids={1015, 3003}
D/szipinf (  663): Initializing inflate state
I/ActivityThread(  663): Pub com.cooliris.picasa.contentprovider: com.cooliris.picasa.PicasaContentProvider
D/szipinf (  663): Initializing inflate state
I//system/bin/fsck_msdos(  143): Attempting to allocate 3803 KB for FAT
W/BackupManagerService(  235): dataChanged but no participant pkg='com.android.providers.settings' uid=10015
I/BootReceiver(  663): Got intent with action android.intent.action.MEDIA_MOUNTED
I/CPUSettings(  480): Restore disabled by user preference.
E/MetadataRetrieverClient(  141): failed to extract an album art
I//system/bin/fsck_msdos(  143): ** Phase 2 - Check Cluster Chains
I//system/bin/fsck_msdos(  143): ** Phase 3 - Checking Directories
D/dalvikvm(  600): GC_CONCURRENT freed 250K, 49% free 2852K/5575K, external 0K/0K, paused 2ms+2ms
E/MetadataRetrieverClient(  141): failed to extract an album art
E/MetadataRetrieverClient(  141): failed to extract an album art
W/KeyCharacterMap(  451): Can't open keycharmap file
W/KeyCharacterMap(  451): Error loading keycharmap file '/system/usr/keychars/touch_mcs8000.kcm.bin'. hw.keyboards.65538.devname='touch_mcs8000'
W/KeyCharacterMap(  451): Using default keymap: /system/usr/keychars/qwerty.kcm.bin
D/szipinf (  451): Initializing inflate state
I/ARMAssembler(  235): generated scanline__00000077:03515101_00001001_00000000 [ 78 ipp] (98 ins) at [0x484bc3a0:0x484bc528] in 91552 ns
I/ARMAssembler(  235): generated scanline__00000077:03515101_00000001_00000000 [ 60 ipp] (79 ins) at [0x484bc530:0x484bc66c] in 91553 ns
E/MetadataRetrieverClient(  141): failed to extract an album art
D/dalvikvm(  235): GC_CONCURRENT freed 455K, 50% free 4530K/8967K, external 600K/1200K, paused 3ms+4ms
D/szipinf (  235): Initializing inflate state
I/ActivityManager(  235): Starting: Intent { act=android.settings.SETTINGS flg=0x10200000 cmp=com.android.settings/.Settings } from pid 451
W/BackupManagerService(  235): dataChanged but no participant pkg='com.android.providers.settings' uid=10015
I/UsageStats(  235): No package stats for pkg:com.android.launcher
I/ARMAssembler(  235): generated scanline__00000077:03515101_00001002_00000000 [ 74 ipp] (94 ins) at [0x484bc670:0x484bc7e8] in 122070 ns
D/dalvikvm(  491): GC_EXTERNAL_ALLOC freed 74K, 49% free 2781K/5379K, external 0K/0K, paused 170ms
D/ViewConsistency(  491): AbsListView android.widget.ListView@405370e0 enabled= true
D/ViewConsistency(  491): AbsListView android.widget.ListView@405370e0 enabled= true
I/ActivityManager(  235): Displayed com.android.settings/.Settings: +717ms
E/msm7x30.gralloc(  235): [unregister] handle 0x240670 still locked (state=40000001)
E/MetadataRetrieverClient(  141): failed to extract an album art
E/MetadataRetrieverClient(  141): failed to extract an album art
E/MetadataRetrieverClient(  141): failed to extract an album art
D/dalvikvm(  600): GC_CONCURRENT freed 405K, 51% free 2888K/5831K, external 0K/0K, paused 1ms+3ms
E/MetadataRetrieverClient(  141): failed to extract an album art
I/ActivityManager(  235): Starting: Intent { act=android.intent.action.MAIN cmp=com.android.settings/.WirelessSettings } from pid 491
D/ViewConsistency(  491): AbsListView android.widget.ListView@40555048 enabled= true
D/ViewConsistency(  491): AbsListView android.widget.ListView@40555048 enabled= true
V/NFC     (  491): this device does not have NFC support
I/ActivityManager(  235): Displayed com.android.settings/.WirelessSettings: +368ms
E/MetadataRetrieverClient(  141): failed to extract an album art
D/dalvikvm(  393): GC_CONCURRENT freed 265K, 49% free 3023K/5831K, external 546K/996K, paused 2ms+3ms
D/dalvikvm(  491): GC_CONCURRENT freed 103K, 47% free 2990K/5575K, external 392K/543K, paused 2ms+2ms
D/SettingsAppWidgetProvider(  491): Widget is from a previous version... Let's update
D/SettingsAppWidgetProvider(  491): No instances yet... Wait for at least one instance to exist before adding global settings
I/dun_service(  154): The value returned from dun_getusbmodemstate_fromsys is 1 
I/dun_service(  154): Post event 1
I/dun_service(  154): received event: DUN_EVENT_USB_UNPLUG 
I/dun_service(  154): received event(DUN_EVENT_USB_UNPLUG) in state(DUN_STATE_USB_UNPLUG)
I/dun_service(  154): Ignoring the event DUN_EVENT_USB_UNPLUG in USB_UNPLUG_STATE
I/dun_service(  154): Moved to state(DUN_STATE_USB_UNPLUG)
I/dun_service(  154): The value returned from dun_getusbmodemstate_fromsys is 1 
I/dun_service(  154): Post event 1
I/dun_service(  154): received event: DUN_EVENT_USB_UNPLUG 
I/dun_service(  154): received event(DUN_EVENT_USB_UNPLUG) in state(DUN_STATE_USB_UNPLUG)
I/dun_service(  154): Ignoring the event DUN_EVENT_USB_UNPLUG in USB_UNPLUG_STATE
I/dun_service(  154): Moved to state(DUN_STATE_USB_UNPLUG)
E/MetadataRetrieverClient(  141): failed to extract an album art
I/dun_service(  154): The value returned from dun_getusbmodemstate_fromsys is 1 
I/dun_service(  154): Post event 1
I/dun_service(  154): received event: DUN_EVENT_USB_UNPLUG 
I/dun_service(  154): received event(DUN_EVENT_USB_UNPLUG) in state(DUN_STATE_USB_UNPLUG)
I/dun_service(  154): Ignoring the event DUN_EVENT_USB_UNPLUG in USB_UNPLUG_STATE
I/dun_service(  154): Moved to state(DUN_STATE_USB_UNPLUG)
I/dun_service(  154): The value returned from dun_getusbmodemstate_fromsys is 1 
I/dun_service(  154): Post event 1
I/dun_service(  154): The value returned from dun_getusbmodemstate_fromsys is 1 
I/dun_service(  154): Post event 1
I/dun_service(  154): received event: DUN_EVENT_USB_UNPLUG 
I/dun_service(  154): received event(DUN_EVENT_USB_UNPLUG) in state(DUN_STATE_USB_UNPLUG)
I/dun_service(  154): Ignoring the event DUN_EVENT_USB_UNPLUG in USB_UNPLUG_STATE
I/dun_service(  154): Moved to state(DUN_STATE_USB_UNPLUG)
I/dun_service(  154): received event: DUN_EVENT_USB_UNPLUG 
I/dun_service(  154): received event(DUN_EVENT_USB_UNPLUG) in state(DUN_STATE_USB_UNPLUG)
I/dun_service(  154): Ignoring the event DUN_EVENT_USB_UNPLUG in USB_UNPLUG_STATE
I/dun_service(  154): Moved to state(DUN_STATE_USB_UNPLUG)
I/dun_service(  154): The value returned from dun_getusbmodemstate_fromsys is 1 
I/dun_service(  154): Post event 1
I/dun_service(  154): received event: DUN_EVENT_USB_UNPLUG 
I/dun_service(  154): received event(DUN_EVENT_USB_UNPLUG) in state(DUN_STATE_USB_UNPLUG)
I/dun_service(  154): Ignoring the event DUN_EVENT_USB_UNPLUG in USB_UNPLUG_STATE
I/dun_service(  154): Moved to state(DUN_STATE_USB_UNPLUG)
I/dun_service(  154): The value returned from dun_getusbmodemstate_fromsys is 1 
I/dun_service(  154): Post event 1
I/dun_service(  154): received event: DUN_EVENT_USB_UNPLUG 
I/dun_service(  154): received event(DUN_EVENT_USB_UNPLUG) in state(DUN_STATE_USB_UNPLUG)
I/dun_service(  154): Ignoring the event DUN_EVENT_USB_UNPLUG in USB_UNPLUG_STATE
I/dun_service(  154): Moved to state(DUN_STATE_USB_UNPLUG)
I/dun_service(  154): The value returned from dun_getusbmodemstate_fromsys is 1 
I/dun_service(  154): Post event 1
I/dun_service(  154): received event: DUN_EVENT_USB_UNPLUG 
I/dun_service(  154): received event(DUN_EVENT_USB_UNPLUG) in state(DUN_STATE_USB_UNPLUG)
I/dun_service(  154): Ignoring the event DUN_EVENT_USB_UNPLUG in USB_UNPLUG_STATE
I/dun_service(  154): Moved to state(DUN_STATE_USB_UNPLUG)
I/dun_service(  154): The value returned from dun_getusbmodemstate_fromsys is 1 
I/dun_service(  154): Post event 1
I/dun_service(  154): received event: DUN_EVENT_USB_UNPLUG 
I/dun_service(  154): received event(DUN_EVENT_USB_UNPLUG) in state(DUN_STATE_USB_UNPLUG)
I/dun_service(  154): Ignoring the event DUN_EVENT_USB_UNPLUG in USB_UNPLUG_STATE
I/dun_service(  154): Moved to state(DUN_STATE_USB_UNPLUG)
I/dun_service(  154): The value returned from dun_getusbmodemstate_fromsys is 1 
I/dun_service(  154): Post event 1
I/dun_service(  154): received event: DUN_EVENT_USB_UNPLUG 
I/dun_service(  154): received event(DUN_EVENT_USB_UNPLUG) in state(DUN_STATE_USB_UNPLUG)
I/dun_service(  154): Ignoring the event DUN_EVENT_USB_UNPLUG in USB_UNPLUG_STATE
I/dun_service(  154): Moved to state(DUN_STATE_USB_UNPLUG)
I/dun_service(  154): The value returned from dun_getusbmodemstate_fromsys is 1 
I/dun_service(  154): Post event 1
I/dun_service(  154): received event: DUN_EVENT_USB_UNPLUG 
I/dun_service(  154): received event(DUN_EVENT_USB_UNPLUG) in state(DUN_STATE_USB_UNPLUG)
I/dun_service(  154): Ignoring the event DUN_EVENT_USB_UNPLUG in USB_UNPLUG_STATE
I/dun_service(  154): Moved to state(DUN_STATE_USB_UNPLUG)
D/dalvikvm(  600): GC_CONCURRENT freed 430K, 51% free 2858K/5831K, external 0K/0K, paused 2ms+2ms
W/BackupManagerService(  235): dataChanged but no participant pkg='com.android.providers.settings' uid=10015
I//system/bin/fsck_msdos(  143): ** Phase 4 - Checking for Lost Files
I//system/bin/fsck_msdos(  143): 16236 files, 1365376 free (304812 clusters)
I/Vold    (  143): Filesystem check completed OK
I/Vold    (  143): Filesystem type is: VFAT
I/Vold    (  143): Device /dev/block/vold/179:33, target /mnt/sdcard/_ExternalSD mounted @ /mnt/secure/staging
I/Vold    (  143): Skipping bindmounts for alternate volume (/mnt/sdcard/_ExternalSD)
D/Vold    (  143): Volume sdcard state changing 3 (Checking) -> 4 (Mounted)
I/StorageNotification(  393): Media {/mnt/sdcard/_ExternalSD} state changed from {checking} -> {mounted}
I/BootReceiver(  663): Got intent with action android.intent.action.MEDIA_MOUNTED
D/VoldCmdListener(  143): asec list
I/PackageManager(  235): No secure containers on sdcard
I/PackageManager(  235): Platform changed from 0 to 10; regranting permissions for external storage
W/PackageManager(  235): Unknown permission com.google.android.googleapps.permission.GOOGLE_AUTH.mail in package com.android.contacts
E/MetadataRetrieverClient(  141): failed to extract an album art
W/PackageManager(  235): Unknown permission com.google.android.googleapps.permission.GOOGLE_AUTH in package com.android.providers.calendar
W/PackageManager(  235): Unknown permission com.google.android.googleapps.permission.GOOGLE_AUTH.cl in package com.android.providers.calendar
W/PackageManager(  235): Unknown permission com.google.android.googleapps.permission.GOOGLE_AUTH.mail in package com.android.calendar
W/PackageManager(  235): Not granting permission android.permission.SEND_DOWNLOAD_COMPLETED_INTENTS to package com.android.browser (protectionLevel=2 flags=0x9be45)
W/PackageManager(  235): Unknown permission com.google.android.c2dm.permission.RECEIVE in package com.koushikdutta.rommanager
W/PackageManager(  235): Unknown permission com.android.vending.BILLING in package com.koushikdutta.rommanager
W/PackageManager(  235): Unknown permission com.google.android.googleapps.permission.GOOGLE_AUTH in package com.android.providers.contacts
W/PackageManager(  235): Unknown permission com.google.android.googleapps.permission.GOOGLE_AUTH.cp in package com.android.providers.contacts
W/PackageManager(  235): Unknown permission com.google.android.gm.permission.WRITE_GMAIL in package com.android.settings
W/PackageManager(  235): Unknown permission com.google.android.gm.permission.READ_GMAIL in package com.android.settings
W/PackageManager(  235): Unknown permission com.google.android.googleapps.permission.GOOGLE_AUTH in package com.android.settings
W/PackageManager(  235): Unknown permission com.google.android.c2dm.permission.RECEIVE in package com.cyanogenmod.updatenotify
W/PackageManager(  235): Unknown permission com.google.android.googleapps.permission.ACCESS_GOOGLE_PASSWORD in package com.android.development
W/PackageManager(  235): Unknown permission com.google.android.googleapps.permission.GOOGLE_AUTH in package com.android.development
W/PackageManager(  235): Unknown permission com.google.android.googleapps.permission.GOOGLE_AUTH.ALL_SERVICES in package com.android.development
W/PackageManager(  235): Unknown permission com.google.android.googleapps.permission.GOOGLE_AUTH.YouTubeUser in package com.android.development
W/PackageManager(  235): Unknown permission android.permission.READ_OWNER_DATA in package com.android.email
W/PackageManager(  235): Not granting permission android.permission.DEVICE_POWER to package com.android.deskclock (protectionLevel=2 flags=0x8be45)
D/szipinf (  235): Initializing inflate state
D/VoiceDialerReceiver(  454): onReceive Intent { act=android.intent.action.PACKAGE_CHANGED dat=package:com.android.email flg=0x10000000 cmp=com.android.voicedialer/.VoiceDialerReceiver (has extras) }
V/RecognizerEngine(  454): deleteCachedGrammarFiles /data/data/com.android.voicedialer/files/openentries.txt
D/szipinf (  235): Initializing inflate state
D/HomeLoaders(  451): application intent received: android.intent.action.PACKAGE_CHANGED, replacing=false
D/HomeLoaders(  451):   --> package:com.android.email
D/HomeLoaders(  451):   --> sync package com.android.email
I/dun_service(  154): The value returned from dun_getusbmodemstate_fromsys is 1 
I/dun_service(  154): Post event 1
I/dun_service(  154): received event: DUN_EVENT_USB_UNPLUG 
I/dun_service(  154): received event(DUN_EVENT_USB_UNPLUG) in state(DUN_STATE_USB_UNPLUG)
I/dun_service(  154): Ignoring the event DUN_EVENT_USB_UNPLUG in USB_UNPLUG_STATE
I/dun_service(  154): Moved to state(DUN_STATE_USB_UNPLUG)
I/dun_service(  154): The value returned from dun_getusbmodemstate_fromsys is 1 
I/dun_service(  154): Post event 1
I/dun_service(  154): The value returned from dun_getusbmodemstate_fromsys is 1 
I/dun_service(  154): Post event 1
I/dun_service(  154): received event: DUN_EVENT_USB_UNPLUG 
I/dun_service(  154): received event(DUN_EVENT_USB_UNPLUG) in state(DUN_STATE_USB_UNPLUG)
I/dun_service(  154): Ignoring the event DUN_EVENT_USB_UNPLUG in USB_UNPLUG_STATE
I/dun_service(  154): Moved to state(DUN_STATE_USB_UNPLUG)
I/dun_service(  154): received event: DUN_EVENT_USB_UNPLUG 
I/dun_service(  154): received event(DUN_EVENT_USB_UNPLUG) in state(DUN_STATE_USB_UNPLUG)
I/dun_service(  154): Ignoring the event DUN_EVENT_USB_UNPLUG in USB_UNPLUG_STATE
I/dun_service(  154): Moved to state(DUN_STATE_USB_UNPLUG)
I/dun_service(  154): The value returned from dun_getusbmodemstate_fromsys is 1 
I/dun_service(  154): Post event 1
I/dun_service(  154): received event: DUN_EVENT_USB_UNPLUG 
I/dun_service(  154): received event(DUN_EVENT_USB_UNPLUG) in state(DUN_STATE_USB_UNPLUG)
I/dun_service(  154): Ignoring the event DUN_EVENT_USB_UNPLUG in USB_UNPLUG_STATE
I/dun_service(  154): Moved to state(DUN_STATE_USB_UNPLUG)
I/dun_service(  154): The value returned from dun_getusbmodemstate_fromsys is 1 
I/dun_service(  154): Post event 1
I/dun_service(  154): process rmnet event
I/dun_service(  154): Post event 3
I/dun_service(  154): received event: DUN_EVENT_USB_UNPLUG 
I/dun_service(  154): received event(DUN_EVENT_USB_UNPLUG) in state(DUN_STATE_USB_UNPLUG)
I/dun_service(  154): Ignoring the event DUN_EVENT_USB_UNPLUG in USB_UNPLUG_STATE
I/dun_service(  154): Moved to state(DUN_STATE_USB_UNPLUG)
I/dun_service(  154): received event: DUN_EVENT_RMNET_DOWN 
I/dun_service(  154): received event(DUN_EVENT_RMNET_DOWN) in state(DUN_STATE_USB_UNPLUG)
I/dun_service(  154): Ignoring the event DUN_EVENT_RMNET_DOWN in USB_UNPLUG_STATE
I/dun_service(  154): Moved to state(DUN_STATE_USB_UNPLUG)
D/Tethering(  235): wlan0 is not a tetherable iface, ignoring
E/WifiHW  (  235): Unable to open connection to supplicant on "/data/system/wpa_supplicant/wlan0": No such file or directory
D/SettingsAppWidgetProvider(  491): Widget is from a previous version... Let's update
D/SettingsAppWidgetProvider(  491): No instances yet... Wait for at least one instance to exist before adding global settings
I/dun_service(  154): process rmnet event
I/dun_service(  154): Post event 3
I/dun_service(  154): received event: DUN_EVENT_RMNET_DOWN 
I/dun_service(  154): received event(DUN_EVENT_RMNET_DOWN) in state(DUN_STATE_USB_UNPLUG)
I/dun_service(  154): Ignoring the event DUN_EVENT_RMNET_DOWN in USB_UNPLUG_STATE
I/dun_service(  154): Moved to state(DUN_STATE_USB_UNPLUG)
D/wifi    (  235): wifi doCommand: ret=-1
W/GpsLocationProvider(  235): Failed to enable location provider
D/dalvikvm(  235): GC_CONCURRENT freed 459K, 49% free 4574K/8967K, external 631K/1200K, paused 4ms+5ms
E/MetadataRetrieverClient(  141): failed to extract an album art
E/MetadataRetrieverClient(  141): failed to extract an album art
E/MetadataRetrieverClient(  141): failed to extract an album art
E/MetadataRetrieverClient(  141): failed to extract an album art
D/MediaScanner(  600):  prescan time: 1188ms
D/MediaScanner(  600):     scan time: 12154ms
D/MediaScanner(  600): postscan time: 2ms
D/MediaScanner(  600):    total time: 13344ms
I/BootReceiver(  663): Got intent with action android.intent.action.MEDIA_SCANNER_FINISHED
D/MediaScannerService(  600): done scanning volume internal
D/MediaScannerService(  600): start scanning volume external
V/MediaProvider(  600): /mnt/sdcard volume ID: -12974147
I/dun_service(  154): process rmnet event
I/dun_service(  154): Post event 3
I/dun_service(  154): received event: DUN_EVENT_RMNET_DOWN 
I/dun_service(  154): received event(DUN_EVENT_RMNET_DOWN) in state(DUN_STATE_USB_UNPLUG)
I/dun_service(  154): Ignoring the event DUN_EVENT_RMNET_DOWN in USB_UNPLUG_STATE
I/dun_service(  154): Moved to state(DUN_STATE_USB_UNPLUG)
D/dalvikvm(  600): GC_CONCURRENT freed 424K, 51% free 2891K/5831K, external 0K/0K, paused 2ms+3ms
I/wpa_supplicant(  691): CTRL-EVENT-STATE-CHANGE id=-1 state=2 BSSID=00:00:00:00:00:00
I/MediaProvider(  600): Upgrading media database from version 63 to 101, which will destroy all old data
V/MediaProvider(  600): deleting obsolete album art /mnt/sdcard/Android/data/com.android.providers.media/albumthumbs/1351289919108
V/MediaProvider(  600): deleting obsolete album art /mnt/sdcard/Android/data/com.android.providers.media/albumthumbs/1351289912419
V/MediaProvider(  600): deleting obsolete album art /mnt/sdcard/Android/data/com.android.providers.media/albumthumbs/1351289868160
V/MediaProvider(  600): deleting obsolete album art /mnt/sdcard/Android/data/com.android.providers.media/albumthumbs/1351289788966
V/MediaProvider(  600): deleting obsolete album art /mnt/sdcard/Android/data/com.android.providers.media/albumthumbs/1351289896999
V/MediaProvider(  600): deleting obsolete album art /mnt/sdcard/Android/data/com.android.providers.media/albumthumbs/1351289882923
V/MediaProvider(  600): deleting obsolete album art /mnt/sdcard/Android/data/com.android.providers.media/albumthumbs/1351289877663
V/MediaProvider(  600): deleting obsolete album art /mnt/sdcard/Android/data/com.android.providers.media/albumthumbs/1351289854291
V/MediaProvider(  600): deleting obsolete album art /mnt/sdcard/Android/data/com.android.providers.media/albumthumbs/1351289918721
